Component: ARM Compiler 5.06 update 6 (build 750) Tool: armlink [4d35ed]

==============================================================================

Section Cross References

    ad5940_temperature.o(i.AD5940PlatformCfg) refers to ad5940.o(i.AD5940_Initialize) for AD5940_Initialize
    ad5940_temperature.o(i.AD5940PlatformCfg) refers to ad5940.o(i.AD5940_CLKCfg) for AD5940_CLKCfg
    ad5940_temperature.o(i.AD5940PlatformCfg) refers to ad5940.o(i.AD5940_FIFOCfg) for AD5940_FIFOCfg
    ad5940_temperature.o(i.AD5940PlatformCfg) refers to ad5940.o(i.AD5940_SEQCfg) for AD5940_SEQCfg
    ad5940_temperature.o(i.AD5940PlatformCfg) refers to ad5940.o(i.AD5940_INTCCfg) for AD5940_INTCCfg
    ad5940_temperature.o(i.AD5940PlatformCfg) refers to ad5940.o(i.AD5940_INTCClrFlag) for AD5940_INTCClrFlag
    ad5940_temperature.o(i.AD5940PlatformCfg) refers to ad5940.o(i.AD5940_AGPIOCfg) for AD5940_AGPIOCfg
    ad5940_temperature.o(i.AD5940PlatformCfg) refers to ad5940.o(i.AD5940_SleepKeyCtrlS) for AD5940_SleepKeyCtrlS
    ad5940_temperature.o(i.AD5940_Main) refers to _printf_pad.o(.text) for _printf_pre_padding
    ad5940_temperature.o(i.AD5940_Main) refers to _printf_percent.o(.ARM.Collect$$_printf_percent$$00000000) for _printf_percent
    ad5940_temperature.o(i.AD5940_Main) refers to _printf_x.o(.ARM.Collect$$_printf_percent$$0000000C) for _printf_x
    ad5940_temperature.o(i.AD5940_Main) refers to _printf_hex_int.o(.text) for _printf_longlong_hex
    ad5940_temperature.o(i.AD5940_Main) refers to ad5940_temperature.o(i.AD5940PlatformCfg) for AD5940PlatformCfg
    ad5940_temperature.o(i.AD5940_Main) refers to ad5940.o(i.AD5940_ReadReg) for AD5940_ReadReg
    ad5940_temperature.o(i.AD5940_Main) refers to noretval__2printf.o(.text) for __2printf
    ad5940_temperature.o(i.AD5940_Main) refers to ad5940_temperature.o(i.AD5940_TemperatureInit) for AD5940_TemperatureInit
    ad5940_temperature.o(i.AD5940_Main) refers to ad5940.o(i.AD5940_WUPTCtrl) for AD5940_WUPTCtrl
    ad5940_temperature.o(i.AD5940_Main) refers to aducm355port.o(i.AD5940_GetMCUIntFlag) for AD5940_GetMCUIntFlag
    ad5940_temperature.o(i.AD5940_Main) refers to aducm355port.o(i.AD5940_ClrMCUIntFlag) for AD5940_ClrMCUIntFlag
    ad5940_temperature.o(i.AD5940_Main) refers to ad5940_temperature.o(i.AD5940_TemperatureISR) for AD5940_TemperatureISR
    ad5940_temperature.o(i.AD5940_Main) refers to ad5940_temperature.o(i.AD5940_PrintResult) for AD5940_PrintResult
    ad5940_temperature.o(i.AD5940_PrintResult) refers to _printf_percent.o(.ARM.Collect$$_printf_percent$$00000000) for _printf_percent
    ad5940_temperature.o(i.AD5940_PrintResult) refers to _printf_d.o(.ARM.Collect$$_printf_percent$$00000009) for _printf_d
    ad5940_temperature.o(i.AD5940_PrintResult) refers to _printf_f.o(.ARM.Collect$$_printf_percent$$00000003) for _printf_f
    ad5940_temperature.o(i.AD5940_PrintResult) refers to _printf_dec.o(.text) for _printf_int_dec
    ad5940_temperature.o(i.AD5940_PrintResult) refers to printf1.o(x$fpl$printf1) for _printf_fp_dec
    ad5940_temperature.o(i.AD5940_PrintResult) refers to fflt_clz.o(x$fpl$fflt) for __aeabi_i2f
    ad5940_temperature.o(i.AD5940_PrintResult) refers to fdiv.o(x$fpl$fdiv) for __aeabi_fdiv
    ad5940_temperature.o(i.AD5940_PrintResult) refers to faddsub_clz.o(x$fpl$fsub) for __aeabi_fsub
    ad5940_temperature.o(i.AD5940_PrintResult) refers to f2d.o(x$fpl$f2d) for __aeabi_f2d
    ad5940_temperature.o(i.AD5940_PrintResult) refers to noretval__2printf.o(.text) for __2printf
    ad5940_temperature.o(i.AD5940_PrintResult) refers to ad5940_temperature.o(.bss) for buff
    ad5940_temperature.o(i.AD5940_PrintResult) refers to ad5940_temperature.o(.data) for data_count
    ad5940_temperature.o(i.AD5940_TemperatureISR) refers to ad5940.o(i.AD5940_WakeUp) for AD5940_WakeUp
    ad5940_temperature.o(i.AD5940_TemperatureISR) refers to noretval__2printf.o(.text) for __2printf
    ad5940_temperature.o(i.AD5940_TemperatureISR) refers to ad5940.o(i.AD5940_SleepKeyCtrlS) for AD5940_SleepKeyCtrlS
    ad5940_temperature.o(i.AD5940_TemperatureISR) refers to ad5940.o(i.AD5940_INTCGetFlag) for AD5940_INTCGetFlag
    ad5940_temperature.o(i.AD5940_TemperatureISR) refers to ad5940.o(i.AD5940_FIFOGetCnt) for AD5940_FIFOGetCnt
    ad5940_temperature.o(i.AD5940_TemperatureISR) refers to ad5940.o(i.AD5940_FIFORd) for AD5940_FIFORd
    ad5940_temperature.o(i.AD5940_TemperatureISR) refers to ad5940.o(i.AD5940_INTCClrFlag) for AD5940_INTCClrFlag
    ad5940_temperature.o(i.AD5940_TemperatureISR) refers to ad5940.o(i.AD5940_EnterSleepS) for AD5940_EnterSleepS
    ad5940_temperature.o(i.AD5940_TemperatureISR) refers to ad5940_temperature.o(.data) for data_count
    ad5940_temperature.o(i.AD5940_TemperatureISR) refers to ad5940_temperature.o(.bss) for buff
    ad5940_temperature.o(i.AD5940_TemperatureInit) refers to ad5940.o(i.AD5940_ClksCalculate) for AD5940_ClksCalculate
[...]
    ../fplib/drleqf.s                        0x00000000   Number         0  drleqf.o ABSOLUTE
    ../fplib/dsqrt.s                         0x00000000   Number         0  dsqrt_noumaal.o ABSOLUTE
    ../fplib/f2d.s                           0x00000000   Number         0  f2d.o ABSOLUTE
    ../fplib/faddsub.s                       0x00000000   Number         0  faddsub_clz.o ABSOLUTE
    ../fplib/fcmpi.s                         0x00000000   Number         0  fcmpi.o ABSOLUTE
    ../fplib/fdiv.s                          0x00000000   Number         0  fdiv.o ABSOLUTE
    ../fplib/feqf.s                          0x00000000   Number         0  feqf.o ABSOLUTE
    ../fplib/ffix.s                          0x00000000   Number         0  ffix.o ABSOLUTE
    ../fplib/ffixu.s                         0x00000000   Number         0  ffixu.o ABSOLUTE
    ../fplib/fflt.s                          0x00000000   Number         0  fflt_clz.o ABSOLUTE
    ../fplib/ffltll.s                        0x00000000   Number         0  ffltll_clz.o ABSOLUTE
    ../fplib/fleqf.s                         0x00000000   Number         0  fleqf.o ABSOLUTE
    ../fplib/fmul.s                          0x00000000   Number         0  fmul.o ABSOLUTE
    ../fplib/fnaninf.s                       0x00000000   Number         0  fnaninf.o ABSOLUTE
    ../fplib/fpinit.s                        0x00000000   Number         0  fpinit.o ABSOLUTE
    ../fplib/fretinf.s                       0x00000000   Number         0  fretinf.o ABSOLUTE
    ../fplib/frleqf.s                        0x00000000   Number         0  frleqf.o ABSOLUTE
    ../fplib/istatus.s                       0x00000000   Number         0  istatus.o ABSOLUTE
    ../fplib/printf1.s                       0x00000000   Number         0  printf1.o ABSOLUTE
    ../fplib/retnan.s                        0x00000000   Number         0  retnan.o ABSOLUTE
    ../fplib/scalbn.s                        0x00000000   Number         0  scalbn.o ABSOLUTE
    ../fplib/trapv.s                         0x00000000   Number         0  trapv.o ABSOLUTE
    ../fplib/usenofp.s                       0x00000000   Number         0  usenofp.o ABSOLUTE
    ../mathlib/atan.c                        0x00000000   Number         0  atan_x.o ABSOLUTE
    ../mathlib/atan.c                        0x00000000   Number         0  atan.o ABSOLUTE
    ../mathlib/atan2.c                       0x00000000   Number         0  atan2_x.o ABSOLUTE
    ../mathlib/atan2.c                       0x00000000   Number         0  atan2.o ABSOLUTE
    ../mathlib/dunder.c                      0x00000000   Number         0  dunder.o ABSOLUTE
    ../mathlib/fpclassify.c                  0x00000000   Number         0  fpclassify.o ABSOLUTE
    ../mathlib/log.c                         0x00000000   Number         0  log.o ABSOLUTE
    ../mathlib/log.c                         0x00000000   Number         0  log_x.o ABSOLUTE
    ../mathlib/log10.c                       0x00000000   Number         0  log10_x.o ABSOLUTE
    ../mathlib/log10.c                       0x00000000   Number         0  log10.o ABSOLUTE
    ../mathlib/poly.c                        0x00000000   Number         0  poly.o ABSOLUTE
    ../mathlib/pow.c                         0x00000000   Number         0  pow_x.o ABSOLUTE
    ../mathlib/pow.c                         0x00000000   Number         0  pow.o ABSOLUTE
    ../mathlib/qnan.c                        0x00000000   Number         0  qnan.o ABSOLUTE
    ../mathlib/sqrt.c                        0x00000000   Number         0  sqrt_x.o ABSOLUTE
    ../mathlib/sqrt.c                        0x00000000   Number         0  sqrt.o ABSOLUTE
    ..\AD5940_Temperature.c                  0x00000000   Number         0  ad5940_temperature.o ABSOLUTE
    ..\\main.c                               0x00000000   Number         0  main.o ABSOLUTE
    ..\main.c                                0x00000000   Number         0  main.o ABSOLUTE
    C:\Users\trent\AppData\Local\Arm\Packs\AnalogDevices\ADuCM355_DFP\1.0.3\ADuCM355\common\ADuCM355Port.c 0x00000000   Number         0  aducm355port.o ABSOLUTE
    C:\Users\trent\AppData\Local\Arm\Packs\AnalogDevices\ADuCM355_DFP\1.0.3\ADuCM355\common\ARM\retarget.c 0x00000000   Number         0  retarget.o ABSOLUTE
    C:\Users\trent\AppData\Local\Arm\Packs\AnalogDevices\ADuCM355_DFP\1.0.3\ADuCM355\common\ClkLib.c 0x00000000   Number         0  clklib.o ABSOLUTE
    C:\Users\trent\AppData\Local\Arm\Packs\AnalogDevices\ADuCM355_DFP\1.0.3\ADuCM355\common\DioLib.c 0x00000000   Number         0  diolib.o ABSOLUTE
    C:\Users\trent\AppData\Local\Arm\Packs\AnalogDevices\ADuCM355_DFP\1.0.3\ADuCM355\common\GptLib.c 0x00000000   Number         0  gptlib.o ABSOLUTE
    C:\Users\trent\AppData\Local\Arm\Packs\AnalogDevices\ADuCM355_DFP\1.0.3\ADuCM355\common\IntLib.c 0x00000000   Number         0  intlib.o ABSOLUTE
    C:\Users\trent\AppData\Local\Arm\Packs\AnalogDevices\ADuCM355_DFP\1.0.3\ADuCM355\common\PwrLib.c 0x00000000   Number         0  pwrlib.o ABSOLUTE
    C:\Users\trent\AppData\Local\Arm\Packs\AnalogDevices\ADuCM355_DFP\1.0.3\ADuCM355\common\UrtLib.c 0x00000000   Number         0  urtlib.o ABSOLUTE
    C:\Users\trent\AppData\Local\Arm\Packs\AnalogDevices\ADuCM355_DFP\1.0.3\ADuCM355\common\ad5940lib\ad5940.c 0x00000000   Number         0  ad5940.o ABSOLUTE
    C:\\Users\\trent\\AppData\\Local\\Arm\\Packs\\AnalogDevices\\ADuCM355_DFP\\1.0.3\\ADuCM355\\common\\ADuCM355Port.c 0x00000000   Number         0  aducm355port.o ABSOLUTE
    C:\\Users\\trent\\AppData\\Local\\Arm\\Packs\\AnalogDevices\\ADuCM355_DFP\\1.0.3\\ADuCM355\\common\\ARM\\retarget.c 0x00000000   Number         0  retarget.o ABSOLUTE
    C:\\Users\\trent\\AppData\\Local\\Arm\\Packs\\AnalogDevices\\ADuCM355_DFP\\1.0.3\\ADuCM355\\common\\ClkLib.c 0x00000000   Number         0  clklib.o ABSOLUTE
    C:\\Users\\trent\\AppData\\Local\\Arm\\Packs\\AnalogDevices\\ADuCM355_DFP\\1.0.3\\ADuCM355\\common\\DioLib.c 0x00000000   Number         0  diolib.o ABSOLUTE
    C:\\Users\\trent\\AppData\\Local\\Arm\\Packs\\AnalogDevices\\ADuCM355_DFP\\1.0.3\\ADuCM355\\common\\GptLib.c 0x00000000   Number         0  gptlib.o ABSOLUTE
    C:\\Users\\trent\\AppData\\Local\\Arm\\Packs\\AnalogDevices\\ADuCM355_DFP\\1.0.3\\ADuCM355\\common\\IntLib.c 0x00000000   Number         0  intlib.o ABSOLUTE
    C:\\Users\\trent\\AppData\\Local\\Arm\\Packs\\AnalogDevices\\ADuCM355_DFP\\1.0.3\\ADuCM355\\common\\PwrLib.c 0x00000000   Number         0  pwrlib.o ABSOLUTE
    C:\\Users\\trent\\AppData\\Local\\Arm\\Packs\\AnalogDevices\\ADuCM355_DFP\\1.0.3\\ADuCM355\\common\\UrtLib.c 0x00000000   Number         0  urtlib.o ABSOLUTE
    RTE\Device\ADuCM355\system_ADuCM355.c    0x00000000   Number         0  system_aducm355.o ABSOLUTE
    RTE\\Device\\ADuCM355\\startup_ADuCM355.s 0x00000000   Number         0  startup_aducm355.o ABSOLUTE
    RTE\\Device\\ADuCM355\\system_ADuCM355.c 0x00000000   Number         0  system_aducm355.o ABSOLUTE
    dc.s                                     0x00000000   Number         0  dc.o ABSOLUTE
    !!!main                                  0x00000144   Section        8  __main.o(!!!main)
    !!!scatter                               0x0000014c   Section       52  __scatter.o(!!!scatter)
    .ARM.__at_0x180                          0x00000180   Section       32  startup_aducm355.o(.ARM.__at_0x180)
    !!handler_copy                           0x000001a0   Section       26  __scatter_copy.o(!!handler_copy)
    .ARM.Collect$$_printf_percent$$00000000  0x000001ba   Section        0  _printf_percent.o(.ARM.Collect$$_printf_percent$$00000000)
    .ARM.Collect$$_printf_percent$$00000003  0x000001ba   Section        6  _printf_f.o(.ARM.Collect$$_printf_percent$$00000003)
    .ARM.Collect$$_printf_percent$$00000009  0x000001c0   Section        6  _printf_d.o(.ARM.Collect$$_printf_percent$$00000009)
    .ARM.Collect$$_printf_percent$$0000000C  0x000001c6   Section        6  _printf_x.o(.ARM.Collect$$_printf_percent$$0000000C)
    .ARM.Collect$$_printf_percent$$00000017  0x000001cc   Section        4  _printf_percent_end.o(.ARM.Collect$$_printf_percent$$00000017)
    .ARM.Collect$$libinit$$00000000          0x000001d0   Section        2  libinit.o(.ARM.Collect$$libinit$$00000000)
    .ARM.Collect$$libinit$$00000002          0x000001d2   Section        0  libinit2.o(.ARM.Collect$$libinit$$00000002)
    .ARM.Collect$$libinit$$00000004          0x000001d2   Section        0  libinit2.o(.ARM.Collect$$libinit$$00000004)
    .ARM.Collect$$libinit$$0000000A          0x000001d2   Section        0  libinit2.o(.ARM.Collect$$libinit$$0000000A)
    .ARM.Collect$$libinit$$0000000C          0x000001d2   Section        0  libinit2.o(.ARM.Collect$$libinit$$0000000C)
    .ARM.Collect$$libinit$$0000000E          0x000001d2   Section        0  libinit2.o(.ARM.Collect$$libinit$$0000000E)
    .ARM.Collect$$libinit$$0000000F          0x000001d2   Section        6  libinit2.o(.ARM.Collect$$libinit$$0000000F)
    .ARM.Collect$$libinit$$00000011          0x000001d8   Section        0  libinit2.o(.ARM.Collect$$libinit$$00000011)
    .ARM.Collect$$libinit$$00000013          0x000001d8   Section        0  libinit2.o(.ARM.Collect$$libinit$$00000013)
    .ARM.Collect$$libinit$$00000015          0x000001d8   Section        0  libinit2.o(.ARM.Collect$$libinit$$00000015)
    .ARM.Collect$$libinit$$00000016          0x000001d8   Section       10  libinit2.o(.ARM.Collect$$libinit$$00000016)
    .ARM.Collect$$libinit$$00000017          0x000001e2   Section        0  libinit2.o(.ARM.Collect$$libinit$$00000017)
    .ARM.Collect$$libinit$$00000019          0x000001e2   Section        0  libinit2.o(.ARM.Collect$$libinit$$00000019)
    .ARM.Collect$$libinit$$0000001B          0x000001e2   Section        0  libinit2.o(.ARM.Collect$$libinit$$0000001B)
    .ARM.Collect$$libinit$$0000001D          0x000001e2   Section        0  libinit2.o(.ARM.Collect$$libinit$$0000001D)
    .ARM.Collect$$libinit$$0000001F          0x000001e2   Section        0  libinit2.o(.ARM.Collect$$libinit$$0000001F)
    .ARM.Collect$$libinit$$00000021          0x000001e2   Section        0  libinit2.o(.ARM.Collect$$libinit$$00000021)
    .ARM.Collect$$libinit$$00000023          0x000001e2   Section        0  libinit2.o(.ARM.Collect$$libinit$$00000023)
    .ARM.Collect$$libinit$$00000025          0x000001e2   Section        0  libinit2.o(.ARM.Collect$$libinit$$00000025)
    .ARM.Collect$$libinit$$0000002C          0x000001e2   Section        0  libinit2.o(.ARM.Collect$$libinit$$0000002C)
    .ARM.Collect$$libinit$$0000002E          0x000001e2   Section        0  libinit2.o(.ARM.Collect$$libinit$$0000002E)
    .ARM.Collect$$libinit$$00000030          0x000001e2   Section        0  libinit2.o(.ARM.Collect$$libinit$$00000030)
    .ARM.Collect$$libinit$$00000032          0x000001e2   Section        0  libinit2.o(.ARM.Collect$$libinit$$00000032)
    .ARM.Collect$$libinit$$00000033          0x000001e2   Section        2  libinit2.o(.ARM.Collect$$libinit$$00000033)
    .ARM.Collect$$libshutdown$$00000000      0x000001e4   Section        2  libshutdown.o(.ARM.Collect$$libshutdown$$00000000)
    .ARM.Collect$$libshutdown$$00000002      0x000001e6   Section        0  libshutdown2.o(.ARM.Collect$$libshutdown$$00000002)
    .ARM.Collect$$libshutdown$$00000004      0x000001e6   Section        0  libshutdown2.o(.ARM.Collect$$libshutdown$$00000004)
    .ARM.Collect$$libshutdown$$00000007      0x000001e6   Section        0  libshutdown2.o(.ARM.Collect$$libshutdown$$00000007)
    .ARM.Collect$$libshutdown$$0000000A      0x000001e6   Section        0  libshutdown2.o(.ARM.Collect$$libshutdown$$0000000A)
    .ARM.Collect$$libshutdown$$0000000C      0x000001e6   Section        0  libshutdown2.o(.ARM.Collect$$libshutdown$$0000000C)
    .ARM.Collect$$libshutdown$$0000000F      0x000001e6   Section        0  libshutdown2.o(.ARM.Collect$$libshutdown$$0000000F)
    .ARM.Collect$$libshutdown$$00000010      0x000001e6   Section        2  libshutdown2.o(.ARM.Collect$$libshutdown$$00000010)
    .ARM.Collect$$rtentry$$00000000          0x000001e8   Section        0  __rtentry.o(.ARM.Collect$$rtentry$$00000000)
    .ARM.Collect$$rtentry$$00000002          0x000001e8   Section        0  __rtentry2.o(.ARM.Collect$$rtentry$$00000002)
    .ARM.Collect$$rtentry$$00000004          0x000001e8   Section        6  __rtentry4.o(.ARM.Collect$$rtentry$$00000004)
    .ARM.Collect$$rtentry$$00000009          0x000001ee   Section        0  __rtentry2.o(.ARM.Collect$$rtentry$$00000009)
    .ARM.Collect$$rtentry$$0000000A          0x000001ee   Section        4  __rtentry2.o(.ARM.Collect$$rtentry$$0000000A)
    .ARM.Collect$$rtentry$$0000000C          0x000001f2   Section        0  __rtentry2.o(.ARM.Collect$$rtentry$$0000000C)
    .ARM.Collect$$rtentry$$0000000D          0x000001f2   Section        8  __rtentry2.o(.ARM.Collect$$rtentry$$0000000D)
    .ARM.Collect$$rtexit$$00000000           0x000001fa   Section        2  rtexit.o(.ARM.Collect$$rtexit$$00000000)
    .ARM.Collect$$rtexit$$00000002           0x000001fc   Section        0  rtexit2.o(.ARM.Collect$$rtexit$$00000002)
    .ARM.Collect$$rtexit$$00000003           0x000001fc   Section        4  rtexit2.o(.ARM.Collect$$rtexit$$00000003)
    .ARM.Collect$$rtexit$$00000004           0x00000200   Section        6  rtexit2.o(.ARM.Collect$$rtexit$$00000004)
    .text                                    0x00000208   Section       80  startup_aducm355.o(.text)
    .text                                    0x00000258   Section        2  use_no_semi.o(.text)
    .text                                    0x0000025a   Section      238  lludivv7m.o(.text)
    .text                                    0x00000348   Section        0  noretval__2printf.o(.text)
    .text                                    0x00000360   Section        0  _printf_pad.o(.text)
    .text                                    0x000003b0   Section        0  _printf_dec.o(.text)
    .text                                    0x00000428   Section        0  _printf_hex_int.o(.text)
    .text                                    0x00000480   Section        0  __printf_flags_ss_wp.o(.text)
    .text                                    0x00000608   Section        0  puts.o(.text)
    .text                                    0x00000634   Section      100  rt_memcpy_w.o(.text)
    .text                                    0x00000698   Section        0  heapauxi.o(.text)
    .text                                    0x0000069e   Section        0  _printf_intcommon.o(.text)
    .text                                    0x00000750   Section        0  _printf_char_file.o(.text)
    .text                                    0x00000774   Section        8  rt_locale_intlibspace.o(.text)
    .text                                    0x0000077c   Section        0  _printf_char_common.o(.text)
    _printf_input_char                       0x0000077d   Thumb Code    10  _printf_char_common.o(.text)
    .text                                    0x000007ac   Section        8  libspace.o(.text)
    .text                                    0x000007b4   Section        0  exit.o(.text)
    CL$$btod_ediv                            0x000007c6   Section       42  btod.o(CL$$btod_ediv)
    i.AD5940_GetMCUIntFlag                   0x000007f0   Section        0  aducm355port.o(i.AD5940_GetMCUIntFlag)
    .ARM.__at_0x7FC                          0x000007fc   Section        4  startup_aducm355.o(.ARM.__at_0x7FC)
    .text                                    0x00000800   Section        0  _printf_fp_dec.o(.text)
    _fp_digits                               0x00000803   Thumb Code   432  _printf_fp_dec.o(.text)
    .text                                    0x00000c1e   Section      138  lludiv10.o(.text)
    .text                                    0x00000ca8   Section        0  _printf_fp_infnan.o(.text)
    .text                                    0x00000d28   Section        0  bigflt0.o(.text)
    .text                                    0x00000e0c   Section       74  sys_stackheap_outer.o(.text)
    .text                                    0x00000e58   Section      128  strcmpv7m.o(.text)
    CL$$btod_d2e                             0x00000ed8   Section       62  btod.o(CL$$btod_d2e)
    CL$$btod_d2e_denorm_low                  0x00000f16   Section       70  btod.o(CL$$btod_d2e_denorm_low)
    CL$$btod_d2e_norm_op1                    0x00000f5c   Section       96  btod.o(CL$$btod_d2e_norm_op1)
    CL$$btod_div_common                      0x00000fbc   Section      824  btod.o(CL$$btod_div_common)
    CL$$btod_e2e                             0x000012f4   Section      220  btod.o(CL$$btod_e2e)
    CL$$btod_emul                            0x000013d0   Section       42  btod.o(CL$$btod_emul)
    CL$$btod_mult_common                     0x000013fa   Section      580  btod.o(CL$$btod_mult_common)
    i.AD5940PlatformCfg                      0x00001640   Section        0  ad5940_temperature.o(i.AD5940PlatformCfg)
    AD5940PlatformCfg                        0x00001641   Thumb Code   188  ad5940_temperature.o(i.AD5940PlatformCfg)
    i.AD5940_ADCBaseCfgS                     0x00001700   Section        0  ad5940.o(i.AD5940_ADCBaseCfgS)
    i.AD5940_ADCFilterCfgS                   0x00001720   Section        0  ad5940.o(i.AD5940_ADCFilterCfgS)
    i.AD5940_AFECtrlS                        0x0000178c   Section        0  ad5940.o(i.AD5940_AFECtrlS)
    i.AD5940_AGPIOCfg                        0x000017ea   Section        0  ad5940.o(i.AD5940_AGPIOCfg)
    i.AD5940_AGPIOFuncCfg                    0x00001810   Section        0  ad5940.o(i.AD5940_AGPIOFuncCfg)
    i.AD5940_AGPIOIen                        0x0000181e   Section        0  ad5940.o(i.AD5940_AGPIOIen)
    i.AD5940_AGPIOOen                        0x0000182c   Section        0  ad5940.o(i.AD5940_AGPIOOen)
    i.AD5940_AGPIOPen                        0x0000183a   Section        0  ad5940.o(i.AD5940_AGPIOPen)
    i.AD5940_CLKCfg                          0x00001848   Section        0  ad5940.o(i.AD5940_CLKCfg)
    i.AD5940_ClksCalculate                   0x00001968   Section        0  ad5940.o(i.AD5940_ClksCalculate)
    i.AD5940_ClrMCUIntFlag                   0x00001ac8   Section        0  aducm355port.o(i.AD5940_ClrMCUIntFlag)
    i.AD5940_D2DReadReg                      0x00001ad8   Section        0  ad5940.o(i.AD5940_D2DReadReg)
    AD5940_D2DReadReg                        0x00001ad9   Thumb Code    28  ad5940.o(i.AD5940_D2DReadReg)
    i.AD5940_D2DWriteReg                     0x00001af8   Section        0  ad5940.o(i.AD5940_D2DWriteReg)
    AD5940_D2DWriteReg                       0x00001af9   Thumb Code    26  ad5940.o(i.AD5940_D2DWriteReg)
    i.AD5940_Delay10us                       0x00001b18   Section        0  aducm355port.o(i.AD5940_Delay10us)
    i.AD5940_EnterSleepS                     0x00001b74   Section        0  ad5940.o(i.AD5940_EnterSleepS)
    i.AD5940_FIFOCfg                         0x00001b8c   Section        0  ad5940.o(i.AD5940_FIFOCfg)
    i.AD5940_FIFOGetCnt                      0x00001be8   Section        0  ad5940.o(i.AD5940_FIFOGetCnt)
    i.AD5940_FIFORd                          0x00001bf8   Section        0  ad5940.o(i.AD5940_FIFORd)
    i.AD5940_HFOSC32MHzCtrl                  0x00001c10   Section        0  ad5940.o(i.AD5940_HFOSC32MHzCtrl)
    i.AD5940_INTCCfg                         0x00001c9a   Section        0  ad5940.o(i.AD5940_INTCCfg)
    i.AD5940_INTCClrFlag                     0x00001cd2   Section        0  ad5940.o(i.AD5940_INTCClrFlag)
    i.AD5940_INTCGetFlag                     0x00001ce2   Section        0  ad5940.o(i.AD5940_INTCGetFlag)
    i.AD5940_Initialize                      0x00001d00   Section        0  ad5940.o(i.AD5940_Initialize)
    i.AD5940_MCUResourceInit                 0x00001dac   Section        0  aducm355port.o(i.AD5940_MCUResourceInit)
    i.AD5940_Main                            0x00001dfc   Section        0  ad5940_temperature.o(i.AD5940_Main)
    i.AD5940_PrintResult                     0x00001eb0   Section        0  ad5940_temperature.o(i.AD5940_PrintResult)
    i.AD5940_REFCfgS                         0x00001f34   Section        0  ad5940.o(i.AD5940_REFCfgS)
    i.AD5940_ReadReg                         0x00001fe4   Section        0  ad5940.o(i.AD5940_ReadReg)
    i.AD5940_SEQCfg                          0x00002004   Section        0  ad5940.o(i.AD5940_SEQCfg)
    i.AD5940_SEQCmdWrite                     0x0000207c   Section        0  ad5940.o(i.AD5940_SEQCmdWrite)
    i.AD5940_SEQCtrlS                        0x000020a6   Section        0  ad5940.o(i.AD5940_SEQCtrlS)
    i.AD5940_SEQGenCtrl                      0x000020d0   Section        0  ad5940.o(i.AD5940_SEQGenCtrl)
    i.AD5940_SEQGenFetchSeq                  0x000020ec   Section        0  ad5940.o(i.AD5940_SEQGenFetchSeq)
    i.AD5940_SEQGenGetRegDefault             0x00002108   Section        0  ad5940.o(i.AD5940_SEQGenGetRegDefault)
    AD5940_SEQGenGetRegDefault               0x00002109   Thumb Code    18  ad5940.o(i.AD5940_SEQGenGetRegDefault)
    i.AD5940_SEQGenInit                      0x0000211c   Section        0  ad5940.o(i.AD5940_SEQGenInit)
    i.AD5940_SEQGenInsert                    0x00002144   Section        0  ad5940.o(i.AD5940_SEQGenInsert)
    i.AD5940_SEQGenSearchReg                 0x0000217c   Section        0  ad5940.o(i.AD5940_SEQGenSearchReg)
    AD5940_SEQGenSearchReg                   0x0000217d   Thumb Code    46  ad5940.o(i.AD5940_SEQGenSearchReg)
    i.AD5940_SEQGpioCtrlS                    0x000021b0   Section        0  ad5940.o(i.AD5940_SEQGpioCtrlS)
    i.AD5940_SEQInfoCfg                      0x000021c0   Section        0  ad5940.o(i.AD5940_SEQInfoCfg)
    i.AD5940_SEQReadReg                      0x00002234   Section        0  ad5940.o(i.AD5940_SEQReadReg)
    AD5940_SEQReadReg                        0x00002235   Thumb Code    50  ad5940.o(i.AD5940_SEQReadReg)
    i.AD5940_SEQRegInfoInsert                0x0000226c   Section        0  ad5940.o(i.AD5940_SEQRegInfoInsert)
    AD5940_SEQRegInfoInsert                  0x0000226d   Thumb Code    86  ad5940.o(i.AD5940_SEQRegInfoInsert)
    i.AD5940_SEQWriteReg                     0x000022c8   Section        0  ad5940.o(i.AD5940_SEQWriteReg)
    AD5940_SEQWriteReg                       0x000022c9   Thumb Code   118  ad5940.o(i.AD5940_SEQWriteReg)
    i.AD5940_SleepKeyCtrlS                   0x00002344   Section        0  ad5940.o(i.AD5940_SleepKeyCtrlS)
    i.AD5940_TemperatureISR                  0x00002354   Section        0  ad5940_temperature.o(i.AD5940_TemperatureISR)
    i.AD5940_TemperatureInit                 0x000023d8   Section        0  ad5940_temperature.o(i.AD5940_TemperatureInit)
    i.AD5940_WUPTCfg                         0x000024d4   Section        0  ad5940.o(i.AD5940_WUPTCfg)
    i.AD5940_WUPTCtrl                        0x00002630   Section        0  ad5940.o(i.AD5940_WUPTCtrl)
    i.AD5940_WakeUp                          0x00002656   Section        0  ad5940.o(i.AD5940_WakeUp)
    i.AD5940_WriteReg                        0x00002688   Section        0  ad5940.o(i.AD5940_WriteReg)
    i.Afe_Int3_Handler                       0x000026b0   Section        0  aducm355port.o(i.Afe_Int3_Handler)
    i.ClkDivCfg                              0x000026c4   Section        0  clklib.o(i.ClkDivCfg)
    i.ClockInit                              0x0000270c   Section        0  main.o(i.ClockInit)
    i.D2DClkSpeedCheck                       0x0000271e   Section        0  clklib.o(i.D2DClkSpeedCheck)
    i.DigClkSel                              0x0000273c   Section        0  clklib.o(i.DigClkSel)
    i.DioCfgPin                              0x000027bc   Section        0  diolib.o(i.DioCfgPin)
    i.DioIenPin                              0x000027f2   Section        0  diolib.o(i.DioIenPin)
    i.EiCfg                                  0x0000280c   Section        0  intlib.o(i.EiCfg)
    i.EiClr                                  0x000028b8   Section        0  intlib.o(i.EiClr)
    i.SystemInit                             0x000028c8   Section        0  system_aducm355.o(i.SystemInit)
    i.UartInit                               0x000028fc   Section        0  main.o(i.UartInit)
    i.UrtCfg                                 0x00002934   Section        0  urtlib.o(i.UrtCfg)
    i.UrtFifoCfg                             0x00002a6c   Section        0  urtlib.o(i.UrtFifoCfg)
    i.UrtFifoClr                             0x00002a7a   Section        0  urtlib.o(i.UrtFifoClr)
    i.UrtTx                                  0x00002a8c   Section        0  urtlib.o(i.UrtTx)
    i.__ARM_fpclassify                       0x00002aa0   Section        0  fpclassify.o(i.__ARM_fpclassify)
    i._ad5940_analog_init                    0x00002ac8   Section        0  ad5940_temperature.o(i._ad5940_analog_init)
    i._is_digit                              0x00002b64   Section        0  __printf_wp.o(i._is_digit)
    i._sys_exit                              0x00002b72   Section        0  retarget.o(i._sys_exit)
    i.adi_default_setting                    0x00002b76   Section        0  system_aducm355.o(i.adi_default_setting)
    i.adi_system_EnableRetention             0x00002b78   Section        0  system_aducm355.o(i.adi_system_EnableRetention)
    i.clockUpdate                            0x00002ba8   Section        0  clklib.o(i.clockUpdate)
    i.ferror                                 0x00002c28   Section        0  retarget.o(i.ferror)
    i.fputc                                  0x00002c30   Section        0  retarget.o(i.fputc)
    i.main                                   0x00002c54   Section        0  main.o(i.main)
    locale$$code                             0x00002c6c   Section       44  lc_numeric_c.o(locale$$code)
    x$fpl$dadd                               0x00002c98   Section      336  daddsub_clz.o(x$fpl$dadd)
    _dadd1                                   0x00002ca9   Thumb Code     0  daddsub_clz.o(x$fpl$dadd)
    x$fpl$ddiv                               0x00002de8   Section      688  ddiv.o(x$fpl$ddiv)
    ddiv_entry                               0x00002def   Thumb Code     0  ddiv.o(x$fpl$ddiv)
    x$fpl$dfixu                              0x00003098   Section       90  dfixu.o(x$fpl$dfixu)
    x$fpl$dfltu                              0x000030f2   Section       38  dflt_clz.o(x$fpl$dfltu)
    x$fpl$dnaninf                            0x00003118   Section      156  dnaninf.o(x$fpl$dnaninf)
    x$fpl$dretinf                            0x000031b4   Section       12  dretinf.o(x$fpl$dretinf)
    x$fpl$dsub                               0x000031c0   Section      468  daddsub_clz.o(x$fpl$dsub)
    _dsub1                                   0x000031d1   Thumb Code     0  daddsub_clz.o(x$fpl$dsub)
    x$fpl$f2d                                0x00003394   Section       86  f2d.o(x$fpl$f2d)
    x$fpl$fadd                               0x000033ec   Section      196  faddsub_clz.o(x$fpl$fadd)
    _fadd1                                   0x000033fb   Thumb Code     0  faddsub_clz.o(x$fpl$fadd)
    x$fpl$fdiv                               0x000034b0   Section      388  fdiv.o(x$fpl$fdiv)
    _fdiv1                                   0x000034b1   Thumb Code     0  fdiv.o(x$fpl$fdiv)
    x$fpl$ffixu                              0x00003634   Section       62  ffixu.o(x$fpl$ffixu)
    x$fpl$fflt                               0x00003674   Section       48  fflt_clz.o(x$fpl$fflt)
    x$fpl$ffltu                              0x000036a4   Section       38  fflt_clz.o(x$fpl$ffltu)
    x$fpl$fmul                               0x000036cc   Section      258  fmul.o(x$fpl$fmul)
    x$fpl$fnaninf                            0x000037ce   Section      140  fnaninf.o(x$fpl$fnaninf)
    x$fpl$fretinf                            0x0000385a   Section       10  fretinf.o(x$fpl$fretinf)
    x$fpl$fsub                               0x00003864   Section      234  faddsub_clz.o(x$fpl$fsub)
    _fsub1                                   0x00003873   Thumb Code     0  faddsub_clz.o(x$fpl$fsub)
    x$fpl$printf1                            0x0000394e   Section        4  printf1.o(x$fpl$printf1)
    x$fpl$usenofp                            0x00003952   Section        0  usenofp.o(x$fpl$usenofp)
    .constdata                               0x00003954   Section      508  ad5940.o(.constdata)
    SeqA                                     0x00003b40   Data           4  ad5940.o(.constdata)
    SeqB                                     0x00003b44   Data           4  ad5940.o(.constdata)
    SeqBB                                    0x00003b48   Data           8  ad5940.o(.constdata)
    .constdata                               0x00003b50   Section       40  _printf_hex_int.o(.constdata)
    uc_hextab                                0x00003b50   Data          20  _printf_hex_int.o(.constdata)
    lc_hextab                                0x00003b64   Data          20  _printf_hex_int.o(.constdata)
    .constdata                               0x00003b78   Section       17  __printf_flags_ss_wp.o(.constdata)
    maptable                                 0x00003b78   Data          17  __printf_flags_ss_wp.o(.constdata)
    .constdata                               0x00003b8c   Section      148  bigflt0.o(.constdata)
    tenpwrs_x                                0x00003b8c   Data          60  bigflt0.o(.constdata)
    tenpwrs_i                                0x00003bc8   Data          64  bigflt0.o(.constdata)
    locale$$data                             0x00003c30   Section       28  lc_numeric_c.o(locale$$data)
    __lcnum_c_name                           0x00003c34   Data           2  lc_numeric_c.o(locale$$data)
    __lcnum_c_start                          0x00003c3c   Data           0  lc_numeric_c.o(locale$$data)
    __lcnum_c_point                          0x00003c48   Data           0  lc_numeric_c.o(locale$$data)
    __lcnum_c_thousands                      0x00003c4a   Data           0  lc_numeric_c.o(locale$$data)
    __lcnum_c_grouping                       0x00003c4b   Data           0  lc_numeric_c.o(locale$$data)
    __lcnum_c_end                            0x00003c4c   Data           0  lc_numeric_c.o(locale$$data)
    HEAP                                     0x20000000   Section     3072  startup_aducm355.o(HEAP)
    Heap_Mem                                 0x20000000   Data        3072  startup_aducm355.o(HEAP)
    .data                                    0x20002000   Section        4  ad5940_temperature.o(.data)
    .data                                    0x20002004   Section        4  aducm355port.o(.data)
    ucInterrupted                            0x20002004   Data           4  aducm355port.o(.data)
    .data                                    0x20002008   Section        8  retarget.o(.data)
    .data                                    0x20002010   Section       16  clklib.o(.data)
    clkGateStatus                            0x20002010   Data           4  clklib.o(.data)
    DigRootClkSpeed                          0x20002014   Data           4  clklib.o(.data)
    AfeSysClkSpeed                           0x20002018   Data           4  clklib.o(.data)
    clk10UsDelay                             0x2000201c   Data           4  clklib.o(.data)
    .data                                    0x20002020   Section        1  ad5940.o(.data)
    bIsS2silicon                             0x20002020   Data           1  ad5940.o(.data)
    .bss                                     0x20002024   Section      512  ad5940_temperature.o(.bss)
    .bss                                     0x20002224   Section       28  ad5940.o(.bss)
    .bss                                     0x20002240   Section       96  libspace.o(.bss)
    STACK                                    0x200022a0   Section     1024  startup_aducm355.o(STACK)
    Stack_Mem                                0x200022a0   Data        1024  startup_aducm355.o(STACK)
    __initial_sp                             0x200026a0   Data           0  startup_aducm355.o(STACK)

    Global Symbols

    Symbol Name                              Value     Ov Type        Size  Object(Section)

    BuildAttributes$$THM_ISAv4$P$D$K$B$S$PE$A:L22UL41UL21$X:L11$S22US41US21$IEEE1$IW$USESV6$~STKCKD$USESV7$~SHL$OTIME$ROPI$IEEEX$EBA8$UX$STANDARDLIB$REQ8$PRES8$EABIv2 0x00000000   Number         0  anon$$obj.o ABSOLUTE
    __ARM_use_no_argv                        0x00000000   Number         0  main.o ABSOLUTE
    __vector_table                           0x00000000   Data           4  startup_aducm355.o(RESET)
    _printf_flags                            0x00000000   Number         0  printf_stubs.o ABSOLUTE
    _printf_return_value                     0x00000000   Number         0  printf_stubs.o ABSOLUTE
    _printf_sizespec                         0x00000000   Number         0  printf_stubs.o ABSOLUTE
    _printf_widthprec                        0x00000000   Number         0  printf_stubs.o ABSOLUTE
    __ARM_exceptions_init                     - Undefined Weak Reference
    __alloca_initialize                       - Undefined Weak Reference
    __arm_preinit_                            - Undefined Weak Reference
    __cpp_initialize__aeabi_                  - Undefined Weak Reference
    __cxa_finalize                            - Undefined Weak Reference
    __sigvec_lookup                           - Undefined Weak Reference
    _atexit_init                              - Undefined Weak Reference
    _call_atexit_fns                          - Undefined Weak Reference
    _clock_init                               - Undefined Weak Reference
    _fp_trap_init                             - Undefined Weak Reference
    _fp_trap_shutdown                         - Undefined Weak Reference
    _get_lc_collate                           - Undefined Weak Reference
    _get_lc_ctype                             - Undefined Weak Reference
    _get_lc_monetary                          - Undefined Weak Reference
    _get_lc_time                              - Undefined Weak Reference
    _getenv_init                              - Undefined Weak Reference
    _handle_redirection                       - Undefined Weak Reference
    _init_alloc                               - Undefined Weak Reference
    _init_user_alloc                          - Undefined Weak Reference
    _initio                                   - Undefined Weak Reference
    _printf_truncate_signed                   - Undefined Weak Reference
    _printf_truncate_unsigned                 - Undefined Weak Reference
    _rand_init                                - Undefined Weak Reference
    _signal_finish                            - Undefined Weak Reference
    _signal_init                              - Undefined Weak Reference
    _terminate_alloc                          - Undefined Weak Reference
    _terminate_user_alloc                     - Undefined Weak Reference
    _terminateio                              - Undefined Weak Reference
    __main                                   0x00000145   Thumb Code     8  __main.o(!!!main)
    __vector_table_End                       0x00000144   Data           0  startup_aducm355.o(RESET)
    __vector_table_Size                      0x00000144   Number         0  startup_aducm355.o ABSOLUTE
    __scatterload                            0x0000014d   Thumb Code     0  __scatter.o(!!!scatter)
    __scatterload_rt2                        0x0000014d   Thumb Code    44  __scatter.o(!!!scatter)
    __scatterload_rt2_thumb_only             0x0000014d   Thumb Code     0  __scatter.o(!!!scatter)
    __scatterload_null                       0x0000015b   Thumb Code     0  __scatter.o(!!!scatter)
    __scatterload_copy                       0x000001a1   Thumb Code    26  __scatter_copy.o(!!handler_copy)
    _printf_f                                0x000001bb   Thumb Code     0  _printf_f.o(.ARM.Collect$$_printf_percent$$00000003)
    _printf_percent                          0x000001bb   Thumb Code     0  _printf_percent.o(.ARM.Collect$$_printf_percent$$00000000)
    _printf_d                                0x000001c1   Thumb Code     0  _printf_d.o(.ARM.Collect$$_printf_percent$$00000009)
    _printf_x                                0x000001c7   Thumb Code     0  _printf_x.o(.ARM.Collect$$_printf_percent$$0000000C)
    _printf_percent_end                      0x000001cd   Thumb Code     0  _printf_percent_end.o(.ARM.Collect$$_printf_percent$$00000017)
    __rt_lib_init                            0x000001d1   Thumb Code     0  libinit.o(.ARM.Collect$$libinit$$00000000)
    __rt_lib_init_fp_1                       0x000001d3   Thumb Code     0  libinit2.o(.ARM.Collect$$libinit$$00000002)
    __rt_lib_init_heap_1                     0x000001d3   Thumb Code     0  libinit2.o(.ARM.Collect$$libinit$$0000000A)
    __rt_lib_init_lc_common                  0x000001d3   Thumb Code     0  libinit2.o(.ARM.Collect$$libinit$$0000000F)
    __rt_lib_init_preinit_1                  0x000001d3   Thumb Code     0  libinit2.o(.ARM.Collect$$libinit$$00000004)
    __rt_lib_init_rand_1                     0x000001d3   Thumb Code     0  libinit2.o(.ARM.Collect$$libinit$$0000000E)
    __rt_lib_init_user_alloc_1               0x000001d3   Thumb Code     0  libinit2.o(.ARM.Collect$$libinit$$0000000C)
    __rt_lib_init_lc_collate_1               0x000001d9   Thumb Code     0  libinit2.o(.ARM.Collect$$libinit$$00000011)
    __rt_lib_init_lc_ctype_1                 0x000001d9   Thumb Code     0  libinit2.o(.ARM.Collect$$libinit$$00000013)
    __rt_lib_init_lc_monetary_1              0x000001d9   Thumb Code     0  libinit2.o(.ARM.Collect$$libinit$$00000015)
    __rt_lib_init_lc_numeric_2               0x000001d9   Thumb Code     0  libinit2.o(.ARM.Collect$$libinit$$00000016)
    __rt_lib_init_alloca_1                   0x000001e3   Thumb Code     0  libinit2.o(.ARM.Collect$$libinit$$0000002E)
    __rt_lib_init_argv_1                     0x000001e3   Thumb Code     0  libinit2.o(.ARM.Collect$$libinit$$0000002C)
    __rt_lib_init_atexit_1                   0x000001e3   Thumb Code     0  libinit2.o(.ARM.Collect$$libinit$$0000001B)
    __rt_lib_init_clock_1                    0x000001e3   Thumb Code     0  libinit2.o(.ARM.Collect$$libinit$$00000021)
    __rt_lib_init_cpp_1                      0x000001e3   Thumb Code     0  libinit2.o(.ARM.Collect$$libinit$$00000032)
    __rt_lib_init_exceptions_1               0x000001e3   Thumb Code     0  libinit2.o(.ARM.Collect$$libinit$$00000030)
    __rt_lib_init_fp_trap_1                  0x000001e3   Thumb Code     0  libinit2.o(.ARM.Collect$$libinit$$0000001F)
    __rt_lib_init_getenv_1                   0x000001e3   Thumb Code     0  libinit2.o(.ARM.Collect$$libinit$$00000023)
    __rt_lib_init_lc_numeric_1               0x000001e3   Thumb Code     0  libinit2.o(.ARM.Collect$$libinit$$00000017)
    __rt_lib_init_lc_time_1                  0x000001e3   Thumb Code     0  libinit2.o(.ARM.Collect$$libinit$$00000019)
    __rt_lib_init_return                     0x000001e3   Thumb Code     0  libinit2.o(.ARM.Collect$$libinit$$00000033)
    __rt_lib_init_signal_1                   0x000001e3   Thumb Code     0  libinit2.o(.ARM.Collect$$libinit$$0000001D)
    __rt_lib_init_stdio_1                    0x000001e3   Thumb Code     0  libinit2.o(.ARM.Collect$$libinit$$00000025)
    __rt_lib_shutdown                        0x000001e5   Thumb Code     0  libshutdown.o(.ARM.Collect$$libshutdown$$00000000)
    __rt_lib_shutdown_cpp_1                  0x000001e7   Thumb Code     0  libshutdown2.o(.ARM.Collect$$libshutdown$$00000002)
    __rt_lib_shutdown_fp_trap_1              0x000001e7   Thumb Code     0  libshutdown2.o(.ARM.Collect$$libshutdown$$00000007)
    __rt_lib_shutdown_heap_1                 0x000001e7   Thumb Code     0  libshutdown2.o(.ARM.Collect$$libshutdown$$0000000F)
    __rt_lib_shutdown_return                 0x000001e7   Thumb Code     0  libshutdown2.o(.ARM.Collect$$libshutdown$$00000010)
    __rt_lib_shutdown_signal_1               0x000001e7   Thumb Code     0  libshutdown2.o(.ARM.Collect$$libshutdown$$0000000A)
    __rt_lib_shutdown_stdio_1                0x000001e7   Thumb Code     0  libshutdown2.o(.ARM.Collect$$libshutdown$$00000004)
    __rt_lib_shutdown_user_alloc_1           0x000001e7   Thumb Code     0  libshutdown2.o(.ARM.Collect$$libshutdown$$0000000C)
    __rt_entry                               0x000001e9   Thumb Code     0  __rtentry.o(.ARM.Collect$$rtentry$$00000000)
    __rt_entry_presh_1                       0x000001e9   Thumb Code     0  __rtentry2.o(.ARM.Collect$$rtentry$$00000002)
    __rt_entry_sh                            0x000001e9   Thumb Code     0  __rtentry4.o(.ARM.Collect$$rtentry$$00000004)
    __rt_entry_li                            0x000001ef   Thumb Code     0  __rtentry2.o(.ARM.Collect$$rtentry$$0000000A)
    __rt_entry_postsh_1                      0x000001ef   Thumb Code     0  __rtentry2.o(.ARM.Collect$$rtentry$$00000009)
    __rt_entry_main                          0x000001f3   Thumb Code     0  __rtentry2.o(.ARM.Collect$$rtentry$$0000000D)
    __rt_entry_postli_1                      0x000001f3   Thumb Code     0  __rtentry2.o(.ARM.Collect$$rtentry$$0000000C)
    __rt_exit                                0x000001fb   Thumb Code     0  rtexit.o(.ARM.Collect$$rtexit$$00000000)
    __rt_exit_ls                             0x000001fd   Thumb Code     0  rtexit2.o(.ARM.Collect$$rtexit$$00000003)
    __rt_exit_prels_1                        0x000001fd   Thumb Code     0  rtexit2.o(.ARM.Collect$$rtexit$$00000002)
    __rt_exit_exit                           0x00000201   Thumb Code     0  rtexit2.o(.ARM.Collect$$rtexit$$00000004)
    Reset_Handler                            0x00000209   Thumb Code    18  startup_aducm355.o(.text)
    NmiSR                                    0x0000021b   Thumb Code     2  startup_aducm355.o(.text)
    HardFault_Handler                        0x0000021d   Thumb Code     2  startup_aducm355.o(.text)
    MemManage_Handler                        0x0000021f   Thumb Code     2  startup_aducm355.o(.text)
    BusFault_Handler                         0x00000221   Thumb Code     2  startup_aducm355.o(.text)
    UsageFault_Handler                       0x00000223   Thumb Code     2  startup_aducm355.o(.text)
    SVC_Handler                              0x00000225   Thumb Code     2  startup_aducm355.o(.text)
    DebugMon_Handler                         0x00000227   Thumb Code     2  startup_aducm355.o(.text)
    PENDSV_HANDLER                           0x00000229   Thumb Code     2  startup_aducm355.o(.text)
    SysTick_Handler                          0x0000022b   Thumb Code     2  startup_aducm355.o(.text)
    ADC_Int_Handler                          0x0000022d   Thumb Code     0  startup_aducm355.o(.text)
    AfeAdc_Int_Handler                       0x0000022d   Thumb Code     0  startup_aducm355.o(.text)
    AfeCMDFifo_Int_Handler                   0x0000022d   Thumb Code     0  startup_aducm355.o(.text)
    AfeCrcError_Int_Handler                  0x0000022d   Thumb Code     0  startup_aducm355.o(.text)
    AfeDATAFifo_Int_Handler                  0x0000022d   Thumb Code     0  startup_aducm355.o(.text)
    AfeError_Int_Handler                     0x0000022d   Thumb Code     0  startup_aducm355.o(.text)
    AfeGeneral_Int_Handler                   0x0000022d   Thumb Code     0  startup_aducm355.o(.text)
    AfeGpTimer0_Int_Handler                  0x0000022d   Thumb Code     0  startup_aducm355.o(.text)
    AfeGpTimer1_Int_Handler                  0x0000022d   Thumb Code     0  startup_aducm355.o(.text)
    AfeWdt_Int_Handler                       0x0000022d   Thumb Code     0  startup_aducm355.o(.text)
    Battery_Voltage_Int_Handler              0x0000022d   Thumb Code     0  startup_aducm355.o(.text)
    Crypto_Int_Handler                       0x0000022d   Thumb Code     0  startup_aducm355.o(.text)
    DMA_ADC0_Int_Handler                     0x0000022d   Thumb Code     0  startup_aducm355.o(.text)
    DMA_AES0_IN_Int_Handler                  0x0000022d   Thumb Code     0  startup_aducm355.o(.text)
    DMA_AES0_OUT_Int_Handler                 0x0000022d   Thumb Code     0  startup_aducm355.o(.text)
    DMA_AfeCMDFifo_Int_Handler               0x0000022d   Thumb Code     0  startup_aducm355.o(.text)
    DMA_AfeDATAFifo_Int_Handler              0x0000022d   Thumb Code     0  startup_aducm355.o(.text)
    DMA_Err_Int_Handler                      0x0000022d   Thumb Code     0  startup_aducm355.o(.text)
    DMA_FLASH0_Int_Handler                   0x0000022d   Thumb Code     0  startup_aducm355.o(.text)
    DMA_I2C0_MX_Int_Handler                  0x0000022d   Thumb Code     0  startup_aducm355.o(.text)
    DMA_I2C0_SRX_Int_Handler                 0x0000022d   Thumb Code     0  startup_aducm355.o(.text)
    DMA_I2C0_STX_Int_Handler                 0x0000022d   Thumb Code     0  startup_aducm355.o(.text)
    DMA_SIP2_Int_Handler                     0x0000022d   Thumb Code     0  startup_aducm355.o(.text)
    DMA_SIP3_Int_Handler                     0x0000022d   Thumb Code     0  startup_aducm355.o(.text)
    DMA_SIP4_Int_Handler                     0x0000022d   Thumb Code     0  startup_aducm355.o(.text)
    DMA_SIP5_Int_Handler                     0x0000022d   Thumb Code     0  startup_aducm355.o(.text)
    DMA_SIP6_Int_Handler                     0x0000022d   Thumb Code     0  startup_aducm355.o(.text)
    DMA_SIP7_Int_Handler                     0x0000022d   Thumb Code     0  startup_aducm355.o(.text)
    DMA_SPI0_RX_Int_Handler                  0x0000022d   Thumb Code     0  startup_aducm355.o(.text)
    DMA_SPI0_TX_Int_Handler                  0x0000022d   Thumb Code     0  startup_aducm355.o(.text)
    DMA_SPI1_RX_Int_Handler                  0x0000022d   Thumb Code     0  startup_aducm355.o(.text)
    DMA_SPI1_TX_Int_Handler                  0x0000022d   Thumb Code     0  startup_aducm355.o(.text)
    DMA_UART_RX_Int_Handler                  0x0000022d   Thumb Code     0  startup_aducm355.o(.text)
    DMA_UART_TX_Int_Handler                  0x0000022d   Thumb Code     0  startup_aducm355.o(.text)
    Ext_Int0_Handler                         0x0000022d   Thumb Code     0  startup_aducm355.o(.text)
    Ext_Int1_Handler                         0x0000022d   Thumb Code     0  startup_aducm355.o(.text)
    Ext_Int2_Handler                         0x0000022d   Thumb Code     0  startup_aducm355.o(.text)
    Flash0_Int_Handler                       0x0000022d   Thumb Code     0  startup_aducm355.o(.text)
    GPIO_A_Int_Handler                       0x0000022d   Thumb Code     0  startup_aducm355.o(.text)
    GPIO_B_Int_Handler                       0x0000022d   Thumb Code     0  startup_aducm355.o(.text)
    GP_Tmr0_Int_Handler                      0x0000022d   Thumb Code     0  startup_aducm355.o(.text)
    GP_Tmr1_Int_Handler                      0x0000022d   Thumb Code     0  startup_aducm355.o(.text)
    GP_Tmr2_Int_Handler                      0x0000022d   Thumb Code     0  startup_aducm355.o(.text)
    I2C0_Master_Int_Handler                  0x0000022d   Thumb Code     0  startup_aducm355.o(.text)
    I2C0_Slave_Int_Handler                   0x0000022d   Thumb Code     0  startup_aducm355.o(.text)
    PLL_Int_Handler                          0x0000022d   Thumb Code     0  startup_aducm355.o(.text)
    RNG_Int_Handler                          0x0000022d   Thumb Code     0  startup_aducm355.o(.text)
    RTC0_Int_Handler                         0x0000022d   Thumb Code     0  startup_aducm355.o(.text)
    RTC1_Int_Handler                         0x0000022d   Thumb Code     0  startup_aducm355.o(.text)
    SPI0_Int_Handler                         0x0000022d   Thumb Code     0  startup_aducm355.o(.text)
    SPI1_Int_Handler                         0x0000022d   Thumb Code     0  startup_aducm355.o(.text)
    UART_Int_Handler                         0x0000022d   Thumb Code     0  startup_aducm355.o(.text)
    Vreg_over_Int_Handler                    0x0000022d   Thumb Code     0  startup_aducm355.o(.text)
    WDog_Tmr_Int_Handler                     0x0000022d   Thumb Code     0  startup_aducm355.o(.text)
    __user_initial_stackheap                 0x00000231   Thumb Code    10  startup_aducm355.o(.text)
    __I$use$semihosting                      0x00000259   Thumb Code     0  use_no_semi.o(.text)
    __use_no_semihosting_swi                 0x00000259   Thumb Code     2  use_no_semi.o(.text)
    __aeabi_uldivmod                         0x0000025b   Thumb Code     0  lludivv7m.o(.text)
    _ll_udiv                                 0x0000025b   Thumb Code   238  lludivv7m.o(.text)
    __2printf                                0x00000349   Thumb Code    20  noretval__2printf.o(.text)
    _printf_pre_padding                      0x00000361   Thumb Code    44  _printf_pad.o(.text)
    _printf_post_padding                     0x0000038d   Thumb Code    34  _printf_pad.o(.text)
    _printf_int_dec                          0x000003b1   Thumb Code   104  _printf_dec.o(.text)
    _printf_int_hex                          0x00000429   Thumb Code    84  _printf_hex_int.o(.text)
    _printf_longlong_hex                     0x00000429   Thumb Code     0  _printf_hex_int.o(.text)
    __printf                                 0x00000481   Thumb Code   388  __printf_flags_ss_wp.o(.text)
    puts                                     0x00000609   Thumb Code    40  puts.o(.text)
    __aeabi_memcpy4                          0x00000635   Thumb Code     0  rt_memcpy_w.o(.text)
    __aeabi_memcpy8                          0x00000635   Thumb Code     0  rt_memcpy_w.o(.text)
    __rt_memcpy_w                            0x00000635   Thumb Code   100  rt_memcpy_w.o(.text)
    _memcpy_lastbytes_aligned                0x0000067d   Thumb Code     0  rt_memcpy_w.o(.text)
    __use_two_region_memory                  0x00000699   Thumb Code     2  heapauxi.o(.text)
    __rt_heap_escrow$2region                 0x0000069b   Thumb Code     2  heapauxi.o(.text)
    __rt_heap_expand$2region                 0x0000069d   Thumb Code     2  heapauxi.o(.text)
    _printf_int_common                       0x0000069f   Thumb Code   178  _printf_intcommon.o(.text)
    _printf_char_file                        0x00000751   Thumb Code    32  _printf_char_file.o(.text)
    __rt_locale                              0x00000775   Thumb Code     8  rt_locale_intlibspace.o(.text)
    _printf_char_common                      0x00000787   Thumb Code    32  _printf_char_common.o(.text)
    __user_libspace                          0x000007ad   Thumb Code     8  libspace.o(.text)
    __user_perproc_libspace                  0x000007ad   Thumb Code     0  libspace.o(.text)
    __user_perthread_libspace                0x000007ad   Thumb Code     0  libspace.o(.text)
    exit                                     0x000007b5   Thumb Code    18  exit.o(.text)
    _btod_ediv                               0x000007c7   Thumb Code    42  btod.o(CL$$btod_ediv)
    AD5940_GetMCUIntFlag                     0x000007f1   Thumb Code     6  aducm355port.o(i.AD5940_GetMCUIntFlag)
    __lib_sel_fp_printf                      0x00000801   Thumb Code     2  _printf_fp_dec.o(.text)
    _printf_fp_dec_real                      0x000009b3   Thumb Code   620  _printf_fp_dec.o(.text)
    _ll_udiv10                               0x00000c1f   Thumb Code   138  lludiv10.o(.text)
    _printf_fp_infnan                        0x00000ca9   Thumb Code   112  _printf_fp_infnan.o(.text)
    _btod_etento                             0x00000d29   Thumb Code   224  bigflt0.o(.text)
    __user_setup_stackheap                   0x00000e0d   Thumb Code    74  sys_stackheap_outer.o(.text)
    strcmp                                   0x00000e59   Thumb Code   128  strcmpv7m.o(.text)
    _btod_d2e                                0x00000ed9   Thumb Code    62  btod.o(CL$$btod_d2e)
    _d2e_denorm_low                          0x00000f17   Thumb Code    70  btod.o(CL$$btod_d2e_denorm_low)
    _d2e_norm_op1                            0x00000f5d   Thumb Code    96  btod.o(CL$$btod_d2e_norm_op1)
    __btod_div_common                        0x00000fbd   Thumb Code   696  btod.o(CL$$btod_div_common)
    _e2e                                     0x000012f5   Thumb Code   220  btod.o(CL$$btod_e2e)
    _btod_emul                               0x000013d1   Thumb Code    42  btod.o(CL$$btod_emul)
    __btod_mult_common                       0x000013fb   Thumb Code   580  btod.o(CL$$btod_mult_common)
    AD5940_ADCBaseCfgS                       0x00001701   Thumb Code    32  ad5940.o(i.AD5940_ADCBaseCfgS)
    AD5940_ADCFilterCfgS                     0x00001721   Thumb Code   108  ad5940.o(i.AD5940_ADCFilterCfgS)
    AD5940_AFECtrlS                          0x0000178d   Thumb Code    94  ad5940.o(i.AD5940_AFECtrlS)
    AD5940_AGPIOCfg                          0x000017eb   Thumb Code    38  ad5940.o(i.AD5940_AGPIOCfg)
    AD5940_AGPIOFuncCfg                      0x00001811   Thumb Code    14  ad5940.o(i.AD5940_AGPIOFuncCfg)
    AD5940_AGPIOIen                          0x0000181f   Thumb Code    14  ad5940.o(i.AD5940_AGPIOIen)
    AD5940_AGPIOOen                          0x0000182d   Thumb Code    14  ad5940.o(i.AD5940_AGPIOOen)
    AD5940_AGPIOPen                          0x0000183b   Thumb Code    14  ad5940.o(i.AD5940_AGPIOPen)
    AD5940_CLKCfg                            0x00001849   Thumb Code   288  ad5940.o(i.AD5940_CLKCfg)
    AD5940_ClksCalculate                     0x00001969   Thumb Code   346  ad5940.o(i.AD5940_ClksCalculate)
    AD5940_ClrMCUIntFlag                     0x00001ac9   Thumb Code    10  aducm355port.o(i.AD5940_ClrMCUIntFlag)
    AD5940_Delay10us                         0x00001b19   Thumb Code    88  aducm355port.o(i.AD5940_Delay10us)
    AD5940_EnterSleepS                       0x00001b75   Thumb Code    24  ad5940.o(i.AD5940_EnterSleepS)
    AD5940_FIFOCfg                           0x00001b8d   Thumb Code    92  ad5940.o(i.AD5940_FIFOCfg)
    AD5940_FIFOGetCnt                        0x00001be9   Thumb Code    14  ad5940.o(i.AD5940_FIFOGetCnt)
    AD5940_FIFORd                            0x00001bf9   Thumb Code    18  ad5940.o(i.AD5940_FIFORd)
    AD5940_HFOSC32MHzCtrl                    0x00001c11   Thumb Code   138  ad5940.o(i.AD5940_HFOSC32MHzCtrl)
    AD5940_INTCCfg                           0x00001c9b   Thumb Code    56  ad5940.o(i.AD5940_INTCCfg)
    AD5940_INTCClrFlag                       0x00001cd3   Thumb Code    16  ad5940.o(i.AD5940_INTCClrFlag)
    AD5940_INTCGetFlag                       0x00001ce3   Thumb Code    30  ad5940.o(i.AD5940_INTCGetFlag)
    AD5940_Initialize                        0x00001d01   Thumb Code   112  ad5940.o(i.AD5940_Initialize)
    AD5940_MCUResourceInit                   0x00001dad   Thumb Code    74  aducm355port.o(i.AD5940_MCUResourceInit)
    AD5940_Main                              0x00001dfd   Thumb Code   102  ad5940_temperature.o(i.AD5940_Main)
    AD5940_PrintResult                       0x00001eb1   Thumb Code    86  ad5940_temperature.o(i.AD5940_PrintResult)
    AD5940_REFCfgS                           0x00001f35   Thumb Code   176  ad5940.o(i.AD5940_REFCfgS)
    AD5940_ReadReg                           0x00001fe5   Thumb Code    28  ad5940.o(i.AD5940_ReadReg)
    AD5940_SEQCfg                            0x00002005   Thumb Code   120  ad5940.o(i.AD5940_SEQCfg)
    AD5940_SEQCmdWrite                       0x0000207d   Thumb Code    42  ad5940.o(i.AD5940_SEQCmdWrite)
    AD5940_SEQCtrlS                          0x000020a7   Thumb Code    40  ad5940.o(i.AD5940_SEQCtrlS)
    AD5940_SEQGenCtrl                        0x000020d1   Thumb Code    24  ad5940.o(i.AD5940_SEQGenCtrl)
    AD5940_SEQGenFetchSeq                    0x000020ed   Thumb Code    24  ad5940.o(i.AD5940_SEQGenFetchSeq)
    AD5940_SEQGenInit                        0x0000211d   Thumb Code    36  ad5940.o(i.AD5940_SEQGenInit)
    AD5940_SEQGenInsert                      0x00002145   Thumb Code    52  ad5940.o(i.AD5940_SEQGenInsert)
    AD5940_SEQGpioCtrlS                      0x000021b1   Thumb Code    16  ad5940.o(i.AD5940_SEQGpioCtrlS)
    AD5940_SEQInfoCfg                        0x000021c1   Thumb Code   116  ad5940.o(i.AD5940_SEQInfoCfg)
    AD5940_SleepKeyCtrlS                     0x00002345   Thumb Code    16  ad5940.o(i.AD5940_SleepKeyCtrlS)
    AD5940_TemperatureISR                    0x00002355   Thumb Code    92  ad5940_temperature.o(i.AD5940_TemperatureISR)
    AD5940_TemperatureInit                   0x000023d9   Thumb Code   218  ad5940_temperature.o(i.AD5940_TemperatureInit)
    AD5940_WUPTCfg                           0x000024d5   Thumb Code   348  ad5940.o(i.AD5940_WUPTCfg)
    AD5940_WUPTCtrl                          0x00002631   Thumb Code    38  ad5940.o(i.AD5940_WUPTCtrl)
    AD5940_WakeUp                            0x00002657   Thumb Code    50  ad5940.o(i.AD5940_WakeUp)
    AD5940_WriteReg                          0x00002689   Thumb Code    34  ad5940.o(i.AD5940_WriteReg)
    Afe_Int3_Handler                         0x000026b1   Thumb Code    16  aducm355port.o(i.Afe_Int3_Handler)
    ClkDivCfg                                0x000026c5   Thumb Code    60  clklib.o(i.ClkDivCfg)
    ClockInit                                0x0000270d   Thumb Code    18  main.o(i.ClockInit)
    D2DClkSpeedCheck                         0x0000271f   Thumb Code    28  clklib.o(i.D2DClkSpeedCheck)
    DigClkSel                                0x0000273d   Thumb Code   116  clklib.o(i.DigClkSel)
    DioCfgPin                                0x000027bd   Thumb Code    54  diolib.o(i.DioCfgPin)
    DioIenPin                                0x000027f3   Thumb Code    24  diolib.o(i.DioIenPin)
    EiCfg                                    0x0000280d   Thumb Code   166  intlib.o(i.EiCfg)
    EiClr                                    0x000028b9   Thumb Code    10  intlib.o(i.EiClr)
    SystemInit                               0x000028c9   Thumb Code    44  system_aducm355.o(i.SystemInit)
    UartInit                                 0x000028fd   Thumb Code    48  main.o(i.UartInit)
    UrtCfg                                   0x00002935   Thumb Code   294  urtlib.o(i.UrtCfg)
    UrtFifoCfg                               0x00002a6d   Thumb Code    14  urtlib.o(i.UrtFifoCfg)
    UrtFifoClr                               0x00002a7b   Thumb Code    18  urtlib.o(i.UrtFifoClr)
    UrtTx                                    0x00002a8d   Thumb Code    20  urtlib.o(i.UrtTx)
    __ARM_fpclassify                         0x00002aa1   Thumb Code    40  fpclassify.o(i.__ARM_fpclassify)
    _ad5940_analog_init                      0x00002ac9   Thumb Code   150  ad5940_temperature.o(i._ad5940_analog_init)
    _is_digit                                0x00002b65   Thumb Code    14  __printf_wp.o(i._is_digit)
    _sys_exit                                0x00002b73   Thumb Code     4  retarget.o(i._sys_exit)
    adi_default_setting                      0x00002b77   Thumb Code     2  system_aducm355.o(i.adi_default_setting)
    adi_system_EnableRetention               0x00002b79   Thumb Code    42  system_aducm355.o(i.adi_system_EnableRetention)
    clockUpdate                              0x00002ba9   Thumb Code   104  clklib.o(i.clockUpdate)
    ferror                                   0x00002c29   Thumb Code     8  retarget.o(i.ferror)
    fputc                                    0x00002c31   Thumb Code    32  retarget.o(i.fputc)
    main                                     0x00002c55   Thumb Code    24  main.o(i.main)
    _get_lc_numeric                          0x00002c6d   Thumb Code    44  lc_numeric_c.o(locale$$code)
    __aeabi_dadd                             0x00002c99   Thumb Code     0  daddsub_clz.o(x$fpl$dadd)
    _dadd                                    0x00002c99   Thumb Code   332  daddsub_clz.o(x$fpl$dadd)
    __aeabi_ddiv                             0x00002de9   Thumb Code     0  ddiv.o(x$fpl$ddiv)
    _ddiv                                    0x00002de9   Thumb Code   552  ddiv.o(x$fpl$ddiv)
    __aeabi_d2uiz                            0x00003099   Thumb Code     0  dfixu.o(x$fpl$dfixu)
    _dfixu                                   0x00003099   Thumb Code    90  dfixu.o(x$fpl$dfixu)
    __aeabi_ui2d                             0x000030f3   Thumb Code     0  dflt_clz.o(x$fpl$dfltu)
    _dfltu                                   0x000030f3   Thumb Code    38  dflt_clz.o(x$fpl$dfltu)
    __fpl_dnaninf                            0x00003119   Thumb Code   156  dnaninf.o(x$fpl$dnaninf)
    __fpl_dretinf                            0x000031b5   Thumb Code    12  dretinf.o(x$fpl$dretinf)
    __aeabi_dsub                             0x000031c1   Thumb Code     0  daddsub_clz.o(x$fpl$dsub)
    _dsub                                    0x000031c1   Thumb Code   464  daddsub_clz.o(x$fpl$dsub)
    __aeabi_f2d                              0x00003395   Thumb Code     0  f2d.o(x$fpl$f2d)
    _f2d                                     0x00003395   Thumb Code    86  f2d.o(x$fpl$f2d)
    __aeabi_fadd                             0x000033ed   Thumb Code     0  faddsub_clz.o(x$fpl$fadd)
    _fadd                                    0x000033ed   Thumb Code   196  faddsub_clz.o(x$fpl$fadd)
    __aeabi_fdiv                             0x000034b1   Thumb Code     0  fdiv.o(x$fpl$fdiv)
    _fdiv                                    0x000034b1   Thumb Code   384  fdiv.o(x$fpl$fdiv)
    __aeabi_f2uiz                            0x00003635   Thumb Code     0  ffixu.o(x$fpl$ffixu)
    _ffixu                                   0x00003635   Thumb Code    62  ffixu.o(x$fpl$ffixu)
    __aeabi_i2f                              0x00003675   Thumb Code     0  fflt_clz.o(x$fpl$fflt)
    _fflt                                    0x00003675   Thumb Code    48  fflt_clz.o(x$fpl$fflt)
    __aeabi_ui2f                             0x000036a5   Thumb Code     0  fflt_clz.o(x$fpl$ffltu)
    _ffltu                                   0x000036a5   Thumb Code    38  fflt_clz.o(x$fpl$ffltu)
    __aeabi_fmul                             0x000036cd   Thumb Code     0  fmul.o(x$fpl$fmul)
    _fmul                                    0x000036cd   Thumb Code   258  fmul.o(x$fpl$fmul)
    __fpl_fnaninf                            0x000037cf   Thumb Code   140  fnaninf.o(x$fpl$fnaninf)
    __fpl_fretinf                            0x0000385b   Thumb Code    10  fretinf.o(x$fpl$fretinf)
    __aeabi_fsub                             0x00003865   Thumb Code     0  faddsub_clz.o(x$fpl$fsub)
    _fsub                                    0x00003865   Thumb Code   234  faddsub_clz.o(x$fpl$fsub)
    _printf_fp_dec                           0x0000394f   Thumb Code     4  printf1.o(x$fpl$printf1)
    __I$use$fp                               0x00003952   Number         0  usenofp.o(x$fpl$usenofp)
    Region$$Table$$Base                      0x00003c20   Number         0  anon$$obj.o(Region$$Table)
    Region$$Table$$Limit                     0x00003c30   Number         0  anon$$obj.o(Region$$Table)
    data_count                               0x20002000   Data           4  ad5940_temperature.o(.data)
    __stdout                                 0x20002008   Data           4  retarget.o(.data)
    __stdin                                  0x2000200c   Data           4  retarget.o(.data)
    buff                                     0x20002024   Data         512  ad5940_temperature.o(.bss)
    SeqGenDB                                 0x20002224   Data          28  ad5940.o(.bss)
    __libspace_start                         0x20002240   Data          96  libspace.o(.bss)
    __temporary_stack_top$libspace           0x200022a0   Data           0  libspace.o(.bss)



==============================================================================

Memory Map of the image

  Image Entry point : 0x00000145

  Load Region LR_IROM1 (Base: 0x00000000, Size: 0x00003c70, Max: 0x00020000, ABSOLUTE)

    Execution Region ER_IROM1 (Exec base: 0x00000000, Load base: 0x00000000, Size: 0x00003c4c, Max: 0x00020000, ABSOLUTE)

    Exec Addr    Load Addr    Size         Type   Attr      Idx    E Section Name        Object

    0x00000000   0x00000000   0x00000144   Data   RO         1488    RESET               startup_aducm355.o
    0x00000144   0x00000144   0x00000008   Code   RO         1634  * !!!main             c_w.l(__main.o)
    0x0000014c   0x0000014c   0x00000034   Code   RO         2024    !!!scatter          c_w.l(__scatter.o)
    0x00000180   0x00000180   0x00000020   Code   RO         1489    .ARM.__at_0x180     startup_aducm355.o
    0x000001a0   0x000001a0   0x0000001a   Code   RO         2026    !!handler_copy      c_w.l(__scatter_copy.o)
    0x000001ba   0x000001ba   0x00000000   Code   RO         1625    .ARM.Collect$$_printf_percent$$00000000  c_w.l(_printf_percent.o)
    0x000001ba   0x000001ba   0x00000006   Code   RO         1624    .ARM.Collect$$_printf_percent$$00000003  c_w.l(_printf_f.o)
    0x000001c0   0x000001c0   0x00000006   Code   RO         1623    .ARM.Collect$$_printf_percent$$00000009  c_w.l(_printf_d.o)
    0x000001c6   0x000001c6   0x00000006   Code   RO         1622    .ARM.Collect$$_printf_percent$$0000000C  c_w.l(_printf_x.o)
    0x000001cc   0x000001cc   0x00000004   Code   RO         1753    .ARM.Collect$$_printf_percent$$00000017  c_w.l(_printf_percent_end.o)
    0x000001d0   0x000001d0   0x00000002   Code   RO         1899    .ARM.Collect$$libinit$$00000000  c_w.l(libinit.o)
    0x000001d2   0x000001d2   0x00000000   Code   RO         1901    .ARM.Collect$$libinit$$00000002  c_w.l(libinit2.o)
    0x000001d2   0x000001d2   0x00000000   Code   RO         1903    .ARM.Collect$$libinit$$00000004  c_w.l(libinit2.o)
    0x000001d2   0x000001d2   0x00000000   Code   RO         1906    .ARM.Collect$$libinit$$0000000A  c_w.l(libinit2.o)
    0x000001d2   0x000001d2   0x00000000   Code   RO         1908    .ARM.Collect$$libinit$$0000000C  c_w.l(libinit2.o)
    0x000001d2   0x000001d2   0x00000000   Code   RO         1910    .ARM.Collect$$libinit$$0000000E  c_w.l(libinit2.o)
    0x000001d2   0x000001d2   0x00000006   Code   RO         1911    .ARM.Collect$$libinit$$0000000F  c_w.l(libinit2.o)
    0x000001d8   0x000001d8   0x00000000   Code   RO         1913    .ARM.Collect$$libinit$$00000011  c_w.l(libinit2.o)
    0x000001d8   0x000001d8   0x00000000   Code   RO         1915    .ARM.Collect$$libinit$$00000013  c_w.l(libinit2.o)
    0x000001d8   0x000001d8   0x00000000   Code   RO         1917    .ARM.Collect$$libinit$$00000015  c_w.l(libinit2.o)
    0x000001d8   0x000001d8   0x0000000a   Code   RO         1918    .ARM.Collect$$libinit$$00000016  c_w.l(libinit2.o)
    0x000001e2   0x000001e2   0x00000000   Code   RO         1919    .ARM.Collect$$libinit$$00000017  c_w.l(libinit2.o)
    0x000001e2   0x000001e2   0x00000000   Code   RO         1921    .ARM.Collect$$libinit$$00000019  c_w.l(libinit2.o)
    0x000001e2   0x000001e2   0x00000000   Code   RO         1923    .ARM.Collect$$libinit$$0000001B  c_w.l(libinit2.o)
    0x000001e2   0x000001e2   0x00000000   Code   RO         1925    .ARM.Collect$$libinit$$0000001D  c_w.l(libinit2.o)
    0x000001e2   0x000001e2   0x00000000   Code   RO         1927    .ARM.Collect$$libinit$$0000001F  c_w.l(libinit2.o)
    0x000001e2   0x000001e2   0x00000000   Code   RO         1929    .ARM.Collect$$libinit$$00000021  c_w.l(libinit2.o)
    0x000001e2   0x000001e2   0x00000000   Code   RO         1931    .ARM.Collect$$libinit$$00000023  c_w.l(libinit2.o)
    0x000001e2   0x000001e2   0x00000000   Code   RO         1933    .ARM.Collect$$libinit$$00000025  c_w.l(libinit2.o)
    0x000001e2   0x000001e2   0x00000000   Code   RO         1937    .ARM.Collect$$libinit$$0000002C  c_w.l(libinit2.o)
    0x000001e2   0x000001e2   0x00000000   Code   RO         1939    .ARM.Collect$$libinit$$0000002E  c_w.l(libinit2.o)
    0x000001e2   0x000001e2   0x00000000   Code   RO         1941    .ARM.Collect$$libinit$$00000030  c_w.l(libinit2.o)
    0x000001e2   0x000001e2   0x00000000   Code   RO         1943    .ARM.Collect$$libinit$$00000032  c_w.l(libinit2.o)
    0x000001e2   0x000001e2   0x00000002   Code   RO         1944    .ARM.Collect$$libinit$$00000033  c_w.l(libinit2.o)
    0x000001e4   0x000001e4   0x00000002   Code   RO         1988    .ARM.Collect$$libshutdown$$00000000  c_w.l(libshutdown.o)
    0x000001e6   0x000001e6   0x00000000   Code   RO         2007    .ARM.Collect$$libshutdown$$00000002  c_w.l(libshutdown2.o)
    0x000001e6   0x000001e6   0x00000000   Code   RO         2009    .ARM.Collect$$libshutdown$$00000004  c_w.l(libshutdown2.o)
    0x000001e6   0x000001e6   0x00000000   Code   RO         2012    .ARM.Collect$$libshutdown$$00000007  c_w.l(libshutdown2.o)
    0x000001e6   0x000001e6   0x00000000   Code   RO         2015    .ARM.Collect$$libshutdown$$0000000A  c_w.l(libshutdown2.o)
    0x000001e6   0x000001e6   0x00000000   Code   RO         2017    .ARM.Collect$$libshutdown$$0000000C  c_w.l(libshutdown2.o)
    0x000001e6   0x000001e6   0x00000000   Code   RO         2020    .ARM.Collect$$libshutdown$$0000000F  c_w.l(libshutdown2.o)
    0x000001e6   0x000001e6   0x00000002   Code   RO         2021    .ARM.Collect$$libshutdown$$00000010  c_w.l(libshutdown2.o)
    0x000001e8   0x000001e8   0x00000000   Code   RO         1740    .ARM.Collect$$rtentry$$00000000  c_w.l(__rtentry.o)
    0x000001e8   0x000001e8   0x00000000   Code   RO         1813    .ARM.Collect$$rtentry$$00000002  c_w.l(__rtentry2.o)
    0x000001e8   0x000001e8   0x00000006   Code   RO         1825    .ARM.Collect$$rtentry$$00000004  c_w.l(__rtentry4.o)
    0x000001ee   0x000001ee   0x00000000   Code   RO         1815    .ARM.Collect$$rtentry$$00000009  c_w.l(__rtentry2.o)
    0x000001ee   0x000001ee   0x00000004   Code   RO         1816    .ARM.Collect$$rtentry$$0000000A  c_w.l(__rtentry2.o)
    0x000001f2   0x000001f2   0x00000000   Code   RO         1818    .ARM.Collect$$rtentry$$0000000C  c_w.l(__rtentry2.o)
    0x000001f2   0x000001f2   0x00000008   Code   RO         1819    .ARM.Collect$$rtentry$$0000000D  c_w.l(__rtentry2.o)
    0x000001fa   0x000001fa   0x00000002   Code   RO         1947    .ARM.Collect$$rtexit$$00000000  c_w.l(rtexit.o)
    0x000001fc   0x000001fc   0x00000000   Code   RO         1962    .ARM.Collect$$rtexit$$00000002  c_w.l(rtexit2.o)
    0x000001fc   0x000001fc   0x00000004   Code   RO         1963    .ARM.Collect$$rtexit$$00000003  c_w.l(rtexit2.o)
    0x00000200   0x00000200   0x00000006   Code   RO         1964    .ARM.Collect$$rtexit$$00000004  c_w.l(rtexit2.o)
    0x00000206   0x00000206   0x00000002   PAD
    0x00000208   0x00000208   0x00000050   Code   RO         1491    .text               startup_aducm355.o
    0x00000258   0x00000258   0x00000002   Code   RO         1565    .text               c_w.l(use_no_semi.o)
    0x0000025a   0x0000025a   0x000000ee   Code   RO         1567    .text               c_w.l(lludivv7m.o)
    0x00000348   0x00000348   0x00000018   Code   RO         1573    .text               c_w.l(noretval__2printf.o)
    0x00000360   0x00000360   0x0000004e   Code   RO         1577    .text               c_w.l(_printf_pad.o)
    0x000003ae   0x000003ae   0x00000002   PAD
    0x000003b0   0x000003b0   0x00000078   Code   RO         1579    .text               c_w.l(_printf_dec.o)
    0x00000428   0x00000428   0x00000058   Code   RO         1584    .text               c_w.l(_printf_hex_int.o)
    0x00000480   0x00000480   0x00000188   Code   RO         1619    .text               c_w.l(__printf_flags_ss_wp.o)
    0x00000608   0x00000608   0x0000002c   Code   RO         1626    .text               c_w.l(puts.o)
    0x00000634   0x00000634   0x00000064   Code   RO         1628    .text               c_w.l(rt_memcpy_w.o)
    0x00000698   0x00000698   0x00000006   Code   RO         1632    .text               c_w.l(heapauxi.o)
    0x0000069e   0x0000069e   0x000000b2   Code   RO         1747    .text               c_w.l(_printf_intcommon.o)
    0x00000750   0x00000750   0x00000024   Code   RO         1751    .text               c_w.l(_printf_char_file.o)
    0x00000774   0x00000774   0x00000008   Code   RO         1832    .text               c_w.l(rt_locale_intlibspace.o)
    0x0000077c   0x0000077c   0x00000030   Code   RO         1841    .text               c_w.l(_printf_char_common.o)
    0x000007ac   0x000007ac   0x00000008   Code   RO         1879    .text               c_w.l(libspace.o)
    0x000007b4   0x000007b4   0x00000012   Code   RO         1886    .text               c_w.l(exit.o)
    0x000007c6   0x000007c6   0x0000002a   Code   RO         1852    CL$$btod_ediv       c_w.l(btod.o)
    0x000007f0   0x000007f0   0x0000000c   Code   RO          154    i.AD5940_GetMCUIntFlag  aducm355port.o
    0x000007fc   0x000007fc   0x00000004   Code   RO         1490    .ARM.__at_0x7FC     startup_aducm355.o
    0x00000800   0x00000800   0x0000041e   Code   RO         1749    .text               c_w.l(_printf_fp_dec.o)
    0x00000c1e   0x00000c1e   0x0000008a   Code   RO         1839    .text               c_w.l(lludiv10.o)
    0x00000ca8   0x00000ca8   0x00000080   Code   RO         1843    .text               c_w.l(_printf_fp_infnan.o)
    0x00000d28   0x00000d28   0x000000e4   Code   RO         1845    .text               c_w.l(bigflt0.o)
    0x00000e0c   0x00000e0c   0x0000004a   Code   RO         1882    .text               c_w.l(sys_stackheap_outer.o)
    0x00000e56   0x00000e56   0x00000002   PAD
    0x00000e58   0x00000e58   0x00000080   Code   RO         1892    .text               c_w.l(strcmpv7m.o)
    0x00000ed8   0x00000ed8   0x0000003e   Code   RO         1848    CL$$btod_d2e        c_w.l(btod.o)
    0x00000f16   0x00000f16   0x00000046   Code   RO         1850    CL$$btod_d2e_denorm_low  c_w.l(btod.o)
    0x00000f5c   0x00000f5c   0x00000060   Code   RO         1849    CL$$btod_d2e_norm_op1  c_w.l(btod.o)
    0x00000fbc   0x00000fbc   0x00000338   Code   RO         1858    CL$$btod_div_common  c_w.l(btod.o)
    0x000012f4   0x000012f4   0x000000dc   Code   RO         1855    CL$$btod_e2e        c_w.l(btod.o)
    0x000013d0   0x000013d0   0x0000002a   Code   RO         1851    CL$$btod_emul       c_w.l(btod.o)
    0x000013fa   0x000013fa   0x00000244   Code   RO         1857    CL$$btod_mult_common  c_w.l(btod.o)
    0x0000163e   0x0000163e   0x00000002   PAD
    0x00001640   0x00001640   0x000000c0   Code   RO            1    i.AD5940PlatformCfg  ad5940_temperature.o
    0x00001700   0x00001700   0x00000020   Code   RO          800    i.AD5940_ADCBaseCfgS  ad5940.o
    0x00001720   0x00001720   0x0000006c   Code   RO          804    i.AD5940_ADCFilterCfgS  ad5940.o
    0x0000178c   0x0000178c   0x0000005e   Code   RO          809    i.AD5940_AFECtrlS   ad5940.o
    0x000017ea   0x000017ea   0x00000026   Code   RO          811    i.AD5940_AGPIOCfg   ad5940.o
    0x00001810   0x00001810   0x0000000e   Code   RO          813    i.AD5940_AGPIOFuncCfg  ad5940.o
    0x0000181e   0x0000181e   0x0000000e   Code   RO          814    i.AD5940_AGPIOIen   ad5940.o
    0x0000182c   0x0000182c   0x0000000e   Code   RO          816    i.AD5940_AGPIOOen   ad5940.o
    0x0000183a   0x0000183a   0x0000000e   Code   RO          817    i.AD5940_AGPIOPen   ad5940.o
    0x00001848   0x00001848   0x00000120   Code   RO          820    i.AD5940_CLKCfg     ad5940.o
    0x00001968   0x00001968   0x00000160   Code   RO          821    i.AD5940_ClksCalculate  ad5940.o
    0x00001ac8   0x00001ac8   0x00000010   Code   RO          152    i.AD5940_ClrMCUIntFlag  aducm355port.o
    0x00001ad8   0x00001ad8   0x00000020   Code   RO          830    i.AD5940_D2DReadReg  ad5940.o
    0x00001af8   0x00001af8   0x00000020   Code   RO          831    i.AD5940_D2DWriteReg  ad5940.o
    0x00001b18   0x00001b18   0x0000005c   Code   RO          153    i.AD5940_Delay10us  aducm355port.o
    0x00001b74   0x00001b74   0x00000018   Code   RO          834    i.AD5940_EnterSleepS  ad5940.o
    0x00001b8c   0x00001b8c   0x0000005c   Code   RO          835    i.AD5940_FIFOCfg    ad5940.o
    0x00001be8   0x00001be8   0x0000000e   Code   RO          838    i.AD5940_FIFOGetCnt  ad5940.o
    0x00001bf6   0x00001bf6   0x00000002   PAD
    0x00001bf8   0x00001bf8   0x00000018   Code   RO          839    i.AD5940_FIFORd     ad5940.o
    0x00001c10   0x00001c10   0x0000008a   Code   RO          843    i.AD5940_HFOSC32MHzCtrl  ad5940.o
    0x00001c9a   0x00001c9a   0x00000038   Code   RO          852    i.AD5940_INTCCfg    ad5940.o
    0x00001cd2   0x00001cd2   0x00000010   Code   RO          853    i.AD5940_INTCClrFlag  ad5940.o
    0x00001ce2   0x00001ce2   0x0000001e   Code   RO          855    i.AD5940_INTCGetFlag  ad5940.o
    0x00001d00   0x00001d00   0x000000ac   Code   RO          857    i.AD5940_Initialize  ad5940.o
    0x00001dac   0x00001dac   0x00000050   Code   RO          155    i.AD5940_MCUResourceInit  aducm355port.o
    0x00001dfc   0x00001dfc   0x000000b4   Code   RO            2    i.AD5940_Main       ad5940_temperature.o
    0x00001eb0   0x00001eb0   0x00000084   Code   RO            3    i.AD5940_PrintResult  ad5940_temperature.o
    0x00001f34   0x00001f34   0x000000b0   Code   RO          872    i.AD5940_REFCfgS    ad5940.o
    0x00001fe4   0x00001fe4   0x00000020   Code   RO          874    i.AD5940_ReadReg    ad5940.o
    0x00002004   0x00002004   0x00000078   Code   RO          875    i.AD5940_SEQCfg     ad5940.o
    0x0000207c   0x0000207c   0x0000002a   Code   RO          876    i.AD5940_SEQCmdWrite  ad5940.o
    0x000020a6   0x000020a6   0x00000028   Code   RO          877    i.AD5940_SEQCtrlS   ad5940.o
    0x000020ce   0x000020ce   0x00000002   PAD
    0x000020d0   0x000020d0   0x0000001c   Code   RO          879    i.AD5940_SEQGenCtrl  ad5940.o
    0x000020ec   0x000020ec   0x0000001c   Code   RO          880    i.AD5940_SEQGenFetchSeq  ad5940.o
    0x00002108   0x00002108   0x00000012   Code   RO          881    i.AD5940_SEQGenGetRegDefault  ad5940.o
    0x0000211a   0x0000211a   0x00000002   PAD
    0x0000211c   0x0000211c   0x00000028   Code   RO          882    i.AD5940_SEQGenInit  ad5940.o
    0x00002144   0x00002144   0x00000038   Code   RO          883    i.AD5940_SEQGenInsert  ad5940.o
    0x0000217c   0x0000217c   0x00000034   Code   RO          884    i.AD5940_SEQGenSearchReg  ad5940.o
    0x000021b0   0x000021b0   0x00000010   Code   RO          886    i.AD5940_SEQGpioCtrlS  ad5940.o
    0x000021c0   0x000021c0   0x00000074   Code   RO          889    i.AD5940_SEQInfoCfg  ad5940.o
    0x00002234   0x00002234   0x00000038   Code   RO          892    i.AD5940_SEQReadReg  ad5940.o
    0x0000226c   0x0000226c   0x0000005c   Code   RO          893    i.AD5940_SEQRegInfoInsert  ad5940.o
    0x000022c8   0x000022c8   0x0000007c   Code   RO          895    i.AD5940_SEQWriteReg  ad5940.o
    0x00002344   0x00002344   0x00000010   Code   RO          898    i.AD5940_SleepKeyCtrlS  ad5940.o
    0x00002354   0x00002354   0x00000084   Code   RO            4    i.AD5940_TemperatureISR  ad5940_temperature.o
    0x000023d8   0x000023d8   0x000000fc   Code   RO            5    i.AD5940_TemperatureInit  ad5940_temperature.o
    0x000024d4   0x000024d4   0x0000015c   Code   RO          907    i.AD5940_WUPTCfg    ad5940.o
    0x00002630   0x00002630   0x00000026   Code   RO          908    i.AD5940_WUPTCtrl   ad5940.o
    0x00002656   0x00002656   0x00000032   Code   RO          910    i.AD5940_WakeUp     ad5940.o
    0x00002688   0x00002688   0x00000028   Code   RO          911    i.AD5940_WriteReg   ad5940.o
    0x000026b0   0x000026b0   0x00000014   Code   RO          156    i.Afe_Int3_Handler  aducm355port.o
    0x000026c4   0x000026c4   0x00000048   Code   RO          276    i.ClkDivCfg         clklib.o
    0x0000270c   0x0000270c   0x00000012   Code   RO           68    i.ClockInit         main.o
    0x0000271e   0x0000271e   0x0000001c   Code   RO          279    i.D2DClkSpeedCheck  clklib.o
    0x0000273a   0x0000273a   0x00000002   PAD
    0x0000273c   0x0000273c   0x00000080   Code   RO          280    i.DigClkSel         clklib.o
    0x000027bc   0x000027bc   0x00000036   Code   RO          347    i.DioCfgPin         diolib.o
    0x000027f2   0x000027f2   0x00000018   Code   RO          350    i.DioIenPin         diolib.o
    0x0000280a   0x0000280a   0x00000002   PAD
    0x0000280c   0x0000280c   0x000000ac   Code   RO          617    i.EiCfg             intlib.o
    0x000028b8   0x000028b8   0x00000010   Code   RO          618    i.EiClr             intlib.o
    0x000028c8   0x000028c8   0x00000034   Code   RO         1502    i.SystemInit        system_aducm355.o
    0x000028fc   0x000028fc   0x00000038   Code   RO           69    i.UartInit          main.o
    0x00002934   0x00002934   0x00000138   Code   RO          714    i.UrtCfg            urtlib.o
    0x00002a6c   0x00002a6c   0x0000000e   Code   RO          716    i.UrtFifoCfg        urtlib.o
    0x00002a7a   0x00002a7a   0x00000012   Code   RO          717    i.UrtFifoClr        urtlib.o
    0x00002a8c   0x00002a8c   0x00000014   Code   RO          724    i.UrtTx             urtlib.o
    0x00002aa0   0x00002aa0   0x00000028   Code   RO         1797    i.__ARM_fpclassify  m_ws.l(fpclassify.o)
    0x00002ac8   0x00002ac8   0x0000009c   Code   RO            6    i._ad5940_analog_init  ad5940_temperature.o
    0x00002b64   0x00002b64   0x0000000e   Code   RO         1612    i._is_digit         c_w.l(__printf_wp.o)
    0x00002b72   0x00002b72   0x00000004   Code   RO          215    i._sys_exit         retarget.o
    0x00002b76   0x00002b76   0x00000002   Code   RO         1503    i.adi_default_setting  system_aducm355.o
    0x00002b78   0x00002b78   0x00000030   Code   RO         1506    i.adi_system_EnableRetention  system_aducm355.o
    0x00002ba8   0x00002ba8   0x00000080   Code   RO          281    i.clockUpdate       clklib.o
    0x00002c28   0x00002c28   0x00000008   Code   RO          217    i.ferror            retarget.o
    0x00002c30   0x00002c30   0x00000024   Code   RO          219    i.fputc             retarget.o
    0x00002c54   0x00002c54   0x00000018   Code   RO           70    i.main              main.o
    0x00002c6c   0x00002c6c   0x0000002c   Code   RO         1871    locale$$code        c_w.l(lc_numeric_c.o)
    0x00002c98   0x00002c98   0x00000150   Code   RO         1638    x$fpl$dadd          fz_ws.l(daddsub_clz.o)
    0x00002de8   0x00002de8   0x000002b0   Code   RO         1645    x$fpl$ddiv          fz_ws.l(ddiv.o)
    0x00003098   0x00003098   0x0000005a   Code   RO         1652    x$fpl$dfixu         fz_ws.l(dfixu.o)
    0x000030f2   0x000030f2   0x00000026   Code   RO         1656    x$fpl$dfltu         fz_ws.l(dflt_clz.o)
    0x00003118   0x00003118   0x0000009c   Code   RO         1758    x$fpl$dnaninf       fz_ws.l(dnaninf.o)
    0x000031b4   0x000031b4   0x0000000c   Code   RO         1760    x$fpl$dretinf       fz_ws.l(dretinf.o)
    0x000031c0   0x000031c0   0x000001d4   Code   RO         1640    x$fpl$dsub          fz_ws.l(daddsub_clz.o)
    0x00003394   0x00003394   0x00000056   Code   RO         1668    x$fpl$f2d           fz_ws.l(f2d.o)
    0x000033ea   0x000033ea   0x00000002   PAD
    0x000033ec   0x000033ec   0x000000c4   Code   RO         1670    x$fpl$fadd          fz_ws.l(faddsub_clz.o)
    0x000034b0   0x000034b0   0x00000184   Code   RO         1677    x$fpl$fdiv          fz_ws.l(fdiv.o)
    0x00003634   0x00003634   0x0000003e   Code   RO         1686    x$fpl$ffixu         fz_ws.l(ffixu.o)
    0x00003672   0x00003672   0x00000002   PAD
    0x00003674   0x00003674   0x00000030   Code   RO         1691    x$fpl$fflt          fz_ws.l(fflt_clz.o)
    0x000036a4   0x000036a4   0x00000026   Code   RO         1690    x$fpl$ffltu         fz_ws.l(fflt_clz.o)
    0x000036ca   0x000036ca   0x00000002   PAD
    0x000036cc   0x000036cc   0x00000102   Code   RO         1700    x$fpl$fmul          fz_ws.l(fmul.o)
    0x000037ce   0x000037ce   0x0000008c   Code   RO         1766    x$fpl$fnaninf       fz_ws.l(fnaninf.o)
    0x0000385a   0x0000385a   0x0000000a   Code   RO         1768    x$fpl$fretinf       fz_ws.l(fretinf.o)
    0x00003864   0x00003864   0x000000ea   Code   RO         1672    x$fpl$fsub          fz_ws.l(faddsub_clz.o)
    0x0000394e   0x0000394e   0x00000004   Code   RO         1704    x$fpl$printf1       fz_ws.l(printf1.o)
    0x00003952   0x00003952   0x00000000   Code   RO         1772    x$fpl$usenofp       fz_ws.l(usenofp.o)
    0x00003952   0x00003952   0x00000002   PAD
    0x00003954   0x00003954   0x000001fc   Data   RO          915    .constdata          ad5940.o
    0x00003b50   0x00003b50   0x00000028   Data   RO         1585    .constdata          c_w.l(_printf_hex_int.o)
    0x00003b78   0x00003b78   0x00000011   Data   RO         1620    .constdata          c_w.l(__printf_flags_ss_wp.o)
    0x00003b89   0x00003b89   0x00000003   PAD
    0x00003b8c   0x00003b8c   0x00000094   Data   RO         1846    .constdata          c_w.l(bigflt0.o)
    0x00003c20   0x00003c20   0x00000010   Data   RO         2022    Region$$Table       anon$$obj.o
    0x00003c30   0x00003c30   0x0000001c   Data   RO         1870    locale$$data        c_w.l(lc_numeric_c.o)


    Execution Region RW_IRAM1 (Exec base: 0x20000000, Load base: 0x00003c4c, Size: 0x00000c00, Max: 0x00002000, ABSOLUTE, UNINIT)

    Exec Addr    Load Addr    Size         Type   Attr      Idx    E Section Name        Object

    0x20000000        -       0x00000c00   Zero   RW         1487    HEAP                startup_aducm355.o


    Execution Region RW_IRAM2 (Exec base: 0x20002000, Load base: 0x00003c4c, Size: 0x000006a0, Max: 0x00002000, ABSOLUTE, UNINIT)

    Exec Addr    Load Addr    Size         Type   Attr      Idx    E Section Name        Object

    0x20002000   0x00003c4c   0x00000004   Data   RW            8    .data               ad5940_temperature.o
    0x20002004   0x00003c50   0x00000004   Data   RW          157    .data               aducm355port.o
    0x20002008   0x00003c54   0x00000008   Data   RW          220    .data               retarget.o
    0x20002010   0x00003c5c   0x00000010   Data   RW          283    .data               clklib.o
    0x20002020   0x00003c6c   0x00000001   Data   RW          916    .data               ad5940.o
    0x20002021   0x00003c6d   0x00000003   PAD
    0x20002024        -       0x00000200   Zero   RW            7    .bss                ad5940_temperature.o
    0x20002224        -       0x0000001c   Zero   RW          914    .bss                ad5940.o
    0x20002240        -       0x00000060   Zero   RW         1880    .bss                c_w.l(libspace.o)
    0x200022a0        -       0x00000400   Zero   RW         1486    STACK               startup_aducm355.o


==============================================================================

Image component sizes


      Code (inc. data)   RO Data    RW Data    ZI Data      Debug   Object Name

      3126        132        508          1         28      31422   ad5940.o
      1044        208          0          4        512     105828   ad5940_temperature.o
       220         26          0          4          0      28804   aducm355port.o
       356         48          0         16          0       3029   clklib.o
        78          0          0          0          0       1988   diolib.o
       188         12          0          0          0       1288   intlib.o
        98          8          0          0          0      20606   main.o
         0          0          0          0          0        468   pwrlib.o
        48          4          0          8          0       3771   retarget.o
       116         68        324          0       4096       1524   startup_aducm355.o
       102         14          0          0          0       2748   system_aducm355.o
       364         18          0          0          0       3431   urtlib.o

    ----------------------------------------------------------------------
      5750        538        848         36       4636     204907   Object Totals
         0          0         16          0          0          0   (incl. Generated)
        10          0          0          3          0          0   (incl. Padding)

    ----------------------------------------------------------------------

      Code (inc. data)   RO Data    RW Data    ZI Data      Debug   Library Member Name

         8          0          0          0          0         68   __main.o
       392          4         17          0          0         92   __printf_flags_ss_wp.o
        14          0          0          0          0         68   __printf_wp.o
         0          0          0          0          0          0   __rtentry.o
        12          0          0          0          0          0   __rtentry2.o
         6          0          0          0          0          0   __rtentry4.o
        52          8          0          0          0          0   __scatter.o
        26          0          0          0          0          0   __scatter_copy.o
        48          6          0          0          0         96   _printf_char_common.o
        36          4          0          0          0         80   _printf_char_file.o
         6          0          0          0          0          0   _printf_d.o
       120         16          0          0          0         92   _printf_dec.o
         6          0          0          0          0          0   _printf_f.o
      1054          0          0          0          0        216   _printf_fp_dec.o
       128         16          0          0          0         84   _printf_fp_infnan.o
        88          4         40          0          0         88   _printf_hex_int.o
       178          0          0          0          0         88   _printf_intcommon.o
        78          0          0          0          0        108   _printf_pad.o
         0          0          0          0          0          0   _printf_percent.o
         4          0          0          0          0          0   _printf_percent_end.o
         6          0          0          0          0          0   _printf_x.o
       228          4        148          0          0         96   bigflt0.o
      1936        128          0          0          0        672   btod.o
        18          0          0          0          0         80   exit.o
         6          0          0          0          0        152   heapauxi.o
        44         10         28          0          0         76   lc_numeric_c.o
         2          0          0          0          0          0   libinit.o
        18          0          0          0          0          0   libinit2.o
         2          0          0          0          0          0   libshutdown.o
         2          0          0          0          0          0   libshutdown2.o
         8          4          0          0         96         68   libspace.o
       138          0          0          0          0         80   lludiv10.o
       238          0          0          0          0        100   lludivv7m.o
        24          4          0          0          0         84   noretval__2printf.o
        44          4          0          0          0         84   puts.o
         8          4          0          0          0         68   rt_locale_intlibspace.o
       100          0          0          0          0         80   rt_memcpy_w.o
         2          0          0          0          0          0   rtexit.o
        10          0          0          0          0          0   rtexit2.o
       128          0          0          0          0         68   strcmpv7m.o
        74          0          0          0          0         80   sys_stackheap_outer.o
         2          0          0          0          0         68   use_no_semi.o
       804         16          0          0          0        272   daddsub_clz.o
       688        140          0          0          0        208   ddiv.o
        90          4          0          0          0         92   dfixu.o
        38          0          0          0          0         68   dflt_clz.o
       156          4          0          0          0         92   dnaninf.o
        12          0          0          0          0         68   dretinf.o
        86          4          0          0          0         84   f2d.o
       430          8          0          0          0        168   faddsub_clz.o
       388         76          0          0          0         96   fdiv.o
        62          4          0          0          0         84   ffixu.o
        86          0          0          0          0        136   fflt_clz.o
       258          4          0          0          0         84   fmul.o
       140          4          0          0          0         84   fnaninf.o
        10          0          0          0          0         68   fretinf.o
         4          0          0          0          0         68   printf1.o
         0          0          0          0          0          0   usenofp.o
        40          0          0          0          0         68   fpclassify.o

    ----------------------------------------------------------------------
      8602        480        236          0         96       4676   Library Totals
        16          0          3          0          0          0   (incl. Padding)

    ----------------------------------------------------------------------

      Code (inc. data)   RO Data    RW Data    ZI Data      Debug   Library Name

      5294        216        233          0         96       2936   c_w.l
      3252        264          0          0          0       1672   fz_ws.l
        40          0          0          0          0         68   m_ws.l

    ----------------------------------------------------------------------
      8602        480        236          0         96       4676   Library Totals

    ----------------------------------------------------------------------

==============================================================================


      Code (inc. data)   RO Data    RW Data    ZI Data      Debug   

     14352       1018       1084         36       4732     203375   Grand Totals
     14352       1018       1084         36       4732     203375   ELF Image Totals
     14352       1018       1084         36          0          0   ROM Totals

==============================================================================

    Total RO  Size (Code + RO Data)                15436 (  15.07kB)
    Total RW  Size (RW Data + ZI Data)              4768 (   4.66kB)
    Total ROM Size (Code + RO Data + RW Data)      15472 (  15.11kB)

==============================================================================

