<html>
<body>
<pre>
<h1>µVision Build Log</h1>
<h2>Tool Versions:</h2>
IDE-Version: µVision V5.31.0.0
Copyright (C) 2020 ARM Ltd and ARM Germany GmbH. All rights reserved.
License Information: trenton trenton_rochelle@yahoo.com, aptitude medical, LIC=----
 
Tool Versions:
Toolchain:       MDK-Lite  Version: 5.31.0.0
Toolchain Path:  C:\Keil_v5\ARM\ARMCC\Bin
C Compiler:      Armcc.exe V5.06 update 6 (build 750)
Assembler:       Armasm.exe V5.06 update 6 (build 750)
Linker/Locator:  ArmLink.exe V5.06 update 6 (build 750)
Library Manager: ArmAr.exe V5.06 update 6 (build 750)
Hex Converter:   FromElf.exe V5.06 update 6 (build 750)
CPU DLL:         SARMCM3.DLL V5.31.0.0
Dialog DLL:      DCM.DLL V1.17.3.0
Target DLL:      Segger\JL2CM3.dll V2.99.38.0
Dialog DLL:      TCM.DLL V1.46.0.0
 
<h2>Project:</h2>
C:\Users\trent\Coding\Aptitude\Covid Software\covid_sensor\ADuCM355\ADuCM355\examples\Analog Die\M355_Temperature\ARM\M355_Temperature.uvprojx
Project File Date:  09/09/2020

<h2>Output:</h2>
*** Using Compiler 'V5.06 update 6 (build 750)', folder: 'C:\Keil_v5\ARM\ARMCC\Bin'
Build target 'ADuCM355'
compiling AD5940_Temperature.c...
linking...
Program Size: Code=14352 RO-data=1084 RW-data=36 ZI-data=4732  
".\Objects\M355_Temperature\M355_Temperature.axf" - 0 Error(s), 0 Warning(s).

<h2>Software Packages used:</h2>

Package Vendor: ARM
                http://www.keil.com/pack/ARM.CMSIS.5.7.0.pack
                ARM.CMSIS.5.7.0
                CMSIS (Cortex Microcontroller Software Interface Standard)
   * Component: CORE Version: 5.4.0

Package Vendor: AnalogDevices
                http://download.analog.com/tools/EZBoards/ADuCM355/Releases/AnalogDevices.ADuCM355_DFP.1.0.3.pack
                AnalogDevices.ADuCM355_DFP.1.0.3
                Analog Devices ADuCM355 Device Support and Examples
   * Component: Operation Version: 0.9.4
   * Component: CLOCK Version: 0.9.4
   * Component: GPIO Version: 0.9.4
   * Component: INT Version: 0.9.4
   * Component: PWR Version: 0.9.4
   * Component: Timer Version: 0.9.4
   * Component: UART Version: 0.9.4
   * Component: Retarget UART Version: 0.9.4
   * Component: Startup Version: 0.9.4

<h2>Collection of Component include folders:</h2>
  .\RTE\Device\ADuCM355
  .\RTE\_ADuCM355
  C:\Users\trent\AppData\Local\Arm\Packs\ARM\CMSIS\5.7.0\CMSIS\Core\Include
  C:\Users\trent\AppData\Local\Arm\Packs\AnalogDevices\ADuCM355_DFP\1.0.3\ADuCM355\common
  C:\Users\trent\AppData\Local\Arm\Packs\AnalogDevices\ADuCM355_DFP\1.0.3\ADuCM355\common\ad5940lib
  C:\Users\trent\AppData\Local\Arm\Packs\AnalogDevices\ADuCM355_DFP\1.0.3\ADuCM355\inc

<h2>Collection of Component Files used:</h2>

   * Component: ARM::CMSIS:CORE:5.4.0

   * Component: Analog Devices::Device:AFE:Operation:0.9.4
      Source file:   ADuCM355\common\ADuCM355Port.c
      Include file:  ADuCM355\common\ad5940lib\ad5940.h
      Source file:   ADuCM355\common\ad5940lib\ad5940.c

   * Component: Analog Devices::Device:Peripheral Libraries:CLOCK:0.9.4
      Source file:   ADuCM355\common\ClkLib.c
      Include file:  ADuCM355\common\ClkLib.h

   * Component: Analog Devices::Device:Peripheral Libraries:GPIO:0.9.4
      Source file:   ADuCM355\common\DioLib.c
      Include file:  ADuCM355\common\DioLib.h

   * Component: Analog Devices::Device:Peripheral Libraries:INT:0.9.4
      Include file:  ADuCM355\common\IntLib.h
      Source file:   ADuCM355\common\IntLib.c

   * Component: Analog Devices::Device:Peripheral Libraries:PWR:0.9.4
      Include file:  ADuCM355\common\PwrLib.h
      Source file:   ADuCM355\common\PwrLib.c

   * Component: Analog Devices::Device:Peripheral Libraries:Timer:0.9.4
      Source file:   ADuCM355\common\GptLib.c
      Include file:  ADuCM355\common\GptLib.h

   * Component: Analog Devices::Device:Peripheral Libraries:UART:0.9.4
      Include file:  ADuCM355\common\UrtLib.h
      Source file:   ADuCM355\common\UrtLib.c

   * Component: Analog Devices::Device:Retarget UART:0.9.4
      Source file:   ADuCM355\common\ARM\retarget.c

   * Component: Analog Devices::Device:Startup:0.9.4
      Source file:   ADuCM355\common\ARM\startup_ADuCM355.s
      Source file:   ADuCM355\common\system_ADuCM355.c
      Include file:  ADuCM355\inc\adi_config.h
Build Time Elapsed:  00:00:01
</pre>
</body>
</html>
