<html>
<body>
<pre>
<h1>µVision Build Log</h1>
<h2>Tool Versions:</h2>
IDE-Version: µVision V5.32.0.0
Copyright (C) 2020 ARM Ltd and ARM Germany GmbH. All rights reserved.
License Information: Hui Kang, Aptitude, LIC=----
 
Tool Versions:
Toolchain:       MDK-Lite  Version: 5.32.0.0
Toolchain Path:  C:\Keil_v5\ARM\ARMCC\Bin
C Compiler:      Armcc.exe V5.06 update 7 (build 960)
Assembler:       Armasm.exe V5.06 update 7 (build 960)
Linker/Locator:  ArmLink.exe V5.06 update 7 (build 960)
Library Manager: ArmAr.exe V5.06 update 7 (build 960)
Hex Converter:   FromElf.exe V5.06 update 7 (build 960)
CPU DLL:         SARMCM3.DLL V5.32.0.0
Dialog DLL:      DCM.DLL V1.17.3.0
Target DLL:      Segger\JL2CM3.dll V2.99.38.0
Dialog DLL:      TCM.DLL V1.46.0.0
 
<h2>Project:</h2>
C:\Users\hui\codes\ADuCM355\M355_SqrWaveVoltammetry\ARM\M355_SqrWaveVoltammetry.uvprojx
Project File Date:  04/12/2021

<h2>Output:</h2>
*** Using Compiler 'V5.06 update 7 (build 960)', folder: 'C:\Keil_v5\ARM\ARMCC\Bin'
Build target 'ADuCM355'
compiling AD5940Main.c...
linking...
Program Size: Code=27224 RO-data=1088 RW-data=440 ZI-data=8668  
FromELF: creating hex file...
".\Objects\M355_SqrWaveVoltammetry\M355_SqrWaveVoltammetry.axf" - 0 Error(s), 0 Warning(s).

<h2>Software Packages used:</h2>

Package Vendor: ARM
                http://www.keil.com/pack/ARM.CMSIS.5.7.0.pack
                ARM.CMSIS.5.7.0
                CMSIS (Cortex Microcontroller Software Interface Standard)
   * Component: CORE Version: 5.4.0

Package Vendor: AnalogDevices
                http://download.analog.com/tools/EZBoards/ADuCM355/Releases/AnalogDevices.ADuCM355_DFP.1.0.3.pack
                AnalogDevices.ADuCM355_DFP.1.0.3
                Analog Devices ADuCM355 Device Support and Examples
   * Component: Operation Version: 0.9.4
   * Component: CLOCK Version: 0.9.4
   * Component: GPIO Version: 0.9.4
   * Component: INT Version: 0.9.4
   * Component: RST Version: 0.9.4
   * Component: UART Version: 0.9.4
   * Component: Retarget UART Version: 0.9.4
   * Component: Startup Version: 0.9.4

Package Vendor: MDK-Packs
                https://github.com/MDK-Packs/Pack/raw/master/cJSON/MDK-Packs.cJSON.1.0.0.pack
                MDK-Packs.cJSON.1.0.0
                Ultralightweight JSON parser in ANSI C
   * Component: cJSON Version: 1.7.7

<h2>Collection of Component include folders:</h2>
  .\RTE\Device\ADuCM355
  .\RTE\_ADuCM355
  C:\Users\hui\AppData\Local\Arm\Packs\ARM\CMSIS\5.7.0\CMSIS\Core\Include
  C:\Users\hui\AppData\Local\Arm\Packs\AnalogDevices\ADuCM355_DFP\1.0.3\ADuCM355\common
  C:\Users\hui\AppData\Local\Arm\Packs\AnalogDevices\ADuCM355_DFP\1.0.3\ADuCM355\common\ad5940lib
  C:\Users\hui\AppData\Local\Arm\Packs\AnalogDevices\ADuCM355_DFP\1.0.3\ADuCM355\inc
  C:\Users\hui\AppData\Local\Arm\Packs\MDK-Packs\cJSON\1.0.0

<h2>Collection of Component Files used:</h2>

   * Component: ARM::CMSIS:CORE:5.4.0

   * Component: Analog Devices::Device:AFE:Operation:0.9.4
      Source file:   ADuCM355\common\ad5940lib\ad5940.c
      Include file:  ADuCM355\common\ad5940lib\ad5940.h
      Source file:   ADuCM355\common\ADuCM355Port.c

   * Component: Analog Devices::Device:Peripheral Libraries:CLOCK:0.9.4
      Source file:   ADuCM355\common\ClkLib.c
      Include file:  ADuCM355\common\ClkLib.h

   * Component: Analog Devices::Device:Peripheral Libraries:GPIO:0.9.4
      Include file:  ADuCM355\common\DioLib.h
      Source file:   ADuCM355\common\DioLib.c

   * Component: Analog Devices::Device:Peripheral Libraries:INT:0.9.4
      Source file:   ADuCM355\common\IntLib.c
      Include file:  ADuCM355\common\IntLib.h

   * Component: Analog Devices::Device:Peripheral Libraries:RST:0.9.4
      Include file:  ADuCM355\common\RstLib.h
      Source file:   ADuCM355\common\RstLib.c

   * Component: Analog Devices::Device:Peripheral Libraries:UART:0.9.4
      Source file:   ADuCM355\common\UrtLib.c
      Include file:  ADuCM355\common\UrtLib.h

   * Component: Analog Devices::Device:Retarget UART:0.9.4
      Source file:   ADuCM355\common\ARM\retarget.c

   * Component: Analog Devices::Device:Startup:0.9.4
      Source file:   ADuCM355\common\ARM\startup_ADuCM355.s
      Include file:  ADuCM355\inc\adi_config.h
      Source file:   ADuCM355\common\system_ADuCM355.c

   * Component: MDK-Packs::Data Exchange:JSON:cJSON:1.7.7
      Source file:   cJSON_Utils.c
      Include file:  cJSON_Utils.h
      Source file:   cJSON.c
      Include file:  cJSON.h
Build Time Elapsed:  00:00:01
</pre>
</body>
</html>
