Component: ARM Compiler 5.06 update 7 (build 960) Tool: armlink [4d3601]

==============================================================================

Section Cross References

    ad5940main.o(i.AD5940PlatformCfg) refers to ad5940.o(i.AD5940_Initialize) for AD5940_Initialize
    ad5940main.o(i.AD5940PlatformCfg) refers to ad5940.o(i.AD5940_CLKCfg) for AD5940_CLKCfg
    ad5940main.o(i.AD5940PlatformCfg) refers to ad5940.o(i.AD5940_FIFOCfg) for AD5940_FIFOCfg
    ad5940main.o(i.AD5940PlatformCfg) refers to ad5940.o(i.AD5940_SEQCfg) for AD5940_SEQCfg
    ad5940main.o(i.AD5940PlatformCfg) refers to ad5940.o(i.AD5940_INTCCfg) for AD5940_INTCCfg
    ad5940main.o(i.AD5940PlatformCfg) refers to ad5940.o(i.AD5940_INTCClrFlag) for AD5940_INTCClrFlag
    ad5940main.o(i.AD5940PlatformCfg) refers to ad5940.o(i.AD5940_LFOSCMeasure) for AD5940_LFOSCMeasure
    ad5940main.o(i.AD5940PlatformCfg) refers to ad5940.o(i.AD5940_SleepKeyCtrlS) for AD5940_SleepKeyCtrlS
    ad5940main.o(i.AD5940PlatformCfg) refers to ad5940main.o(.data) for LFOSCFreq
    ad5940main.o(i.AD5940RampStructInit) refers to sqrwavevoltammetry.o(i.AppSWVGetCfg) for AppSWVGetCfg
    ad5940main.o(i.AD5940RampStructInit) refers to fadd.o(.text) for __aeabi_fadd
    ad5940main.o(i.AD5940RampStructInit) refers to f2d.o(.text) for __aeabi_f2d
    ad5940main.o(i.AD5940RampStructInit) refers to dmul.o(.text) for __aeabi_dmul
    ad5940main.o(i.AD5940RampStructInit) refers to d2f.o(.text) for __aeabi_d2f
    ad5940main.o(i.AD5940RampStructInit) refers to ddiv.o(.text) for __aeabi_ddiv
    ad5940main.o(i.AD5940RampStructInit) refers to dadd.o(.text) for __aeabi_dsub
    ad5940main.o(i.AD5940RampStructInit) refers to ad5940main.o(i.getRTIA) for getRTIA
    ad5940main.o(i.AD5940RampStructInit) refers to ad5940main.o(.data) for LFOSCFreq
    ad5940main.o(i.AD5940_Main) refers to ad5940main.o(i.AD5940PlatformCfg) for AD5940PlatformCfg
    ad5940main.o(i.AD5940_Main) refers to aducm355port.o(i.AD5940_ClrMCUIntFlag) for AD5940_ClrMCUIntFlag
    ad5940main.o(i.AD5940_Main) refers to aducm355port.o(i.AD5940_GetMCUIntFlag) for AD5940_GetMCUIntFlag
    ad5940main.o(i.AD5940_Main) refers to sqrwavevoltammetry.o(i.AppSWVISR) for AppSWVISR
    ad5940main.o(i.AD5940_Main) refers to ad5940main.o(i.uartPrint) for uartPrint
    ad5940main.o(i.AD5940_Main) refers to strlen.o(.text) for strlen
    ad5940main.o(i.AD5940_Main) refers to strncat.o(.text) for strncat
    ad5940main.o(i.AD5940_Main) refers to cjson.o(i.cJSON_Parse) for cJSON_Parse
    ad5940main.o(i.AD5940_Main) refers to cjson.o(i.cJSON_GetObjectItemCaseSensitive) for cJSON_GetObjectItemCaseSensitive
    ad5940main.o(i.AD5940_Main) refers to printfa.o(i.__0printf) for __2printf
    ad5940main.o(i.AD5940_Main) refers to ad5940main.o(i.isChipInserted) for isChipInserted
    ad5940main.o(i.AD5940_Main) refers to dflti.o(.text) for __aeabi_i2d
    ad5940main.o(i.AD5940_Main) refers to d2f.o(.text) for __aeabi_d2f
    ad5940main.o(i.AD5940_Main) refers to f2d.o(.text) for __aeabi_f2d
    ad5940main.o(i.AD5940_Main) refers to ddiv.o(.text) for __aeabi_ddiv
    ad5940main.o(i.AD5940_Main) refers to dmul.o(.text) for __aeabi_dmul
    ad5940main.o(i.AD5940_Main) refers to fdiv.o(.text) for __aeabi_fdiv
    ad5940main.o(i.AD5940_Main) refers to dfixi.o(.text) for __aeabi_d2iz
    ad5940main.o(i.AD5940_Main) refers to fflti.o(.text) for __aeabi_i2f
    ad5940main.o(i.AD5940_Main) refers to temperature.o(i.AD5940_TemperatureInit) for AD5940_TemperatureInit
    ad5940main.o(i.AD5940_Main) refers to ad5940.o(i.AD5940_WUPTCtrl) for AD5940_WUPTCtrl
    ad5940main.o(i.AD5940_Main) refers to temperature.o(i.AD5940_TemperatureISR) for AD5940_TemperatureISR
    ad5940main.o(i.AD5940_Main) refers to temperature.o(i.AD5940_PrintTemperatureResult) for AD5940_PrintTemperatureResult
    ad5940main.o(i.AD5940_Main) refers to ad5940main.o(i.setSelectPins) for setSelectPins
    ad5940main.o(i.AD5940_Main) refers to ad5940main.o(i.AD5940RampStructInit) for AD5940RampStructInit
    ad5940main.o(i.AD5940_Main) refers to sqrwavevoltammetry.o(i.AppSWVInit) for AppSWVInit
    ad5940main.o(i.AD5940_Main) refers to sqrwavevoltammetry.o(i.AppSWVCtrl) for AppSWVCtrl
    ad5940main.o(i.AD5940_Main) refers to cjson.o(i.cJSON_Delete) for cJSON_Delete
    ad5940main.o(i.AD5940_Main) refers to ad5940main.o(.bss) for recvString
    ad5940main.o(i.AD5940_Main) refers to ad5940main.o(.data) for stringReceived
    ad5940main.o(i.UART_Int_Handler) refers to urtlib.o(i.UrtLinSta) for UrtLinSta
    ad5940main.o(i.UART_Int_Handler) refers to urtlib.o(i.UrtIntSta) for UrtIntSta
    ad5940main.o(i.UART_Int_Handler) refers to urtlib.o(i.UrtRx) for UrtRx
    ad5940main.o(i.UART_Int_Handler) refers to strncat.o(.text) for strncat
    ad5940main.o(i.UART_Int_Handler) refers to ad5940main.o(.data) for ucCOMSTA0
    ad5940main.o(i.UART_Int_Handler) refers to ad5940main.o(.bss) for recvString
    ad5940main.o(i.getRTIA) refers to f2d.o(.text) for __aeabi_f2d
[...]
    i.AD5940_SEQGenCtrl                      0x000030d0   Section        0  ad5940.o(i.AD5940_SEQGenCtrl)
    i.AD5940_SEQGenFetchSeq                  0x000030ec   Section        0  ad5940.o(i.AD5940_SEQGenFetchSeq)
    i.AD5940_SEQGenGetRegDefault             0x00003108   Section        0  ad5940.o(i.AD5940_SEQGenGetRegDefault)
    AD5940_SEQGenGetRegDefault               0x00003109   Thumb Code    18  ad5940.o(i.AD5940_SEQGenGetRegDefault)
    i.AD5940_SEQGenInit                      0x0000311c   Section        0  ad5940.o(i.AD5940_SEQGenInit)
    i.AD5940_SEQGenInsert                    0x00003144   Section        0  ad5940.o(i.AD5940_SEQGenInsert)
    i.AD5940_SEQGenSearchReg                 0x0000317c   Section        0  ad5940.o(i.AD5940_SEQGenSearchReg)
    AD5940_SEQGenSearchReg                   0x0000317d   Thumb Code    46  ad5940.o(i.AD5940_SEQGenSearchReg)
    i.AD5940_SEQGetCfg                       0x000031b0   Section        0  ad5940.o(i.AD5940_SEQGetCfg)
    i.AD5940_SEQGpioCtrlS                    0x000031ea   Section        0  ad5940.o(i.AD5940_SEQGpioCtrlS)
    i.AD5940_SEQInfoCfg                      0x000031fa   Section        0  ad5940.o(i.AD5940_SEQInfoCfg)
    i.AD5940_SEQInfoGet                      0x0000326e   Section        0  ad5940.o(i.AD5940_SEQInfoGet)
    i.AD5940_SEQMmrTrig                      0x000032de   Section        0  ad5940.o(i.AD5940_SEQMmrTrig)
    i.AD5940_SEQReadReg                      0x000032fc   Section        0  ad5940.o(i.AD5940_SEQReadReg)
    AD5940_SEQReadReg                        0x000032fd   Thumb Code    50  ad5940.o(i.AD5940_SEQReadReg)
    i.AD5940_SEQRegInfoInsert                0x00003334   Section        0  ad5940.o(i.AD5940_SEQRegInfoInsert)
    AD5940_SEQRegInfoInsert                  0x00003335   Thumb Code    86  ad5940.o(i.AD5940_SEQRegInfoInsert)
    i.AD5940_SEQTimeOutRd                    0x00003390   Section        0  ad5940.o(i.AD5940_SEQTimeOutRd)
    i.AD5940_SEQWriteReg                     0x0000339c   Section        0  ad5940.o(i.AD5940_SEQWriteReg)
    AD5940_SEQWriteReg                       0x0000339d   Thumb Code   118  ad5940.o(i.AD5940_SEQWriteReg)
    i.AD5940_SWMatrixCfgS                    0x00003418   Section        0  ad5940.o(i.AD5940_SWMatrixCfgS)
    i.AD5940_ShutDownS                       0x00003454   Section        0  ad5940.o(i.AD5940_ShutDownS)
    i.AD5940_SleepKeyCtrlS                   0x00003488   Section        0  ad5940.o(i.AD5940_SleepKeyCtrlS)
    i.AD5940_StatisticCfgS                   0x00003498   Section        0  ad5940.o(i.AD5940_StatisticCfgS)
    i.AD5940_StructInit                      0x000034c0   Section        0  ad5940.o(i.AD5940_StructInit)
    i.AD5940_TemperatureISR                  0x000034d0   Section        0  temperature.o(i.AD5940_TemperatureISR)
    i.AD5940_TemperatureInit                 0x00003554   Section        0  temperature.o(i.AD5940_TemperatureInit)
    i.AD5940_WGCfgS                          0x00003650   Section        0  ad5940.o(i.AD5940_WGCfgS)
    i.AD5940_WGDACCodeS                      0x000036fa   Section        0  ad5940.o(i.AD5940_WGDACCodeS)
    i.AD5940_WGFreqWordCal                   0x00003710   Section        0  ad5940.o(i.AD5940_WGFreqWordCal)
    i.AD5940_WUPTCfg                         0x00003798   Section        0  ad5940.o(i.AD5940_WUPTCfg)
    i.AD5940_WUPTCtrl                        0x000038f4   Section        0  ad5940.o(i.AD5940_WUPTCtrl)
    i.AD5940_WUPTTime                        0x0000391a   Section        0  ad5940.o(i.AD5940_WUPTTime)
    i.AD5940_WakeUp                          0x000039f6   Section        0  ad5940.o(i.AD5940_WakeUp)
    i.AD5940_WriteReg                        0x00003a28   Section        0  ad5940.o(i.AD5940_WriteReg)
    i.Afe_Int3_Handler                       0x00003a50   Section        0  aducm355port.o(i.Afe_Int3_Handler)
    i.AppSWVCtrl                             0x00003a64   Section        0  sqrwavevoltammetry.o(i.AppSWVCtrl)
    i.AppSWVDataProcess                      0x00003b8c   Section        0  sqrwavevoltammetry.o(i.AppSWVDataProcess)
    AppSWVDataProcess                        0x00003b8d   Thumb Code    76  sqrwavevoltammetry.o(i.AppSWVDataProcess)
    i.AppSWVGetCfg                           0x00003be4   Section        0  sqrwavevoltammetry.o(i.AppSWVGetCfg)
    i.AppSWVISR                              0x00003bfc   Section        0  sqrwavevoltammetry.o(i.AppSWVISR)
    i.AppSWVInit                             0x00003cc0   Section        0  sqrwavevoltammetry.o(i.AppSWVInit)
    i.AppSWVRegModify                        0x00003e2c   Section        0  sqrwavevoltammetry.o(i.AppSWVRegModify)
    AppSWVRegModify                          0x00003e2d   Thumb Code    30  sqrwavevoltammetry.o(i.AppSWVRegModify)
    i.AppSWVRtiaCal                          0x00003e50   Section        0  sqrwavevoltammetry.o(i.AppSWVRtiaCal)
    AppSWVRtiaCal                            0x00003e51   Thumb Code   142  sqrwavevoltammetry.o(i.AppSWVRtiaCal)
    i.AppSWVSeqADCCtrlGen                    0x00003eec   Section        0  sqrwavevoltammetry.o(i.AppSWVSeqADCCtrlGen)
    AppSWVSeqADCCtrlGen                      0x00003eed   Thumb Code   216  sqrwavevoltammetry.o(i.AppSWVSeqADCCtrlGen)
    i.AppSWVSeqDACCtrlGen                    0x00003fc8   Section        0  sqrwavevoltammetry.o(i.AppSWVSeqDACCtrlGen)
    AppSWVSeqDACCtrlGen                      0x00003fc9   Thumb Code   808  sqrwavevoltammetry.o(i.AppSWVSeqDACCtrlGen)
    i.AppSWVSeqInitGen                       0x00004318   Section        0  sqrwavevoltammetry.o(i.AppSWVSeqInitGen)
    AppSWVSeqInitGen                         0x00004319   Thumb Code   410  sqrwavevoltammetry.o(i.AppSWVSeqInitGen)
    i.ClkDivCfg                              0x000044c8   Section        0  clklib.o(i.ClkDivCfg)
    i.ClockInit                              0x00004510   Section        0  main.o(i.ClockInit)
    i.D2DClkSpeedCheck                       0x00004522   Section        0  clklib.o(i.D2DClkSpeedCheck)
    i.DigClkSel                              0x00004540   Section        0  clklib.o(i.DigClkSel)
    i.DioCfgPin                              0x000045c0   Section        0  diolib.o(i.DioCfgPin)
    i.DioClrPin                              0x000045f6   Section        0  diolib.o(i.DioClrPin)
    i.DioIenPin                              0x000045fe   Section        0  diolib.o(i.DioIenPin)
    i.DioOenPin                              0x00004616   Section        0  diolib.o(i.DioOenPin)
    i.DioPulPin                              0x0000462e   Section        0  diolib.o(i.DioPulPin)
    i.DioSetPin                              0x00004646   Section        0  diolib.o(i.DioSetPin)
    i.EiCfg                                  0x00004650   Section        0  intlib.o(i.EiCfg)
    i.EiClr                                  0x000046fc   Section        0  intlib.o(i.EiClr)
    i.GPIOInit                               0x0000470c   Section        0  main.o(i.GPIOInit)
    i.RampDacRegUpdate                       0x00004750   Section        0  sqrwavevoltammetry.o(i.RampDacRegUpdate)
    RampDacRegUpdate                         0x00004751   Thumb Code   308  sqrwavevoltammetry.o(i.RampDacRegUpdate)
    i.SystemInit                             0x00004890   Section        0  system_aducm355.o(i.SystemInit)
    i.UART_Int_Handler                       0x000048c4   Section        0  ad5940main.o(i.UART_Int_Handler)
    i.UartInit                               0x000049c4   Section        0  main.o(i.UartInit)
    i.UrtCfg                                 0x00004a28   Section        0  urtlib.o(i.UrtCfg)
    i.UrtFifoCfg                             0x00004b60   Section        0  urtlib.o(i.UrtFifoCfg)
    i.UrtFifoClr                             0x00004b6e   Section        0  urtlib.o(i.UrtFifoClr)
    i.UrtIntCfg                              0x00004b80   Section        0  urtlib.o(i.UrtIntCfg)
    i.UrtLinSta                              0x00004b88   Section        0  urtlib.o(i.UrtLinSta)
    i.UrtRx                                  0x00004b8e   Section        0  urtlib.o(i.UrtRx)
    i.UrtTx                                  0x00004b96   Section        0  urtlib.o(i.UrtTx)
    i.__0printf                              0x00004bac   Section        0  printfa.o(i.__0printf)
    i.__AD5940_ReferenceON                   0x00004bcc   Section        0  ad5940.o(i.__AD5940_ReferenceON)
    __AD5940_ReferenceON                     0x00004bcd   Thumb Code    66  ad5940.o(i.__AD5940_ReferenceON)
    i.__AD5940_TakeMeasurement               0x00004c10   Section        0  ad5940.o(i.__AD5940_TakeMeasurement)
    __AD5940_TakeMeasurement                 0x00004c11   Thumb Code    80  ad5940.o(i.__AD5940_TakeMeasurement)
    i.__ARM_fpclassify                       0x00004c64   Section        0  fpclassify.o(i.__ARM_fpclassify)
    i.__free$realloc                         0x00004c8c   Section        0  mallocr.o(i.__free$realloc)
    i.__kernel_poly                          0x00004ce8   Section        0  poly.o(i.__kernel_poly)
    i.__malloc$realloc                       0x00004d94   Section        0  mallocr.o(i.__malloc$realloc)
    i.__mathlib_dbl_infnan                   0x00004de4   Section        0  dunder.o(i.__mathlib_dbl_infnan)
    i.__mathlib_dbl_infnan2                  0x00004dea   Section        0  dunder.o(i.__mathlib_dbl_infnan2)
    i.__mathlib_dbl_underflow                0x00004df0   Section        0  dunder.o(i.__mathlib_dbl_underflow)
    i.__scatterload_copy                     0x00004e00   Section       14  handlers.o(i.__scatterload_copy)
    i.__scatterload_null                     0x00004e0e   Section        2  handlers.o(i.__scatterload_null)
    i.__scatterload_zeroinit                 0x00004e10   Section       14  handlers.o(i.__scatterload_zeroinit)
    i.__set_errno                            0x00004e20   Section        0  errno.o(i.__set_errno)
    i._ad5940_analog_init                    0x00004e2c   Section        0  temperature.o(i._ad5940_analog_init)
    i._fp_digits                             0x00004ec8   Section        0  printfa.o(i._fp_digits)
    _fp_digits                               0x00004ec9   Thumb Code   366  printfa.o(i._fp_digits)
    i._is_digit                              0x0000504c   Section        0  scanf_fp.o(i._is_digit)
    i._printf_core                           0x0000505c   Section        0  printfa.o(i._printf_core)
    _printf_core                             0x0000505d   Thumb Code  1704  printfa.o(i._printf_core)
    i._printf_post_padding                   0x00005710   Section        0  printfa.o(i._printf_post_padding)
    _printf_post_padding                     0x00005711   Thumb Code    36  printfa.o(i._printf_post_padding)
    i._printf_pre_padding                    0x00005734   Section        0  printfa.o(i._printf_pre_padding)
    _printf_pre_padding                      0x00005735   Thumb Code    46  printfa.o(i._printf_pre_padding)
    i.adi_default_setting                    0x00005762   Section        0  system_aducm355.o(i.adi_default_setting)
    i.adi_system_EnableRetention             0x00005764   Section        0  system_aducm355.o(i.adi_system_EnableRetention)
    i.atan                                   0x00005794   Section        0  atan.o(i.atan)
    i.atan2                                  0x000059b4   Section        0  atan2.o(i.atan2)
    i.buffer_skip_whitespace                 0x00005b50   Section        0  cjson.o(i.buffer_skip_whitespace)
    buffer_skip_whitespace                   0x00005b51   Thumb Code    58  cjson.o(i.buffer_skip_whitespace)
    i.cJSON_Delete                           0x00005b8c   Section        0  cjson.o(i.cJSON_Delete)
    i.cJSON_GetObjectItemCaseSensitive       0x00005be4   Section        0  cjson.o(i.cJSON_GetObjectItemCaseSensitive)
    i.cJSON_New_Item                         0x00005bf6   Section        0  cjson.o(i.cJSON_New_Item)
    cJSON_New_Item                           0x00005bf7   Thumb Code    26  cjson.o(i.cJSON_New_Item)
    i.cJSON_Parse                            0x00005c10   Section        0  cjson.o(i.cJSON_Parse)
    i.cJSON_ParseWithOpts                    0x00005c20   Section        0  cjson.o(i.cJSON_ParseWithOpts)
    i.case_insensitive_strcmp                0x00005cf4   Section        0  cjson.o(i.case_insensitive_strcmp)
    case_insensitive_strcmp                  0x00005cf5   Thumb Code    72  cjson.o(i.case_insensitive_strcmp)
    i.clockUpdate                            0x00005d3c   Section        0  clklib.o(i.clockUpdate)
    i.fputc                                  0x00005dbc   Section        0  retarget.o(i.fputc)
    i.getRTIA                                0x00005de0   Section        0  ad5940main.o(i.getRTIA)
    i.get_decimal_point                      0x00005e50   Section        0  cjson.o(i.get_decimal_point)
    get_decimal_point                        0x00005e51   Thumb Code     4  cjson.o(i.get_decimal_point)
    i.get_object_item                        0x00005e54   Section        0  cjson.o(i.get_object_item)
    get_object_item                          0x00005e55   Thumb Code    68  cjson.o(i.get_object_item)
    i.internal_alloc                         0x00005e98   Section        0  mallocr.o(i.internal_alloc)
    internal_alloc                           0x00005e99   Thumb Code    76  mallocr.o(i.internal_alloc)
    i.isChipInserted                         0x00005ee8   Section        0  ad5940main.o(i.isChipInserted)
    i.main                                   0x00005f08   Section        0  main.o(i.main)
    i.parse_array                            0x00005f24   Section        0  cjson.o(i.parse_array)
    parse_array                              0x00005f25   Thumb Code   244  cjson.o(i.parse_array)
    i.parse_hex4                             0x00006018   Section        0  cjson.o(i.parse_hex4)
    parse_hex4                               0x00006019   Thumb Code    90  cjson.o(i.parse_hex4)
    i.parse_number                           0x00006074   Section        0  cjson.o(i.parse_number)
    parse_number                             0x00006075   Thumb Code   298  cjson.o(i.parse_number)
    i.parse_object                           0x000061ac   Section        0  cjson.o(i.parse_object)
    parse_object                             0x000061ad   Thumb Code   314  cjson.o(i.parse_object)
    i.parse_string                           0x000062e6   Section        0  cjson.o(i.parse_string)
    parse_string                             0x000062e7   Thumb Code   396  cjson.o(i.parse_string)
    i.parse_value                            0x00006474   Section        0  cjson.o(i.parse_value)
    parse_value                              0x00006475   Thumb Code   290  cjson.o(i.parse_value)
    i.puts                                   0x000065b0   Section        0  puts.o(i.puts)
    i.realloc                                0x000065d4   Section        0  mallocr.o(i.realloc)
    i.setSelect0                             0x00006640   Section        0  ad5940main.o(i.setSelect0)
    i.setSelect1                             0x00006660   Section        0  ad5940main.o(i.setSelect1)
    i.setSelectPins                          0x00006680   Section        0  ad5940main.o(i.setSelectPins)
    i.skip_utf8_bom                          0x000066d0   Section        0  cjson.o(i.skip_utf8_bom)
    skip_utf8_bom                            0x000066d1   Thumb Code    56  cjson.o(i.skip_utf8_bom)
    i.sqrt                                   0x0000670c   Section        0  sqrt.o(i.sqrt)
    i.strtod                                 0x00006758   Section        0  strtod.o(i.strtod)
    i.uartPrint                              0x00006774   Section        0  ad5940main.o(i.uartPrint)
    uartPrint                                0x00006775   Thumb Code   580  ad5940main.o(i.uartPrint)
    i.utf16_literal_to_utf8                  0x00006a70   Section        0  cjson.o(i.utf16_literal_to_utf8)
    utf16_literal_to_utf8                    0x00006a71   Thumb Code   300  cjson.o(i.utf16_literal_to_utf8)
    .constdata                               0x00006b9c   Section      508  ad5940.o(.constdata)
    SeqA                                     0x00006d88   Data           4  ad5940.o(.constdata)
    SeqB                                     0x00006d8c   Data           4  ad5940.o(.constdata)
    SeqBB                                    0x00006d90   Data           8  ad5940.o(.constdata)
    .constdata                               0x00006d98   Section      152  atan.o(.constdata)
    atanhi                                   0x00006d98   Data          32  atan.o(.constdata)
    atanlo                                   0x00006db8   Data          32  atan.o(.constdata)
    aTodd                                    0x00006dd8   Data          40  atan.o(.constdata)
    aTeven                                   0x00006e00   Data          48  atan.o(.constdata)
    .constdata                               0x00006e30   Section        8  qnan.o(.constdata)
    .constdata                               0x00006e38   Section       64  ctype_c.o(.constdata)
    .data                                    0x20000000   Section       20  cjson.o(.data)
    global_error                             0x20000000   Data           8  cjson.o(.data)
    global_hooks                             0x20000008   Data          12  cjson.o(.data)
    .data                                    0x20000014   Section        4  aducm355port.o(.data)
    ucInterrupted                            0x20000014   Data           4  aducm355port.o(.data)
    .data                                    0x20000018   Section       16  clklib.o(.data)
    clkGateStatus                            0x20000018   Data           4  clklib.o(.data)
    DigRootClkSpeed                          0x2000001c   Data           4  clklib.o(.data)
    AfeSysClkSpeed                           0x20000020   Data           4  clklib.o(.data)
    clk10UsDelay                             0x20000024   Data           4  clklib.o(.data)
    .data                                    0x20000028   Section        1  ad5940.o(.data)
    bIsS2silicon                             0x20000028   Data           1  ad5940.o(.data)
    .data                                    0x2000002c   Section        4  mvars.o(.data)
    .bss                                     0x20000030   Section     4480  ad5940main.o(.bss)
    .bss                                     0x200011b0   Section       28  ad5940.o(.bss)
    .data                                    0x20002000   Section      140  ad5940main.o(.data)
    .data                                    0x2000208c   Section      232  sqrwavevoltammetry.o(.data)
    AppSWVCfg                                0x2000208c   Data         208  sqrwavevoltammetry.o(.data)
    bCmdForSeq0                              0x2000215c   Data           1  sqrwavevoltammetry.o(.data)
    DACSeqBlk0Addr                           0x20002160   Data           4  sqrwavevoltammetry.o(.data)
    DACSeqBlk1Addr                           0x20002164   Data           4  sqrwavevoltammetry.o(.data)
    StepsRemainning                          0x20002168   Data           4  sqrwavevoltammetry.o(.data)
    StepsPerBlock                            0x2000216c   Data           4  sqrwavevoltammetry.o(.data)
    DACSeqCurrBlk                            0x20002170   Data           4  sqrwavevoltammetry.o(.data)
    .data                                    0x20002174   Section        4  temperature.o(.data)
    .data                                    0x20002178   Section        8  retarget.o(.data)
    .data                                    0x20002180   Section        4  mvars.o(.data)
    .data                                    0x20002184   Section        4  errno.o(.data)
    _errno                                   0x20002184   Data           4  errno.o(.data)
    .bss                                     0x20002188   Section       64  temperature.o(.bss)
    HEAP                                     0x200021c8   Section     3072  startup_aducm355.o(HEAP)
    STACK                                    0x20002dc8   Section     1024  startup_aducm355.o(STACK)

    Global Symbols

    Symbol Name                              Value     Ov Type        Size  Object(Section)

    BuildAttributes$$THM_ISAv4$P$D$K$B$S$PE$A:L22UL41UL21$X:L11$S22US41US21$IEEE1$IW$USESV6$~STKCKD$USESV7$~SHL$OTIME$ROPI$IEEEX$EBA8$MICROLIB$REQ8$PRES8$EABIv2 0x00000000   Number         0  anon$$obj.o ABSOLUTE
    __ARM_use_no_argv                        0x00000000   Number         0  main.o ABSOLUTE
    __use_no_errno                           0x00000000   Number         0  useno.o ABSOLUTE
    __use_no_exception_handling              0x00000000   Number         0  useno.o ABSOLUTE
    __use_no_fp                              0x00000000   Number         0  useno.o ABSOLUTE
    __use_no_heap                            0x00000000   Number         0  useno.o ABSOLUTE
    __use_no_heap_region                     0x00000000   Number         0  useno.o ABSOLUTE
    __use_no_semihosting                     0x00000000   Number         0  useno.o ABSOLUTE
    __use_no_semihosting_swi                 0x00000000   Number         0  useno.o ABSOLUTE
    __use_no_signal_handling                 0x00000000   Number         0  useno.o ABSOLUTE
    __vector_table                           0x00000000   Data           4  startup_aducm355.o(RESET)
    _printf_a                                0x00000000   Number         0  stubs.o ABSOLUTE
    _printf_c                                0x00000000   Number         0  stubs.o ABSOLUTE
    _printf_charcount                        0x00000000   Number         0  stubs.o ABSOLUTE
    _printf_d                                0x00000000   Number         0  stubs.o ABSOLUTE
    _printf_e                                0x00000000   Number         0  stubs.o ABSOLUTE
    _printf_f                                0x00000000   Number         0  stubs.o ABSOLUTE
    _printf_flags                            0x00000000   Number         0  stubs.o ABSOLUTE
    _printf_fp_dec                           0x00000000   Number         0  stubs.o ABSOLUTE
    _printf_fp_hex                           0x00000000   Number         0  stubs.o ABSOLUTE
    _printf_g                                0x00000000   Number         0  stubs.o ABSOLUTE
    _printf_i                                0x00000000   Number         0  stubs.o ABSOLUTE
    _printf_int_dec                          0x00000000   Number         0  stubs.o ABSOLUTE
    _printf_l                                0x00000000   Number         0  stubs.o ABSOLUTE
    _printf_lc                               0x00000000   Number         0  stubs.o ABSOLUTE
    _printf_ll                               0x00000000   Number         0  stubs.o ABSOLUTE
    _printf_lld                              0x00000000   Number         0  stubs.o ABSOLUTE
    _printf_lli                              0x00000000   Number         0  stubs.o ABSOLUTE
    _printf_llo                              0x00000000   Number         0  stubs.o ABSOLUTE
    _printf_llu                              0x00000000   Number         0  stubs.o ABSOLUTE
    _printf_llx                              0x00000000   Number         0  stubs.o ABSOLUTE
    _printf_longlong_dec                     0x00000000   Number         0  stubs.o ABSOLUTE
    _printf_longlong_hex                     0x00000000   Number         0  stubs.o ABSOLUTE
    _printf_longlong_oct                     0x00000000   Number         0  stubs.o ABSOLUTE
    _printf_ls                               0x00000000   Number         0  stubs.o ABSOLUTE
    _printf_mbtowc                           0x00000000   Number         0  stubs.o ABSOLUTE
    _printf_n                                0x00000000   Number         0  stubs.o ABSOLUTE
    _printf_o                                0x00000000   Number         0  stubs.o ABSOLUTE
    _printf_p                                0x00000000   Number         0  stubs.o ABSOLUTE
    _printf_percent                          0x00000000   Number         0  stubs.o ABSOLUTE
    _printf_pre_padding                      0x00000000   Number         0  stubs.o ABSOLUTE
    _printf_return_value                     0x00000000   Number         0  stubs.o ABSOLUTE
    _printf_s                                0x00000000   Number         0  stubs.o ABSOLUTE
    _printf_sizespec                         0x00000000   Number         0  stubs.o ABSOLUTE
    _printf_str                              0x00000000   Number         0  stubs.o ABSOLUTE
    _printf_truncate_signed                  0x00000000   Number         0  stubs.o ABSOLUTE
    _printf_truncate_unsigned                0x00000000   Number         0  stubs.o ABSOLUTE
    _printf_u                                0x00000000   Number         0  stubs.o ABSOLUTE
    _printf_wc                               0x00000000   Number         0  stubs.o ABSOLUTE
    _printf_wctomb                           0x00000000   Number         0  stubs.o ABSOLUTE
    _printf_widthprec                        0x00000000   Number         0  stubs.o ABSOLUTE
    _printf_x                                0x00000000   Number         0  stubs.o ABSOLUTE
    __arm_fini_                               - Undefined Weak Reference
    __cpp_initialize__aeabi_                  - Undefined Weak Reference
    __cxa_finalize                            - Undefined Weak Reference
    _clock_init                               - Undefined Weak Reference
    _microlib_exit                            - Undefined Weak Reference
    _scanf_int                                - Undefined Weak Reference
    _scanf_longlong                           - Undefined Weak Reference
    _scanf_string                             - Undefined Weak Reference
    __main                                   0x00000145   Thumb Code     0  entry.o(.ARM.Collect$$$$00000000)
    __vector_table_End                       0x00000144   Data           0  startup_aducm355.o(RESET)
    __vector_table_Size                      0x00000144   Number         0  startup_aducm355.o ABSOLUTE
    _main_stk                                0x00000145   Thumb Code     0  entry2.o(.ARM.Collect$$$$00000001)
    _main_scatterload                        0x00000149   Thumb Code     0  entry5.o(.ARM.Collect$$$$00000004)
    __main_after_scatterload                 0x0000014d   Thumb Code     0  entry5.o(.ARM.Collect$$$$00000004)
    _main_clock                              0x0000014d   Thumb Code     0  entry7b.o(.ARM.Collect$$$$00000008)
    _main_cpp_init                           0x0000014d   Thumb Code     0  entry8b.o(.ARM.Collect$$$$0000000A)
    _main_init                               0x0000014d   Thumb Code     0  entry9a.o(.ARM.Collect$$$$0000000B)
    __rt_lib_shutdown_fini                   0x00000155   Thumb Code     0  entry12b.o(.ARM.Collect$$$$0000000E)
    __rt_final_cpp                           0x00000159   Thumb Code     0  entry10a.o(.ARM.Collect$$$$0000000F)
    __rt_final_exit                          0x00000159   Thumb Code     0  entry11a.o(.ARM.Collect$$$$00000011)
    __aeabi_llsl                             0x0000015d   Thumb Code    30  llshl.o(.text)
    _ll_shift_l                              0x0000015d   Thumb Code     0  llshl.o(.text)
    DioRd                                    0x0000017b   Thumb Code     6  diolib.o(i.DioRd)
    __I$use$fp                               0x0000017b   Thumb Code     0  iusefp.o(.text)
    Reset_Handler                            0x000001a1   Thumb Code    18  startup_aducm355.o(.text)
    NmiSR                                    0x000001b3   Thumb Code     2  startup_aducm355.o(.text)
    HardFault_Handler                        0x000001b5   Thumb Code     2  startup_aducm355.o(.text)
    MemManage_Handler                        0x000001b7   Thumb Code     2  startup_aducm355.o(.text)
    BusFault_Handler                         0x000001b9   Thumb Code     2  startup_aducm355.o(.text)
    UsageFault_Handler                       0x000001bb   Thumb Code     2  startup_aducm355.o(.text)
    SVC_Handler                              0x000001bd   Thumb Code     2  startup_aducm355.o(.text)
    DebugMon_Handler                         0x000001bf   Thumb Code     2  startup_aducm355.o(.text)
    PENDSV_HANDLER                           0x000001c1   Thumb Code     2  startup_aducm355.o(.text)
    SysTick_Handler                          0x000001c3   Thumb Code     2  startup_aducm355.o(.text)
    ADC_Int_Handler                          0x000001c5   Thumb Code     0  startup_aducm355.o(.text)
    AfeAdc_Int_Handler                       0x000001c5   Thumb Code     0  startup_aducm355.o(.text)
    AfeCMDFifo_Int_Handler                   0x000001c5   Thumb Code     0  startup_aducm355.o(.text)
    AfeCrcError_Int_Handler                  0x000001c5   Thumb Code     0  startup_aducm355.o(.text)
    AfeDATAFifo_Int_Handler                  0x000001c5   Thumb Code     0  startup_aducm355.o(.text)
    AfeError_Int_Handler                     0x000001c5   Thumb Code     0  startup_aducm355.o(.text)
    AfeGeneral_Int_Handler                   0x000001c5   Thumb Code     0  startup_aducm355.o(.text)
    AfeGpTimer0_Int_Handler                  0x000001c5   Thumb Code     0  startup_aducm355.o(.text)
    AfeGpTimer1_Int_Handler                  0x000001c5   Thumb Code     0  startup_aducm355.o(.text)
    AfeWdt_Int_Handler                       0x000001c5   Thumb Code     0  startup_aducm355.o(.text)
    Battery_Voltage_Int_Handler              0x000001c5   Thumb Code     0  startup_aducm355.o(.text)
    Crypto_Int_Handler                       0x000001c5   Thumb Code     0  startup_aducm355.o(.text)
    DMA_ADC0_Int_Handler                     0x000001c5   Thumb Code     0  startup_aducm355.o(.text)
    DMA_AES0_IN_Int_Handler                  0x000001c5   Thumb Code     0  startup_aducm355.o(.text)
    DMA_AES0_OUT_Int_Handler                 0x000001c5   Thumb Code     0  startup_aducm355.o(.text)
    DMA_AfeCMDFifo_Int_Handler               0x000001c5   Thumb Code     0  startup_aducm355.o(.text)
    DMA_AfeDATAFifo_Int_Handler              0x000001c5   Thumb Code     0  startup_aducm355.o(.text)
    DMA_Err_Int_Handler                      0x000001c5   Thumb Code     0  startup_aducm355.o(.text)
    DMA_FLASH0_Int_Handler                   0x000001c5   Thumb Code     0  startup_aducm355.o(.text)
    DMA_I2C0_MX_Int_Handler                  0x000001c5   Thumb Code     0  startup_aducm355.o(.text)
    DMA_I2C0_SRX_Int_Handler                 0x000001c5   Thumb Code     0  startup_aducm355.o(.text)
    DMA_I2C0_STX_Int_Handler                 0x000001c5   Thumb Code     0  startup_aducm355.o(.text)
    DMA_SIP2_Int_Handler                     0x000001c5   Thumb Code     0  startup_aducm355.o(.text)
    DMA_SIP3_Int_Handler                     0x000001c5   Thumb Code     0  startup_aducm355.o(.text)
    DMA_SIP4_Int_Handler                     0x000001c5   Thumb Code     0  startup_aducm355.o(.text)
    DMA_SIP5_Int_Handler                     0x000001c5   Thumb Code     0  startup_aducm355.o(.text)
    DMA_SIP6_Int_Handler                     0x000001c5   Thumb Code     0  startup_aducm355.o(.text)
    DMA_SIP7_Int_Handler                     0x000001c5   Thumb Code     0  startup_aducm355.o(.text)
    DMA_SPI0_RX_Int_Handler                  0x000001c5   Thumb Code     0  startup_aducm355.o(.text)
    DMA_SPI0_TX_Int_Handler                  0x000001c5   Thumb Code     0  startup_aducm355.o(.text)
    DMA_SPI1_RX_Int_Handler                  0x000001c5   Thumb Code     0  startup_aducm355.o(.text)
    DMA_SPI1_TX_Int_Handler                  0x000001c5   Thumb Code     0  startup_aducm355.o(.text)
    DMA_UART_RX_Int_Handler                  0x000001c5   Thumb Code     0  startup_aducm355.o(.text)
    DMA_UART_TX_Int_Handler                  0x000001c5   Thumb Code     0  startup_aducm355.o(.text)
    Ext_Int0_Handler                         0x000001c5   Thumb Code     0  startup_aducm355.o(.text)
    Ext_Int1_Handler                         0x000001c5   Thumb Code     0  startup_aducm355.o(.text)
    Ext_Int2_Handler                         0x000001c5   Thumb Code     0  startup_aducm355.o(.text)
    Flash0_Int_Handler                       0x000001c5   Thumb Code     0  startup_aducm355.o(.text)
    GPIO_A_Int_Handler                       0x000001c5   Thumb Code     0  startup_aducm355.o(.text)
    GPIO_B_Int_Handler                       0x000001c5   Thumb Code     0  startup_aducm355.o(.text)
    GP_Tmr0_Int_Handler                      0x000001c5   Thumb Code     0  startup_aducm355.o(.text)
    GP_Tmr1_Int_Handler                      0x000001c5   Thumb Code     0  startup_aducm355.o(.text)
    GP_Tmr2_Int_Handler                      0x000001c5   Thumb Code     0  startup_aducm355.o(.text)
    I2C0_Master_Int_Handler                  0x000001c5   Thumb Code     0  startup_aducm355.o(.text)
    I2C0_Slave_Int_Handler                   0x000001c5   Thumb Code     0  startup_aducm355.o(.text)
    PLL_Int_Handler                          0x000001c5   Thumb Code     0  startup_aducm355.o(.text)
    RNG_Int_Handler                          0x000001c5   Thumb Code     0  startup_aducm355.o(.text)
    RTC0_Int_Handler                         0x000001c5   Thumb Code     0  startup_aducm355.o(.text)
    RTC1_Int_Handler                         0x000001c5   Thumb Code     0  startup_aducm355.o(.text)
    SPI0_Int_Handler                         0x000001c5   Thumb Code     0  startup_aducm355.o(.text)
    SPI1_Int_Handler                         0x000001c5   Thumb Code     0  startup_aducm355.o(.text)
    Vreg_over_Int_Handler                    0x000001c5   Thumb Code     0  startup_aducm355.o(.text)
    WDog_Tmr_Int_Handler                     0x000001c5   Thumb Code     0  startup_aducm355.o(.text)
    __aeabi_uldivmod                         0x000001d5   Thumb Code    98  uldiv.o(.text)
    tolower                                  0x00000237   Thumb Code    12  tolower.o(.text)
    __aeabi_memcpy                           0x00000243   Thumb Code    36  memcpya.o(.text)
    __aeabi_memcpy4                          0x00000243   Thumb Code     0  memcpya.o(.text)
    __aeabi_memcpy8                          0x00000243   Thumb Code     0  memcpya.o(.text)
    __aeabi_memset                           0x00000267   Thumb Code    14  memseta.o(.text)
    __aeabi_memset4                          0x00000267   Thumb Code     0  memseta.o(.text)
    __aeabi_memset8                          0x00000267   Thumb Code     0  memseta.o(.text)
    __aeabi_memclr                           0x00000275   Thumb Code     4  memseta.o(.text)
    __aeabi_memclr4                          0x00000275   Thumb Code     0  memseta.o(.text)
    __aeabi_memclr8                          0x00000275   Thumb Code     0  memseta.o(.text)
    _memset$wrapper                          0x00000279   Thumb Code    18  memseta.o(.text)
    strlen                                   0x0000028b   Thumb Code    14  strlen.o(.text)
    strcmp                                   0x00000299   Thumb Code    28  strcmp.o(.text)
    strncat                                  0x000002b5   Thumb Code    40  strncat.o(.text)
    strncmp                                  0x000002dd   Thumb Code    30  strncmp.o(.text)
    _scanf_real                              0x00000425   Thumb Code     0  scanf_fp.o(.text)
    _scanf_really_real                       0x00000425   Thumb Code   556  scanf_fp.o(.text)
    __aeabi_fadd                             0x0000065d   Thumb Code   164  fadd.o(.text)
    __aeabi_fsub                             0x00000701   Thumb Code     6  fadd.o(.text)
    __aeabi_frsub                            0x00000707   Thumb Code     6  fadd.o(.text)
    __aeabi_fmul                             0x0000070d   Thumb Code   100  fmul.o(.text)
    __aeabi_fdiv                             0x00000771   Thumb Code   124  fdiv.o(.text)
    __aeabi_ui2f                             0x000007ed   Thumb Code    10  ffltui.o(.text)
    UrtIntSta                                0x000007f7   Thumb Code     6  urtlib.o(i.UrtIntSta)
    __aeabi_dadd                             0x00000801   Thumb Code   322  dadd.o(.text)
    __aeabi_dsub                             0x00000943   Thumb Code     6  dadd.o(.text)
    __aeabi_drsub                            0x00000949   Thumb Code     6  dadd.o(.text)
    __aeabi_dmul                             0x0000094f   Thumb Code   228  dmul.o(.text)
    __aeabi_ddiv                             0x00000a33   Thumb Code   222  ddiv.o(.text)
    __aeabi_i2f                              0x00000b11   Thumb Code    18  fflti.o(.text)
    __aeabi_l2f                              0x00000b23   Thumb Code    44  ffltl.o(.text)
    __aeabi_i2d                              0x00000b4f   Thumb Code    34  dflti.o(.text)
    __aeabi_ui2d                             0x00000b71   Thumb Code    26  dfltui.o(.text)
    __aeabi_f2iz                             0x00000b8b   Thumb Code    50  ffixi.o(.text)
    __aeabi_f2uiz                            0x00000bbd   Thumb Code    40  ffixui.o(.text)
    __aeabi_d2iz                             0x00000be5   Thumb Code    62  dfixi.o(.text)
    __aeabi_d2uiz                            0x00000c23   Thumb Code    50  dfixui.o(.text)
    __aeabi_f2d                              0x00000c55   Thumb Code    38  f2d.o(.text)
    __aeabi_cdcmpeq                          0x00000c7d   Thumb Code     0  cdcmple.o(.text)
    __aeabi_cdcmple                          0x00000c7d   Thumb Code    48  cdcmple.o(.text)
    __aeabi_cdrcmple                         0x00000cad   Thumb Code    48  cdrcmple.o(.text)
    __aeabi_d2f                              0x00000cdd   Thumb Code    56  d2f.o(.text)
    __aeabi_cfcmpeq                          0x00000d15   Thumb Code     0  cfcmple.o(.text)
    __aeabi_cfcmple                          0x00000d15   Thumb Code    20  cfcmple.o(.text)
    __aeabi_cfrcmple                         0x00000d29   Thumb Code    20  cfrcmple.o(.text)
    __aeabi_uidiv                            0x00000d3d   Thumb Code     0  uidiv.o(.text)
    __aeabi_uidivmod                         0x00000d3d   Thumb Code    44  uidiv.o(.text)
    __aeabi_llsr                             0x00000d69   Thumb Code    32  llushr.o(.text)
    _ll_ushift_r                             0x00000d69   Thumb Code     0  llushr.o(.text)
    __aeabi_lasr                             0x00000d89   Thumb Code    36  llsshr.o(.text)
    _ll_sshift_r                             0x00000d89   Thumb Code     0  llsshr.o(.text)
    _sgetc                                   0x00000dad   Thumb Code    30  _sgetc.o(.text)
    _sbackspace                              0x00000dcb   Thumb Code    34  _sgetc.o(.text)
    __strtod_int                             0x00000e23   Thumb Code    90  strtod.o(.text)
    _float_round                             0x00000e89   Thumb Code    18  fepilogue.o(.text)
    _float_epilogue                          0x00000e9b   Thumb Code    92  fepilogue.o(.text)
    _double_round                            0x00000ef7   Thumb Code    30  depilogue.o(.text)
    _double_epilogue                         0x00000f15   Thumb Code   156  depilogue.o(.text)
    __ARM_scalbn                             0x00000fb1   Thumb Code    46  dscalb.o(.text)
    scalbn                                   0x00000fb1   Thumb Code     0  dscalb.o(.text)
    _dsqrt                                   0x00000fdf   Thumb Code   162  dsqrt.o(.text)
    __aeabi_ul2d                             0x00001081   Thumb Code    24  dfltul.o(.text)
    __aeabi_d2ulz                            0x00001099   Thumb Code    48  dfixul.o(.text)
    __scatterload                            0x000010c9   Thumb Code    28  init.o(.text)
    __scatterload_rt2                        0x000010c9   Thumb Code     0  init.o(.text)
    isspace                                  0x000010ed   Thumb Code    10  isspace_c.o(.text)
    __ctype_lookup                           0x000010f9   Thumb Code    34  ctype_c.o(.text)
    __decompress                             0x00001121   Thumb Code     0  __dczerorl2.o(.text)
    __decompress1                            0x00001121   Thumb Code    86  __dczerorl2.o(.text)
    AD5940RampStructInit                     0x0000124d   Thumb Code   256  ad5940main.o(i.AD5940RampStructInit)
    AD5940_ADCBaseCfgS                       0x0000136d   Thumb Code    32  ad5940.o(i.AD5940_ADCBaseCfgS)
    AD5940_ADCCode2Volt                      0x0000138d   Thumb Code   138  ad5940.o(i.AD5940_ADCCode2Volt)
    AD5940_ADCDigCompCfgS                    0x00001421   Thumb Code    46  ad5940.o(i.AD5940_ADCDigCompCfgS)
    AD5940_ADCFilterCfgS                     0x0000144f   Thumb Code   108  ad5940.o(i.AD5940_ADCFilterCfgS)
    AD5940_AFECtrlS                          0x000014bb   Thumb Code    94  ad5940.o(i.AD5940_AFECtrlS)
    AD5940_AFEPwrBW                          0x00001519   Thumb Code    24  ad5940.o(i.AD5940_AFEPwrBW)
    AD5940_CLKCfg                            0x00001531   Thumb Code   288  ad5940.o(i.AD5940_CLKCfg)
    AD5940_ClksCalculate                     0x00001651   Thumb Code   346  ad5940.o(i.AD5940_ClksCalculate)
    AD5940_ClrMCUIntFlag                     0x000017b1   Thumb Code    10  aducm355port.o(i.AD5940_ClrMCUIntFlag)
    AD5940_ComplexDivInt                     0x000017c1   Thumb Code   210  ad5940.o(i.AD5940_ComplexDivInt)
    AD5940_DFTCfgS                           0x000018d5   Thumb Code    86  ad5940.o(i.AD5940_DFTCfgS)
    AD5940_DSPCfgS                           0x0000192b   Thumb Code    44  ad5940.o(i.AD5940_DSPCfgS)
    AD5940_Delay10us                         0x00001959   Thumb Code    88  aducm355port.o(i.AD5940_Delay10us)
    AD5940_EnterSleepS                       0x000019b5   Thumb Code    24  ad5940.o(i.AD5940_EnterSleepS)
    AD5940_FIFOCfg                           0x000019cd   Thumb Code    92  ad5940.o(i.AD5940_FIFOCfg)
    AD5940_FIFOCtrlS                         0x00001a29   Thumb Code    32  ad5940.o(i.AD5940_FIFOCtrlS)
    AD5940_FIFOGetCnt                        0x00001a49   Thumb Code    14  ad5940.o(i.AD5940_FIFOGetCnt)
    AD5940_FIFORd                            0x00001a59   Thumb Code    18  ad5940.o(i.AD5940_FIFORd)
    AD5940_GetMCUIntFlag                     0x00001a71   Thumb Code     6  aducm355port.o(i.AD5940_GetMCUIntFlag)
    AD5940_HFOSC32MHzCtrl                    0x00001a7d   Thumb Code   138  ad5940.o(i.AD5940_HFOSC32MHzCtrl)
    AD5940_HSDacCfgS                         0x00001b07   Thumb Code    44  ad5940.o(i.AD5940_HSDacCfgS)
    AD5940_HSLoopCfgS                        0x00001b33   Thumb Code    36  ad5940.o(i.AD5940_HSLoopCfgS)
    AD5940_HSTIACfgS                         0x00001b59   Thumb Code   174  ad5940.o(i.AD5940_HSTIACfgS)
    AD5940_INTCCfg                           0x00001c0d   Thumb Code    56  ad5940.o(i.AD5940_INTCCfg)
    AD5940_INTCClrFlag                       0x00001c45   Thumb Code    16  ad5940.o(i.AD5940_INTCClrFlag)
    AD5940_INTCGetCfg                        0x00001c55   Thumb Code    32  ad5940.o(i.AD5940_INTCGetCfg)
    AD5940_INTCGetFlag                       0x00001c75   Thumb Code    30  ad5940.o(i.AD5940_INTCGetFlag)
    AD5940_INTCTestFlag                      0x00001c93   Thumb Code    46  ad5940.o(i.AD5940_INTCTestFlag)
    AD5940_Initialize                        0x00001cc1   Thumb Code   150  ad5940.o(i.AD5940_Initialize)
    AD5940_LFOSCMeasure                      0x00001ded   Thumb Code   446  ad5940.o(i.AD5940_LFOSCMeasure)
    AD5940_LPAMPCfgS                         0x00001fb9   Thumb Code   106  ad5940.o(i.AD5940_LPAMPCfgS)
    AD5940_LPDAC0WriteS                      0x00002023   Thumb Code    28  ad5940.o(i.AD5940_LPDAC0WriteS)
    AD5940_LPDAC1WriteS                      0x0000203f   Thumb Code    28  ad5940.o(i.AD5940_LPDAC1WriteS)
    AD5940_LPDACCfgS                         0x0000205b   Thumb Code   116  ad5940.o(i.AD5940_LPDACCfgS)
    AD5940_LPLoopCfgS                        0x000020cf   Thumb Code    20  ad5940.o(i.AD5940_LPLoopCfgS)
    AD5940_LPRtiaCal                         0x000020e5   Thumb Code  2234  ad5940.o(i.AD5940_LPRtiaCal)
    AD5940_MCUResourceInit                   0x000029a9   Thumb Code    74  aducm355port.o(i.AD5940_MCUResourceInit)
    AD5940_Main                              0x000029f9   Thumb Code   862  ad5940main.o(i.AD5940_Main)
    AD5940_PrintTemperatureResult            0x00002e51   Thumb Code    98  temperature.o(i.AD5940_PrintTemperatureResult)
    AD5940_REFCfgS                           0x00002ec5   Thumb Code   176  ad5940.o(i.AD5940_REFCfgS)
    AD5940_ReadAfeResult                     0x00002f75   Thumb Code   112  ad5940.o(i.AD5940_ReadAfeResult)
    AD5940_ReadReg                           0x00002fe5   Thumb Code    28  ad5940.o(i.AD5940_ReadReg)
    AD5940_SEQCfg                            0x00003005   Thumb Code   120  ad5940.o(i.AD5940_SEQCfg)
    AD5940_SEQCmdWrite                       0x0000307d   Thumb Code    42  ad5940.o(i.AD5940_SEQCmdWrite)
    AD5940_SEQCtrlS                          0x000030a7   Thumb Code    40  ad5940.o(i.AD5940_SEQCtrlS)
    AD5940_SEQGenCtrl                        0x000030d1   Thumb Code    24  ad5940.o(i.AD5940_SEQGenCtrl)
    AD5940_SEQGenFetchSeq                    0x000030ed   Thumb Code    24  ad5940.o(i.AD5940_SEQGenFetchSeq)
    AD5940_SEQGenInit                        0x0000311d   Thumb Code    36  ad5940.o(i.AD5940_SEQGenInit)
    AD5940_SEQGenInsert                      0x00003145   Thumb Code    52  ad5940.o(i.AD5940_SEQGenInsert)
    AD5940_SEQGetCfg                         0x000031b1   Thumb Code    58  ad5940.o(i.AD5940_SEQGetCfg)
    AD5940_SEQGpioCtrlS                      0x000031eb   Thumb Code    16  ad5940.o(i.AD5940_SEQGpioCtrlS)
    AD5940_SEQInfoCfg                        0x000031fb   Thumb Code   116  ad5940.o(i.AD5940_SEQInfoCfg)
    AD5940_SEQInfoGet                        0x0000326f   Thumb Code   112  ad5940.o(i.AD5940_SEQInfoGet)
    AD5940_SEQMmrTrig                        0x000032df   Thumb Code    28  ad5940.o(i.AD5940_SEQMmrTrig)
    AD5940_SEQTimeOutRd                      0x00003391   Thumb Code    12  ad5940.o(i.AD5940_SEQTimeOutRd)
    AD5940_SWMatrixCfgS                      0x00003419   Thumb Code    58  ad5940.o(i.AD5940_SWMatrixCfgS)
    AD5940_ShutDownS                         0x00003455   Thumb Code    46  ad5940.o(i.AD5940_ShutDownS)
    AD5940_SleepKeyCtrlS                     0x00003489   Thumb Code    16  ad5940.o(i.AD5940_SleepKeyCtrlS)
    AD5940_StatisticCfgS                     0x00003499   Thumb Code    40  ad5940.o(i.AD5940_StatisticCfgS)
    AD5940_StructInit                        0x000034c1   Thumb Code    16  ad5940.o(i.AD5940_StructInit)
    AD5940_TemperatureISR                    0x000034d1   Thumb Code    92  temperature.o(i.AD5940_TemperatureISR)
    AD5940_TemperatureInit                   0x00003555   Thumb Code   218  temperature.o(i.AD5940_TemperatureInit)
    AD5940_WGCfgS                            0x00003651   Thumb Code   170  ad5940.o(i.AD5940_WGCfgS)
    AD5940_WGDACCodeS                        0x000036fb   Thumb Code    22  ad5940.o(i.AD5940_WGDACCodeS)
    AD5940_WGFreqWordCal                     0x00003711   Thumb Code   128  ad5940.o(i.AD5940_WGFreqWordCal)
    AD5940_WUPTCfg                           0x00003799   Thumb Code   348  ad5940.o(i.AD5940_WUPTCfg)
    AD5940_WUPTCtrl                          0x000038f5   Thumb Code    38  ad5940.o(i.AD5940_WUPTCtrl)
    AD5940_WUPTTime                          0x0000391b   Thumb Code   220  ad5940.o(i.AD5940_WUPTTime)
    AD5940_WakeUp                            0x000039f7   Thumb Code    50  ad5940.o(i.AD5940_WakeUp)
    AD5940_WriteReg                          0x00003a29   Thumb Code    34  ad5940.o(i.AD5940_WriteReg)
    Afe_Int3_Handler                         0x00003a51   Thumb Code    16  aducm355port.o(i.Afe_Int3_Handler)
    AppSWVCtrl                               0x00003a65   Thumb Code   284  sqrwavevoltammetry.o(i.AppSWVCtrl)
    AppSWVGetCfg                             0x00003be5   Thumb Code    18  sqrwavevoltammetry.o(i.AppSWVGetCfg)
    AppSWVISR                                0x00003bfd   Thumb Code   190  sqrwavevoltammetry.o(i.AppSWVISR)
    AppSWVInit                               0x00003cc1   Thumb Code   358  sqrwavevoltammetry.o(i.AppSWVInit)
    ClkDivCfg                                0x000044c9   Thumb Code    60  clklib.o(i.ClkDivCfg)
    ClockInit                                0x00004511   Thumb Code    18  main.o(i.ClockInit)
    D2DClkSpeedCheck                         0x00004523   Thumb Code    28  clklib.o(i.D2DClkSpeedCheck)
    DigClkSel                                0x00004541   Thumb Code   116  clklib.o(i.DigClkSel)
    DioCfgPin                                0x000045c1   Thumb Code    54  diolib.o(i.DioCfgPin)
    DioClrPin                                0x000045f7   Thumb Code     8  diolib.o(i.DioClrPin)
    DioIenPin                                0x000045ff   Thumb Code    24  diolib.o(i.DioIenPin)
    DioOenPin                                0x00004617   Thumb Code    24  diolib.o(i.DioOenPin)
    DioPulPin                                0x0000462f   Thumb Code    24  diolib.o(i.DioPulPin)
    DioSetPin                                0x00004647   Thumb Code     8  diolib.o(i.DioSetPin)
    EiCfg                                    0x00004651   Thumb Code   166  intlib.o(i.EiCfg)
    EiClr                                    0x000046fd   Thumb Code    10  intlib.o(i.EiClr)
    GPIOInit                                 0x0000470d   Thumb Code    64  main.o(i.GPIOInit)
    SystemInit                               0x00004891   Thumb Code    44  system_aducm355.o(i.SystemInit)
    UART_Int_Handler                         0x000048c5   Thumb Code   224  ad5940main.o(i.UART_Int_Handler)
    UartInit                                 0x000049c5   Thumb Code    92  main.o(i.UartInit)
    UrtCfg                                   0x00004a29   Thumb Code   294  urtlib.o(i.UrtCfg)
    UrtFifoCfg                               0x00004b61   Thumb Code    14  urtlib.o(i.UrtFifoCfg)
    UrtFifoClr                               0x00004b6f   Thumb Code    18  urtlib.o(i.UrtFifoClr)
    UrtIntCfg                                0x00004b81   Thumb Code     8  urtlib.o(i.UrtIntCfg)
    UrtLinSta                                0x00004b89   Thumb Code     6  urtlib.o(i.UrtLinSta)
    UrtRx                                    0x00004b8f   Thumb Code     8  urtlib.o(i.UrtRx)
    UrtTx                                    0x00004b97   Thumb Code    20  urtlib.o(i.UrtTx)
    __0printf                                0x00004bad   Thumb Code    22  printfa.o(i.__0printf)
    __1printf                                0x00004bad   Thumb Code     0  printfa.o(i.__0printf)
    __2printf                                0x00004bad   Thumb Code     0  printfa.o(i.__0printf)
    __c89printf                              0x00004bad   Thumb Code     0  printfa.o(i.__0printf)
    printf                                   0x00004bad   Thumb Code     0  printfa.o(i.__0printf)
    __ARM_fpclassify                         0x00004c65   Thumb Code    40  fpclassify.o(i.__ARM_fpclassify)
    free                                     0x00004c8d   Thumb Code    88  mallocr.o(i.__free$realloc)
    __kernel_poly                            0x00004ce9   Thumb Code   170  poly.o(i.__kernel_poly)
    malloc                                   0x00004d95   Thumb Code    64  mallocr.o(i.__malloc$realloc)
    __mathlib_dbl_infnan                     0x00004de5   Thumb Code     6  dunder.o(i.__mathlib_dbl_infnan)
    __mathlib_dbl_infnan2                    0x00004deb   Thumb Code     4  dunder.o(i.__mathlib_dbl_infnan2)
    __mathlib_dbl_underflow                  0x00004df1   Thumb Code    10  dunder.o(i.__mathlib_dbl_underflow)
    __scatterload_copy                       0x00004e01   Thumb Code    14  handlers.o(i.__scatterload_copy)
    __scatterload_null                       0x00004e0f   Thumb Code     2  handlers.o(i.__scatterload_null)
    __scatterload_zeroinit                   0x00004e11   Thumb Code    14  handlers.o(i.__scatterload_zeroinit)
    __set_errno                              0x00004e21   Thumb Code     6  errno.o(i.__set_errno)
    _ad5940_analog_init                      0x00004e2d   Thumb Code   150  temperature.o(i._ad5940_analog_init)
    _is_digit                                0x0000504d   Thumb Code    14  scanf_fp.o(i._is_digit)
    adi_default_setting                      0x00005763   Thumb Code     2  system_aducm355.o(i.adi_default_setting)
    adi_system_EnableRetention               0x00005765   Thumb Code    42  system_aducm355.o(i.adi_system_EnableRetention)
    atan                                     0x00005795   Thumb Code   474  atan.o(i.atan)
    atan2                                    0x000059b5   Thumb Code   374  atan2.o(i.atan2)
    cJSON_Delete                             0x00005b8d   Thumb Code    84  cjson.o(i.cJSON_Delete)
    cJSON_GetObjectItemCaseSensitive         0x00005be5   Thumb Code    18  cjson.o(i.cJSON_GetObjectItemCaseSensitive)
    cJSON_Parse                              0x00005c11   Thumb Code    16  cjson.o(i.cJSON_Parse)
    cJSON_ParseWithOpts                      0x00005c21   Thumb Code   204  cjson.o(i.cJSON_ParseWithOpts)
    clockUpdate                              0x00005d3d   Thumb Code   104  clklib.o(i.clockUpdate)
    fputc                                    0x00005dbd   Thumb Code    32  retarget.o(i.fputc)
    getRTIA                                  0x00005de1   Thumb Code    98  ad5940main.o(i.getRTIA)
    isChipInserted                           0x00005ee9   Thumb Code    26  ad5940main.o(i.isChipInserted)
    main                                     0x00005f09   Thumb Code    28  main.o(i.main)
    puts                                     0x000065b1   Thumb Code    30  puts.o(i.puts)
    realloc                                  0x000065d5   Thumb Code   102  mallocr.o(i.realloc)
    setSelect0                               0x00006641   Thumb Code    26  ad5940main.o(i.setSelect0)
    setSelect1                               0x00006661   Thumb Code    26  ad5940main.o(i.setSelect1)
    setSelectPins                            0x00006681   Thumb Code    80  ad5940main.o(i.setSelectPins)
    sqrt                                     0x0000670d   Thumb Code    76  sqrt.o(i.sqrt)
    strtod                                   0x00006759   Thumb Code    28  strtod.o(i.strtod)
    __mathlib_zero                           0x00006e30   Data           8  qnan.o(.constdata)
    __ctype_categories                       0x00006e38   Data          64  ctype_c.o(.constdata)
    Region$$Table$$Base                      0x00006e78   Number         0  anon$$obj.o(Region$$Table)
    Region$$Table$$Limit                     0x00006e98   Number         0  anon$$obj.o(Region$$Table)
    __microlib_freelist_initialised          0x2000002c   Data           4  mvars.o(.data)
    AppBuff                                  0x20000030   Data        4096  ad5940main.o(.bss)
    szTemp                                   0x20001030   Data          64  ad5940main.o(.bss)
    buffer                                   0x20001070   Data          64  ad5940main.o(.bss)
    recvString                               0x200010b0   Data         256  ad5940main.o(.bss)
    SeqGenDB                                 0x200011b0   Data          28  ad5940.o(.bss)
    LFOSCFreq                                0x20002000   Data           4  ad5940main.o(.data)
    UNDEFINED                                0x20002004   Data           4  ad5940main.o(.data)
    ucCOMSTA0                                0x20002008   Data           1  ad5940main.o(.data)
    ucCOMIID0                                0x20002009   Data           1  ad5940main.o(.data)
    ucComRx                                  0x2000200a   Data           1  ad5940main.o(.data)
    ucTxBufferEmpty                          0x2000200b   Data           1  ad5940main.o(.data)
    ucPacketReceived                         0x2000200c   Data           1  ad5940main.o(.data)
    ucInCnt                                  0x2000200d   Data           1  ad5940main.o(.data)
    iNumBytesInFifo                          0x20002010   Data           4  ad5940main.o(.data)
    stringReceived                           0x20002014   Data           4  ad5940main.o(.data)
    iForwardFlag                             0x20002018   Data           4  ad5940main.o(.data)
    iReverseFlag                             0x2000201c   Data           4  ad5940main.o(.data)
    RTIAvals                                 0x20002020   Data         108  ad5940main.o(.data)
    data_count                               0x20002174   Data           4  temperature.o(.data)
    __stdout                                 0x20002178   Data           4  retarget.o(.data)
    __stdin                                  0x2000217c   Data           4  retarget.o(.data)
    __microlib_freelist                      0x20002180   Data           4  mvars.o(.data)
    buff                                     0x20002188   Data          64  temperature.o(.bss)
    __heap_base                              0x200021c8   Data           0  startup_aducm355.o(HEAP)
    __heap_limit                             0x20002dc8   Data           0  startup_aducm355.o(HEAP)
    __initial_sp                             0x200031c8   Data           0  startup_aducm355.o(STACK)



==============================================================================

Memory Map of the image

  Image Entry point : 0x00000145

  Load Region LR_IROM1 (Base: 0x00000000, Size: 0x00007050, Max: 0x00020000, ABSOLUTE, COMPRESSED[0x00006f5c])

    Execution Region ER_IROM1 (Exec base: 0x00000000, Load base: 0x00000000, Size: 0x00006e98, Max: 0x00020000, ABSOLUTE)

    Exec Addr    Load Addr    Size         Type   Attr      Idx    E Section Name        Object

    0x00000000   0x00000000   0x00000144   Data   RO         2340    RESET               startup_aducm355.o
    0x00000144   0x00000144   0x00000000   Code   RO         2459  * .ARM.Collect$$$$00000000  mc_w.l(entry.o)
    0x00000144   0x00000144   0x00000004   Code   RO         2868    .ARM.Collect$$$$00000001  mc_w.l(entry2.o)
    0x00000148   0x00000148   0x00000004   Code   RO         2871    .ARM.Collect$$$$00000004  mc_w.l(entry5.o)
    0x0000014c   0x0000014c   0x00000000   Code   RO         2873    .ARM.Collect$$$$00000008  mc_w.l(entry7b.o)
    0x0000014c   0x0000014c   0x00000000   Code   RO         2875    .ARM.Collect$$$$0000000A  mc_w.l(entry8b.o)
    0x0000014c   0x0000014c   0x00000008   Code   RO         2876    .ARM.Collect$$$$0000000B  mc_w.l(entry9a.o)
    0x00000154   0x00000154   0x00000004   Code   RO         2883    .ARM.Collect$$$$0000000E  mc_w.l(entry12b.o)
    0x00000158   0x00000158   0x00000000   Code   RO         2878    .ARM.Collect$$$$0000000F  mc_w.l(entry10a.o)
    0x00000158   0x00000158   0x00000000   Code   RO         2880    .ARM.Collect$$$$00000011  mc_w.l(entry11a.o)
    0x00000158   0x00000158   0x00000004   Code   RO         2869    .ARM.Collect$$$$00002712  mc_w.l(entry2.o)
    0x0000015c   0x0000015c   0x0000001e   Code   RO         2468    .text               mc_w.l(llshl.o)
    0x0000017a   0x0000017a   0x00000000   Code   RO         2905    .text               mc_w.l(iusefp.o)
    0x0000017a   0x0000017a   0x00000006   Code   RO         1341    i.DioRd             diolib.o
    0x00000180   0x00000180   0x00000020   Code   RO         2341    .ARM.__at_0x180     startup_aducm355.o
    0x000001a0   0x000001a0   0x00000034   Code   RO         2343    .text               startup_aducm355.o
    0x000001d4   0x000001d4   0x00000062   Code   RO         2466    .text               mc_w.l(uldiv.o)
    0x00000236   0x00000236   0x0000000c   Code   RO         2470    .text               mc_w.l(tolower.o)
    0x00000242   0x00000242   0x00000024   Code   RO         2472    .text               mc_w.l(memcpya.o)
    0x00000266   0x00000266   0x00000024   Code   RO         2474    .text               mc_w.l(memseta.o)
    0x0000028a   0x0000028a   0x0000000e   Code   RO         2478    .text               mc_w.l(strlen.o)
    0x00000298   0x00000298   0x0000001c   Code   RO         2480    .text               mc_w.l(strcmp.o)
    0x000002b4   0x000002b4   0x00000028   Code   RO         2482    .text               mc_w.l(strncat.o)
    0x000002dc   0x000002dc   0x0000001e   Code   RO         2486    .text               mc_w.l(strncmp.o)
    0x000002fa   0x000002fa   0x00000002   PAD
    0x000002fc   0x000002fc   0x00000360   Code   RO         2783    .text               mc_w.l(scanf_fp.o)
    0x0000065c   0x0000065c   0x000000b0   Code   RO         2787    .text               mf_w.l(fadd.o)
    0x0000070c   0x0000070c   0x00000064   Code   RO         2789    .text               mf_w.l(fmul.o)
    0x00000770   0x00000770   0x0000007c   Code   RO         2791    .text               mf_w.l(fdiv.o)
    0x000007ec   0x000007ec   0x0000000a   Code   RO         2801    .text               mf_w.l(ffltui.o)
    0x000007f6   0x000007f6   0x00000006   Code   RO         1571    i.UrtIntSta         urtlib.o
    0x000007fc   0x000007fc   0x00000004   Code   RO         2342    .ARM.__at_0x7FC     startup_aducm355.o
    0x00000800   0x00000800   0x0000014e   Code   RO         2793    .text               mf_w.l(dadd.o)
    0x0000094e   0x0000094e   0x000000e4   Code   RO         2795    .text               mf_w.l(dmul.o)
    0x00000a32   0x00000a32   0x000000de   Code   RO         2797    .text               mf_w.l(ddiv.o)
    0x00000b10   0x00000b10   0x00000012   Code   RO         2799    .text               mf_w.l(fflti.o)
    0x00000b22   0x00000b22   0x0000002c   Code   RO         2803    .text               mf_w.l(ffltl.o)
    0x00000b4e   0x00000b4e   0x00000022   Code   RO         2805    .text               mf_w.l(dflti.o)
    0x00000b70   0x00000b70   0x0000001a   Code   RO         2807    .text               mf_w.l(dfltui.o)
    0x00000b8a   0x00000b8a   0x00000032   Code   RO         2809    .text               mf_w.l(ffixi.o)
    0x00000bbc   0x00000bbc   0x00000028   Code   RO         2811    .text               mf_w.l(ffixui.o)
    0x00000be4   0x00000be4   0x0000003e   Code   RO         2813    .text               mf_w.l(dfixi.o)
    0x00000c22   0x00000c22   0x00000032   Code   RO         2815    .text               mf_w.l(dfixui.o)
    0x00000c54   0x00000c54   0x00000026   Code   RO         2817    .text               mf_w.l(f2d.o)
    0x00000c7a   0x00000c7a   0x00000002   PAD
    0x00000c7c   0x00000c7c   0x00000030   Code   RO         2819    .text               mf_w.l(cdcmple.o)
    0x00000cac   0x00000cac   0x00000030   Code   RO         2821    .text               mf_w.l(cdrcmple.o)
    0x00000cdc   0x00000cdc   0x00000038   Code   RO         2823    .text               mf_w.l(d2f.o)
    0x00000d14   0x00000d14   0x00000014   Code   RO         2825    .text               mf_w.l(cfcmple.o)
    0x00000d28   0x00000d28   0x00000014   Code   RO         2827    .text               mf_w.l(cfrcmple.o)
    0x00000d3c   0x00000d3c   0x0000002c   Code   RO         2884    .text               mc_w.l(uidiv.o)
    0x00000d68   0x00000d68   0x00000020   Code   RO         2886    .text               mc_w.l(llushr.o)
    0x00000d88   0x00000d88   0x00000024   Code   RO         2888    .text               mc_w.l(llsshr.o)
    0x00000dac   0x00000dac   0x00000040   Code   RO         2901    .text               mc_w.l(_sgetc.o)
    0x00000dec   0x00000dec   0x0000009c   Code   RO         2903    .text               mc_w.l(strtod.o)
    0x00000e88   0x00000e88   0x0000006e   Code   RO         2906    .text               mf_w.l(fepilogue.o)
    0x00000ef6   0x00000ef6   0x000000ba   Code   RO         2908    .text               mf_w.l(depilogue.o)
    0x00000fb0   0x00000fb0   0x0000002e   Code   RO         2910    .text               mf_w.l(dscalb.o)
    0x00000fde   0x00000fde   0x000000a2   Code   RO         2912    .text               mf_w.l(dsqrt.o)
    0x00001080   0x00001080   0x00000018   Code   RO         2914    .text               mf_w.l(dfltul.o)
    0x00001098   0x00001098   0x00000030   Code   RO         2916    .text               mf_w.l(dfixul.o)
    0x000010c8   0x000010c8   0x00000024   Code   RO         2918    .text               mc_w.l(init.o)
    0x000010ec   0x000010ec   0x0000000a   Code   RO         2920    .text               mc_w.l(isspace_c.o)
    0x000010f6   0x000010f6   0x00000002   PAD
    0x000010f8   0x000010f8   0x00000028   Code   RO         2924    .text               mc_w.l(ctype_c.o)
    0x00001120   0x00001120   0x00000056   Code   RO         2935    .text               mc_w.l(__dczerorl2.o)
    0x00001176   0x00001176   0x00000002   PAD
    0x00001178   0x00001178   0x000000d4   Code   RO            4    i.AD5940PlatformCfg  ad5940main.o
    0x0000124c   0x0000124c   0x00000120   Code   RO            5    i.AD5940RampStructInit  ad5940main.o
    0x0000136c   0x0000136c   0x00000020   Code   RO         1652    i.AD5940_ADCBaseCfgS  ad5940.o
    0x0000138c   0x0000138c   0x00000094   Code   RO         1653    i.AD5940_ADCCode2Volt  ad5940.o
    0x00001420   0x00001420   0x0000002e   Code   RO         1655    i.AD5940_ADCDigCompCfgS  ad5940.o
    0x0000144e   0x0000144e   0x0000006c   Code   RO         1656    i.AD5940_ADCFilterCfgS  ad5940.o
    0x000014ba   0x000014ba   0x0000005e   Code   RO         1661    i.AD5940_AFECtrlS   ad5940.o
    0x00001518   0x00001518   0x00000018   Code   RO         1662    i.AD5940_AFEPwrBW   ad5940.o
    0x00001530   0x00001530   0x00000120   Code   RO         1672    i.AD5940_CLKCfg     ad5940.o
    0x00001650   0x00001650   0x00000160   Code   RO         1673    i.AD5940_ClksCalculate  ad5940.o
    0x000017b0   0x000017b0   0x00000010   Code   RO         1149    i.AD5940_ClrMCUIntFlag  aducm355port.o
    0x000017c0   0x000017c0   0x000000d2   Code   RO         1676    i.AD5940_ComplexDivInt  ad5940.o
    0x00001892   0x00001892   0x00000002   PAD
    0x00001894   0x00001894   0x00000020   Code   RO         1682    i.AD5940_D2DReadReg  ad5940.o
    0x000018b4   0x000018b4   0x00000020   Code   RO         1683    i.AD5940_D2DWriteReg  ad5940.o
    0x000018d4   0x000018d4   0x00000056   Code   RO         1684    i.AD5940_DFTCfgS    ad5940.o
    0x0000192a   0x0000192a   0x0000002c   Code   RO         1685    i.AD5940_DSPCfgS    ad5940.o
    0x00001956   0x00001956   0x00000002   PAD
    0x00001958   0x00001958   0x0000005c   Code   RO         1150    i.AD5940_Delay10us  aducm355port.o
    0x000019b4   0x000019b4   0x00000018   Code   RO         1686    i.AD5940_EnterSleepS  ad5940.o
    0x000019cc   0x000019cc   0x0000005c   Code   RO         1687    i.AD5940_FIFOCfg    ad5940.o
    0x00001a28   0x00001a28   0x00000020   Code   RO         1688    i.AD5940_FIFOCtrlS  ad5940.o
    0x00001a48   0x00001a48   0x0000000e   Code   RO         1690    i.AD5940_FIFOGetCnt  ad5940.o
    0x00001a56   0x00001a56   0x00000002   PAD
    0x00001a58   0x00001a58   0x00000018   Code   RO         1691    i.AD5940_FIFORd     ad5940.o
    0x00001a70   0x00001a70   0x0000000c   Code   RO         1151    i.AD5940_GetMCUIntFlag  aducm355port.o
    0x00001a7c   0x00001a7c   0x0000008a   Code   RO         1695    i.AD5940_HFOSC32MHzCtrl  ad5940.o
    0x00001b06   0x00001b06   0x0000002c   Code   RO         1697    i.AD5940_HSDacCfgS  ad5940.o
    0x00001b32   0x00001b32   0x00000024   Code   RO         1698    i.AD5940_HSLoopCfgS  ad5940.o
    0x00001b56   0x00001b56   0x00000002   PAD
    0x00001b58   0x00001b58   0x000000b4   Code   RO         1701    i.AD5940_HSTIACfgS  ad5940.o
    0x00001c0c   0x00001c0c   0x00000038   Code   RO         1704    i.AD5940_INTCCfg    ad5940.o
    0x00001c44   0x00001c44   0x00000010   Code   RO         1705    i.AD5940_INTCClrFlag  ad5940.o
    0x00001c54   0x00001c54   0x00000020   Code   RO         1706    i.AD5940_INTCGetCfg  ad5940.o
    0x00001c74   0x00001c74   0x0000001e   Code   RO         1707    i.AD5940_INTCGetFlag  ad5940.o
    0x00001c92   0x00001c92   0x0000002e   Code   RO         1708    i.AD5940_INTCTestFlag  ad5940.o
    0x00001cc0   0x00001cc0   0x0000012c   Code   RO         1709    i.AD5940_Initialize  ad5940.o
    0x00001dec   0x00001dec   0x000001cc   Code   RO         1710    i.AD5940_LFOSCMeasure  ad5940.o
    0x00001fb8   0x00001fb8   0x0000006a   Code   RO         1711    i.AD5940_LPAMPCfgS  ad5940.o
    0x00002022   0x00002022   0x0000001c   Code   RO         1712    i.AD5940_LPDAC0WriteS  ad5940.o
    0x0000203e   0x0000203e   0x0000001c   Code   RO         1713    i.AD5940_LPDAC1WriteS  ad5940.o
    0x0000205a   0x0000205a   0x00000074   Code   RO         1715    i.AD5940_LPDACCfgS  ad5940.o
    0x000020ce   0x000020ce   0x00000014   Code   RO         1717    i.AD5940_LPLoopCfgS  ad5940.o
    0x000020e2   0x000020e2   0x00000002   PAD
    0x000020e4   0x000020e4   0x000008c4   Code   RO         1721    i.AD5940_LPRtiaCal  ad5940.o
    0x000029a8   0x000029a8   0x00000050   Code   RO         1152    i.AD5940_MCUResourceInit  aducm355port.o
    0x000029f8   0x000029f8   0x00000458   Code   RO            6    i.AD5940_Main       ad5940main.o
    0x00002e50   0x00002e50   0x00000074   Code   RO          294    i.AD5940_PrintTemperatureResult  temperature.o
    0x00002ec4   0x00002ec4   0x000000b0   Code   RO         1724    i.AD5940_REFCfgS    ad5940.o
    0x00002f74   0x00002f74   0x00000070   Code   RO         1725    i.AD5940_ReadAfeResult  ad5940.o
    0x00002fe4   0x00002fe4   0x00000020   Code   RO         1726    i.AD5940_ReadReg    ad5940.o
    0x00003004   0x00003004   0x00000078   Code   RO         1727    i.AD5940_SEQCfg     ad5940.o
    0x0000307c   0x0000307c   0x0000002a   Code   RO         1728    i.AD5940_SEQCmdWrite  ad5940.o
    0x000030a6   0x000030a6   0x00000028   Code   RO         1729    i.AD5940_SEQCtrlS   ad5940.o
    0x000030ce   0x000030ce   0x00000002   PAD
    0x000030d0   0x000030d0   0x0000001c   Code   RO         1731    i.AD5940_SEQGenCtrl  ad5940.o
    0x000030ec   0x000030ec   0x0000001c   Code   RO         1732    i.AD5940_SEQGenFetchSeq  ad5940.o
    0x00003108   0x00003108   0x00000012   Code   RO         1733    i.AD5940_SEQGenGetRegDefault  ad5940.o
    0x0000311a   0x0000311a   0x00000002   PAD
    0x0000311c   0x0000311c   0x00000028   Code   RO         1734    i.AD5940_SEQGenInit  ad5940.o
    0x00003144   0x00003144   0x00000038   Code   RO         1735    i.AD5940_SEQGenInsert  ad5940.o
    0x0000317c   0x0000317c   0x00000034   Code   RO         1736    i.AD5940_SEQGenSearchReg  ad5940.o
    0x000031b0   0x000031b0   0x0000003a   Code   RO         1737    i.AD5940_SEQGetCfg  ad5940.o
    0x000031ea   0x000031ea   0x00000010   Code   RO         1738    i.AD5940_SEQGpioCtrlS  ad5940.o
    0x000031fa   0x000031fa   0x00000074   Code   RO         1741    i.AD5940_SEQInfoCfg  ad5940.o
    0x0000326e   0x0000326e   0x00000070   Code   RO         1742    i.AD5940_SEQInfoGet  ad5940.o
    0x000032de   0x000032de   0x0000001c   Code   RO         1743    i.AD5940_SEQMmrTrig  ad5940.o
    0x000032fa   0x000032fa   0x00000002   PAD
    0x000032fc   0x000032fc   0x00000038   Code   RO         1744    i.AD5940_SEQReadReg  ad5940.o
    0x00003334   0x00003334   0x0000005c   Code   RO         1745    i.AD5940_SEQRegInfoInsert  ad5940.o
    0x00003390   0x00003390   0x0000000c   Code   RO         1746    i.AD5940_SEQTimeOutRd  ad5940.o
    0x0000339c   0x0000339c   0x0000007c   Code   RO         1747    i.AD5940_SEQWriteReg  ad5940.o
    0x00003418   0x00003418   0x0000003a   Code   RO         1748    i.AD5940_SWMatrixCfgS  ad5940.o
    0x00003452   0x00003452   0x00000002   PAD
    0x00003454   0x00003454   0x00000034   Code   RO         1749    i.AD5940_ShutDownS  ad5940.o
    0x00003488   0x00003488   0x00000010   Code   RO         1750    i.AD5940_SleepKeyCtrlS  ad5940.o
    0x00003498   0x00003498   0x00000028   Code   RO         1752    i.AD5940_StatisticCfgS  ad5940.o
    0x000034c0   0x000034c0   0x00000010   Code   RO         1753    i.AD5940_StructInit  ad5940.o
    0x000034d0   0x000034d0   0x00000084   Code   RO          295    i.AD5940_TemperatureISR  temperature.o
    0x00003554   0x00003554   0x000000fc   Code   RO          296    i.AD5940_TemperatureInit  temperature.o
    0x00003650   0x00003650   0x000000aa   Code   RO         1755    i.AD5940_WGCfgS     ad5940.o
    0x000036fa   0x000036fa   0x00000016   Code   RO         1756    i.AD5940_WGDACCodeS  ad5940.o
    0x00003710   0x00003710   0x00000088   Code   RO         1758    i.AD5940_WGFreqWordCal  ad5940.o
    0x00003798   0x00003798   0x0000015c   Code   RO         1759    i.AD5940_WUPTCfg    ad5940.o
    0x000038f4   0x000038f4   0x00000026   Code   RO         1760    i.AD5940_WUPTCtrl   ad5940.o
    0x0000391a   0x0000391a   0x000000dc   Code   RO         1761    i.AD5940_WUPTTime   ad5940.o
    0x000039f6   0x000039f6   0x00000032   Code   RO         1762    i.AD5940_WakeUp     ad5940.o
    0x00003a28   0x00003a28   0x00000028   Code   RO         1763    i.AD5940_WriteReg   ad5940.o
    0x00003a50   0x00003a50   0x00000014   Code   RO         1153    i.Afe_Int3_Handler  aducm355port.o
    0x00003a64   0x00003a64   0x00000128   Code   RO          221    i.AppSWVCtrl        sqrwavevoltammetry.o
    0x00003b8c   0x00003b8c   0x00000058   Code   RO          222    i.AppSWVDataProcess  sqrwavevoltammetry.o
    0x00003be4   0x00003be4   0x00000018   Code   RO          223    i.AppSWVGetCfg      sqrwavevoltammetry.o
    0x00003bfc   0x00003bfc   0x000000c4   Code   RO          224    i.AppSWVISR         sqrwavevoltammetry.o
    0x00003cc0   0x00003cc0   0x0000016c   Code   RO          225    i.AppSWVInit        sqrwavevoltammetry.o
    0x00003e2c   0x00003e2c   0x00000024   Code   RO          226    i.AppSWVRegModify   sqrwavevoltammetry.o
    0x00003e50   0x00003e50   0x0000009c   Code   RO          227    i.AppSWVRtiaCal     sqrwavevoltammetry.o
    0x00003eec   0x00003eec   0x000000dc   Code   RO          228    i.AppSWVSeqADCCtrlGen  sqrwavevoltammetry.o
    0x00003fc8   0x00003fc8   0x00000350   Code   RO          229    i.AppSWVSeqDACCtrlGen  sqrwavevoltammetry.o
    0x00004318   0x00004318   0x000001b0   Code   RO          230    i.AppSWVSeqInitGen  sqrwavevoltammetry.o
    0x000044c8   0x000044c8   0x00000048   Code   RO         1260    i.ClkDivCfg         clklib.o
    0x00004510   0x00004510   0x00000012   Code   RO          162    i.ClockInit         main.o
    0x00004522   0x00004522   0x0000001c   Code   RO         1263    i.D2DClkSpeedCheck  clklib.o
    0x0000453e   0x0000453e   0x00000002   PAD
    0x00004540   0x00004540   0x00000080   Code   RO         1264    i.DigClkSel         clklib.o
    0x000045c0   0x000045c0   0x00000036   Code   RO         1331    i.DioCfgPin         diolib.o
    0x000045f6   0x000045f6   0x00000008   Code   RO         1332    i.DioClrPin         diolib.o
    0x000045fe   0x000045fe   0x00000018   Code   RO         1334    i.DioIenPin         diolib.o
    0x00004616   0x00004616   0x00000018   Code   RO         1339    i.DioOenPin         diolib.o
    0x0000462e   0x0000462e   0x00000018   Code   RO         1340    i.DioPulPin         diolib.o
    0x00004646   0x00004646   0x00000008   Code   RO         1342    i.DioSetPin         diolib.o
    0x0000464e   0x0000464e   0x00000002   PAD
    0x00004650   0x00004650   0x000000ac   Code   RO         1478    i.EiCfg             intlib.o
    0x000046fc   0x000046fc   0x00000010   Code   RO         1479    i.EiClr             intlib.o
    0x0000470c   0x0000470c   0x00000044   Code   RO          163    i.GPIOInit          main.o
    0x00004750   0x00004750   0x00000140   Code   RO          231    i.RampDacRegUpdate  sqrwavevoltammetry.o
    0x00004890   0x00004890   0x00000034   Code   RO         2354    i.SystemInit        system_aducm355.o
    0x000048c4   0x000048c4   0x00000100   Code   RO            7    i.UART_Int_Handler  ad5940main.o
    0x000049c4   0x000049c4   0x00000064   Code   RO          164    i.UartInit          main.o
    0x00004a28   0x00004a28   0x00000138   Code   RO         1566    i.UrtCfg            urtlib.o
    0x00004b60   0x00004b60   0x0000000e   Code   RO         1568    i.UrtFifoCfg        urtlib.o
    0x00004b6e   0x00004b6e   0x00000012   Code   RO         1569    i.UrtFifoClr        urtlib.o
    0x00004b80   0x00004b80   0x00000008   Code   RO         1570    i.UrtIntCfg         urtlib.o
    0x00004b88   0x00004b88   0x00000006   Code   RO         1572    i.UrtLinSta         urtlib.o
    0x00004b8e   0x00004b8e   0x00000008   Code   RO         1575    i.UrtRx             urtlib.o
    0x00004b96   0x00004b96   0x00000014   Code   RO         1576    i.UrtTx             urtlib.o
    0x00004baa   0x00004baa   0x00000002   PAD
    0x00004bac   0x00004bac   0x00000020   Code   RO         2725    i.__0printf         mc_w.l(printfa.o)
    0x00004bcc   0x00004bcc   0x00000042   Code   RO         1764    i.__AD5940_ReferenceON  ad5940.o
    0x00004c0e   0x00004c0e   0x00000002   PAD
    0x00004c10   0x00004c10   0x00000054   Code   RO         1765    i.__AD5940_TakeMeasurement  ad5940.o
    0x00004c64   0x00004c64   0x00000028   Code   RO         2853    i.__ARM_fpclassify  m_ws.l(fpclassify.o)
    0x00004c8c   0x00004c8c   0x0000005c   Code   RO         2757    i.__free$realloc    mc_w.l(mallocr.o)
    0x00004ce8   0x00004ce8   0x000000aa   Code   RO         2865    i.__kernel_poly     m_ws.l(poly.o)
    0x00004d92   0x00004d92   0x00000002   PAD
    0x00004d94   0x00004d94   0x00000050   Code   RO         2758    i.__malloc$realloc  mc_w.l(mallocr.o)
    0x00004de4   0x00004de4   0x00000006   Code   RO         2840    i.__mathlib_dbl_infnan  m_ws.l(dunder.o)
    0x00004dea   0x00004dea   0x00000004   Code   RO         2841    i.__mathlib_dbl_infnan2  m_ws.l(dunder.o)
    0x00004dee   0x00004dee   0x00000002   PAD
    0x00004df0   0x00004df0   0x00000010   Code   RO         2845    i.__mathlib_dbl_underflow  m_ws.l(dunder.o)
    0x00004e00   0x00004e00   0x0000000e   Code   RO         2929    i.__scatterload_copy  mc_w.l(handlers.o)
    0x00004e0e   0x00004e0e   0x00000002   Code   RO         2930    i.__scatterload_null  mc_w.l(handlers.o)
    0x00004e10   0x00004e10   0x0000000e   Code   RO         2931    i.__scatterload_zeroinit  mc_w.l(handlers.o)
    0x00004e1e   0x00004e1e   0x00000002   PAD
    0x00004e20   0x00004e20   0x0000000c   Code   RO         2894    i.__set_errno       mc_w.l(errno.o)
    0x00004e2c   0x00004e2c   0x0000009c   Code   RO          297    i._ad5940_analog_init  temperature.o
    0x00004ec8   0x00004ec8   0x00000184   Code   RO         2732    i._fp_digits        mc_w.l(printfa.o)
    0x0000504c   0x0000504c   0x0000000e   Code   RO         2785    i._is_digit         mc_w.l(scanf_fp.o)
    0x0000505a   0x0000505a   0x00000002   PAD
    0x0000505c   0x0000505c   0x000006b4   Code   RO         2733    i._printf_core      mc_w.l(printfa.o)
    0x00005710   0x00005710   0x00000024   Code   RO         2734    i._printf_post_padding  mc_w.l(printfa.o)
    0x00005734   0x00005734   0x0000002e   Code   RO         2735    i._printf_pre_padding  mc_w.l(printfa.o)
    0x00005762   0x00005762   0x00000002   Code   RO         2355    i.adi_default_setting  system_aducm355.o
    0x00005764   0x00005764   0x00000030   Code   RO         2358    i.adi_system_EnableRetention  system_aducm355.o
    0x00005794   0x00005794   0x00000220   Code   RO         2830    i.atan              m_ws.l(atan.o)
    0x000059b4   0x000059b4   0x0000019c   Code   RO         2422    i.atan2             m_ws.l(atan2.o)
    0x00005b50   0x00005b50   0x0000003a   Code   RO          330    i.buffer_skip_whitespace  cjson.o
    0x00005b8a   0x00005b8a   0x00000002   PAD
    0x00005b8c   0x00005b8c   0x00000058   Code   RO          362    i.cJSON_Delete      cjson.o
    0x00005be4   0x00005be4   0x00000012   Code   RO          375    i.cJSON_GetObjectItemCaseSensitive  cjson.o
    0x00005bf6   0x00005bf6   0x0000001a   Code   RO          391    i.cJSON_New_Item    cjson.o
    0x00005c10   0x00005c10   0x00000010   Code   RO          392    i.cJSON_Parse       cjson.o
    0x00005c20   0x00005c20   0x000000d4   Code   RO          393    i.cJSON_ParseWithOpts  cjson.o
    0x00005cf4   0x00005cf4   0x00000048   Code   RO          407    i.case_insensitive_strcmp  cjson.o
    0x00005d3c   0x00005d3c   0x00000080   Code   RO         1265    i.clockUpdate       clklib.o
    0x00005dbc   0x00005dbc   0x00000024   Code   RO         1203    i.fputc             retarget.o
    0x00005de0   0x00005de0   0x00000070   Code   RO            9    i.getRTIA           ad5940main.o
    0x00005e50   0x00005e50   0x00000004   Code   RO          412    i.get_decimal_point  cjson.o
    0x00005e54   0x00005e54   0x00000044   Code   RO          413    i.get_object_item   cjson.o
    0x00005e98   0x00005e98   0x00000050   Code   RO         2759    i.internal_alloc    mc_w.l(mallocr.o)
    0x00005ee8   0x00005ee8   0x00000020   Code   RO           10    i.isChipInserted    ad5940main.o
    0x00005f08   0x00005f08   0x0000001c   Code   RO          165    i.main              main.o
    0x00005f24   0x00005f24   0x000000f4   Code   RO          414    i.parse_array       cjson.o
    0x00006018   0x00006018   0x0000005a   Code   RO          415    i.parse_hex4        cjson.o
    0x00006072   0x00006072   0x00000002   PAD
    0x00006074   0x00006074   0x00000138   Code   RO          416    i.parse_number      cjson.o
    0x000061ac   0x000061ac   0x0000013a   Code   RO          417    i.parse_object      cjson.o
    0x000062e6   0x000062e6   0x0000018c   Code   RO          418    i.parse_string      cjson.o
    0x00006472   0x00006472   0x00000002   PAD
    0x00006474   0x00006474   0x0000013c   Code   RO          419    i.parse_value       cjson.o
    0x000065b0   0x000065b0   0x00000024   Code   RO         2462    i.puts              mc_w.l(puts.o)
    0x000065d4   0x000065d4   0x0000006c   Code   RO         2760    i.realloc           mc_w.l(mallocr.o)
    0x00006640   0x00006640   0x00000020   Code   RO           11    i.setSelect0        ad5940main.o
    0x00006660   0x00006660   0x00000020   Code   RO           12    i.setSelect1        ad5940main.o
    0x00006680   0x00006680   0x00000050   Code   RO           13    i.setSelectPins     ad5940main.o
    0x000066d0   0x000066d0   0x0000003c   Code   RO          428    i.skip_utf8_bom     cjson.o
    0x0000670c   0x0000670c   0x0000004c   Code   RO         2448    i.sqrt              m_ws.l(sqrt.o)
    0x00006758   0x00006758   0x0000001c   Code   RO         2456    i.strtod            m_ws.l(strtod.o)
    0x00006774   0x00006774   0x000002fc   Code   RO           14    i.uartPrint         ad5940main.o
    0x00006a70   0x00006a70   0x0000012c   Code   RO          431    i.utf16_literal_to_utf8  cjson.o
    0x00006b9c   0x00006b9c   0x000001fc   Data   RO         1767    .constdata          ad5940.o
    0x00006d98   0x00006d98   0x00000098   Data   RO         2831    .constdata          m_ws.l(atan.o)
    0x00006e30   0x00006e30   0x00000008   Data   RO         2867    .constdata          m_ws.l(qnan.o)
    0x00006e38   0x00006e38   0x00000040   Data   RO         2925    .constdata          mc_w.l(ctype_c.o)
    0x00006e78   0x00006e78   0x00000020   Data   RO         2927    Region$$Table       anon$$obj.o


    Execution Region RW_IRAM1 (Exec base: 0x20000000, Load base: 0x00006e98, Size: 0x000011cc, Max: 0x00002000, ABSOLUTE, UNINIT)

    Exec Addr    Load Addr    Size         Type   Attr      Idx    E Section Name        Object

    0x20000000   0x00006e98   0x00000014   Data   RW          433    .data               cjson.o
    0x20000014   0x00006eac   0x00000004   Data   RW         1154    .data               aducm355port.o
    0x20000018   0x00006eb0   0x00000010   Data   RW         1267    .data               clklib.o
    0x20000028   0x00006ec0   0x00000001   Data   RW         1768    .data               ad5940.o
    0x20000029   0x00006ec1   0x00000003   PAD
    0x2000002c   0x00006ec4   0x00000004   Data   RW         2891    .data               mc_w.l(mvars.o)
    0x20000030        -       0x00001180   Zero   RW           15    .bss                ad5940main.o
    0x200011b0        -       0x0000001c   Zero   RW         1766    .bss                ad5940.o


    Execution Region RW_IRAM2 (Exec base: 0x20002000, Load base: 0x00006ec8, Size: 0x000011c8, Max: 0x00002000, ABSOLUTE, UNINIT, COMPRESSED[0x00000094])

    Exec Addr    Load Addr    Size         Type   Attr      Idx    E Section Name        Object

    0x20002000   COMPRESSED   0x0000008c   Data   RW           16    .data               ad5940main.o
    0x2000208c   COMPRESSED   0x000000e8   Data   RW          232    .data               sqrwavevoltammetry.o
    0x20002174   COMPRESSED   0x00000004   Data   RW          299    .data               temperature.o
    0x20002178   COMPRESSED   0x00000008   Data   RW         1204    .data               retarget.o
    0x20002180   COMPRESSED   0x00000004   Data   RW         2890    .data               mc_w.l(mvars.o)
    0x20002184   COMPRESSED   0x00000004   Data   RW         2895    .data               mc_w.l(errno.o)
    0x20002188        -       0x00000040   Zero   RW          298    .bss                temperature.o
    0x200021c8        -       0x00000c00   Zero   RW         2339    HEAP                startup_aducm355.o
    0x20002dc8        -       0x00000400   Zero   RW         2338    STACK               startup_aducm355.o


==============================================================================

Image component sizes


      Code (inc. data)   RO Data    RW Data    ZI Data      Debug   Object Name

      8276        334        508          1         28      54050   ad5940.o
      2920        550          0        140       4480     133155   ad5940main.o
       220         26          0          4          0       3993   aducm355port.o
      2594         66          0         20          0      15222   cjson.o
       356         48          0         16          0       3013   clklib.o
       148          0          0          0          0       5192   diolib.o
       188         12          0          0          0       1276   intlib.o
       214         12          0          0          0      26648   main.o
        36          4          0          8          0       2642   retarget.o
      2980        140          0        232          0     107545   sqrwavevoltammetry.o
        88         50        324          0       4096       1264   startup_aducm355.o
       102         14          0          0          0       3020   system_aducm355.o
       656         98          0          4         64       3361   temperature.o
       392         18          0          0          0       5751   urtlib.o

    ----------------------------------------------------------------------
     19202       1372        864        428       8668     366132   Object Totals
         0          0         32          0          0          0   (incl. Generated)
        32          0          0          3          0          0   (incl. Padding)

    ----------------------------------------------------------------------

      Code (inc. data)   RO Data    RW Data    ZI Data      Debug   Library Member Name

       544         70        152          0          0        124   atan.o
       412         38          0          0          0        144   atan2.o
        26          6          0          0          0        204   dunder.o
        40          0          0          0          0         68   fpclassify.o
       170          0          0          0          0         96   poly.o
         0          0          8          0          0          0   qnan.o
        76          0          0          0          0         84   sqrt.o
        28          0          0          0          0         80   strtod.o
        86          0          0          0          0          0   __dczerorl2.o
        64          0          0          0          0         84   _sgetc.o
        40          6         64          0          0         68   ctype_c.o
         0          0          0          0          0          0   entry.o
         0          0          0          0          0          0   entry10a.o
         0          0          0          0          0          0   entry11a.o
         4          0          0          0          0          0   entry12b.o
         8          4          0          0          0          0   entry2.o
         4          0          0          0          0          0   entry5.o
         0          0          0          0          0          0   entry7b.o
         0          0          0          0          0          0   entry8b.o
         8          4          0          0          0          0   entry9a.o
        12          6          0          4          0         68   errno.o
        30          0          0          0          0          0   handlers.o
        36          8          0          0          0         68   init.o
        10          0          0          0          0         68   isspace_c.o
         0          0          0          0          0          0   iusefp.o
        30          0          0          0          0         68   llshl.o
        36          0          0          0          0         68   llsshr.o
        32          0          0          0          0         68   llushr.o
       360         30          0          0          0        356   mallocr.o
        36          0          0          0          0         68   memcpya.o
        36          0          0          0          0        108   memseta.o
         0          0          0          8          0          0   mvars.o
      2218         90          0          0          0        464   printfa.o
        36          6          0          0          0         80   puts.o
       878         12          0          0          0        216   scanf_fp.o
        28          0          0          0          0         76   strcmp.o
        14          0          0          0          0         68   strlen.o
        40          0          0          0          0         76   strncat.o
        30          0          0          0          0         80   strncmp.o
       156         12          0          0          0        120   strtod.o
        12          0          0          0          0         68   tolower.o
        44          0          0          0          0         80   uidiv.o
        98          0          0          0          0         92   uldiv.o
        48          0          0          0          0         68   cdcmple.o
        48          0          0          0          0         68   cdrcmple.o
        20          0          0          0          0         68   cfcmple.o
        20          0          0          0          0         68   cfrcmple.o
        56          0          0          0          0         88   d2f.o
       334          0          0          0          0        148   dadd.o
       222          0          0          0          0        100   ddiv.o
       186          0          0          0          0        176   depilogue.o
        62          0          0          0          0         80   dfixi.o
        50          0          0          0          0         76   dfixui.o
        48          0          0          0          0         68   dfixul.o
        34          0          0          0          0         76   dflti.o
        26          0          0          0          0         76   dfltui.o
        24          0          0          0          0         76   dfltul.o
       228          0          0          0          0         96   dmul.o
        46          0          0          0          0         80   dscalb.o
       162          0          0          0          0        100   dsqrt.o
        38          0          0          0          0         68   f2d.o
       176          0          0          0          0        140   fadd.o
       124          0          0          0          0         88   fdiv.o
       110          0          0          0          0        168   fepilogue.o
        50          0          0          0          0         68   ffixi.o
        40          0          0          0          0         68   ffixui.o
        18          0          0          0          0         68   fflti.o
        44          0          0          0          0         92   ffltl.o
        10          0          0          0          0         68   ffltui.o
       100          0          0          0          0         76   fmul.o

    ----------------------------------------------------------------------
      8022        292        224         12          0       5728   Library Totals
        16          0          0          0          0          0   (incl. Padding)

    ----------------------------------------------------------------------

      Code (inc. data)   RO Data    RW Data    ZI Data      Debug   Library Name

      1296        114        160          0          0        800   m_ws.l
      4386        178         64         12          0       2512   mc_w.l
      2324          0          0          0          0       2416   mf_w.l

    ----------------------------------------------------------------------
      8022        292        224         12          0       5728   Library Totals

    ----------------------------------------------------------------------

==============================================================================


      Code (inc. data)   RO Data    RW Data    ZI Data      Debug   

     27224       1664       1088        440       8668     361380   Grand Totals
     27224       1664       1088        196       8668     361380   ELF Image Totals (compressed)
     27224       1664       1088        196          0          0   ROM Totals

==============================================================================

    Total RO  Size (Code + RO Data)                28312 (  27.65kB)
    Total RW  Size (RW Data + ZI Data)              9108 (   8.89kB)
    Total ROM Size (Code + RO Data + RW Data)      28508 (  27.84kB)

==============================================================================

